Component: ARM Compiler 5.06 update 7 (build 960) Tool: armlink [4d3601]

==============================================================================

Section Cross References

    startup_stm32f103xb.o(RESET) refers to startup_stm32f103xb.o(STACK) for __initial_sp
    startup_stm32f103xb.o(RESET) refers to startup_stm32f103xb.o(.text) for Reset_Handler
    startup_stm32f103xb.o(RESET) refers to stm32f1xx_it.o(i.NMI_Handler) for NMI_Handler
    startup_stm32f103xb.o(RESET) refers to stm32f1xx_it.o(i.HardFault_Handler) for HardFault_Handler
    startup_stm32f103xb.o(RESET) refers to stm32f1xx_it.o(i.MemManage_Handler) for MemManage_Handler
    startup_stm32f103xb.o(RESET) refers to stm32f1xx_it.o(i.BusFault_Handler) for BusFault_Handler
    startup_stm32f103xb.o(RESET) refers to stm32f1xx_it.o(i.UsageFault_Handler) for UsageFault_Handler
    startup_stm32f103xb.o(RESET) refers to port.o(.emb_text) for SVC_Handler
    startup_stm32f103xb.o(RESET) refers to stm32f1xx_it.o(i.DebugMon_Handler) for DebugMon_Handler
    startup_stm32f103xb.o(RESET) refers to stm32f1xx_it.o(i.SysTick_Handler) for SysTick_Handler
    startup_stm32f103xb.o(RESET) refers to stm32f1xx_it.o(i.SPI1_IRQHandler) for SPI1_IRQHandler
    startup_stm32f103xb.o(RESET) refers to stm32f1xx_it.o(i.USART1_IRQHandler) for USART1_IRQHandler
    startup_stm32f103xb.o(.text) refers to system_stm32f1xx.o(i.SystemInit) for SystemInit
    startup_stm32f103xb.o(.text) refers to entry.o(.ARM.Collect$$$$00000000) for __main
    main.o(i.SystemClock_Config) refers to memseta.o(.text) for __aeabi_memclr4
    main.o(i.SystemClock_Config) refers to stm32f1xx_hal_rcc.o(i.HAL_RCC_OscConfig) for HAL_RCC_OscConfig
    main.o(i.SystemClock_Config) refers to stm32f1xx_hal_rcc.o(i.HAL_RCC_ClockConfig) for HAL_RCC_ClockConfig
    main.o(i.main) refers to stm32f1xx_hal.o(i.HAL_Init) for HAL_Init
    main.o(i.main) refers to main.o(i.SystemClock_Config) for SystemClock_Config
    main.o(i.main) refers to gpio.o(i.MX_GPIO_Init) for MX_GPIO_Init
    main.o(i.main) refers to spi.o(i.MX_SPI1_Init) for MX_SPI1_Init
    main.o(i.main) refers to usart.o(i.MX_USART1_UART_Init) for MX_USART1_UART_Init
    main.o(i.main) refers to freertos.o(i.MX_FREERTOS_Init) for MX_FREERTOS_Init
    main.o(i.main) refers to cmsis_os.o(i.osKernelStart) for osKernelStart
    gpio.o(i.MX_GPIO_Init) refers to stm32f1xx_hal_gpio.o(i.HAL_GPIO_WritePin) for HAL_GPIO_WritePin
    gpio.o(i.MX_GPIO_Init) refers to stm32f1xx_hal_gpio.o(i.HAL_GPIO_Init) for HAL_GPIO_Init
    freertos.o(i.MX_FREERTOS_Init) refers to memcpya.o(.text) for __aeabi_memcpy4
    freertos.o(i.MX_FREERTOS_Init) refers to cmsis_os.o(i.osThreadCreate) for osThreadCreate
    freertos.o(i.MX_FREERTOS_Init) refers to freertos.o(.constdata) for .constdata
    freertos.o(i.MX_FREERTOS_Init) refers to freertos.o(.data) for .data
    freertos.o(i.StartDefaultTask) refers to cmsis_os.o(i.osDelay) for osDelay
    freertos.o(i.vApplicationGetIdleTaskMemory) refers to freertos.o(.bss) for .bss
    freertos.o(.constdata) refers to freertos.o(.conststring) for .conststring
    freertos.o(.constdata) refers to freertos.o(i.StartDefaultTask) for StartDefaultTask
    freertos.o(.constdata) refers to dw1000.o(i.dw_task) for dw_task
    spi.o(i.HAL_SPI_MspDeInit) refers to stm32f1xx_hal_gpio.o(i.HAL_GPIO_DeInit) for HAL_GPIO_DeInit
    spi.o(i.HAL_SPI_MspDeInit) refers to stm32f1xx_hal_cortex.o(i.HAL_NVIC_DisableIRQ) for HAL_NVIC_DisableIRQ
    spi.o(i.HAL_SPI_MspInit) refers to stm32f1xx_hal_gpio.o(i.HAL_GPIO_Init) for HAL_GPIO_Init
    spi.o(i.HAL_SPI_MspInit) refers to stm32f1xx_hal_cortex.o(i.HAL_NVIC_SetPriority) for HAL_NVIC_SetPriority
    spi.o(i.HAL_SPI_MspInit) refers to stm32f1xx_hal_cortex.o(i.HAL_NVIC_EnableIRQ) for HAL_NVIC_EnableIRQ
    spi.o(i.MX_SPI1_Init) refers to stm32f1xx_hal_spi.o(i.HAL_SPI_Init) for HAL_SPI_Init
    spi.o(i.MX_SPI1_Init) refers to main.o(i.Error_Handler) for Error_Handler
    spi.o(i.MX_SPI1_Init) refers to spi.o(.bss) for .bss
    usart.o(i.HAL_UART_MspDeInit) refers to stm32f1xx_hal_gpio.o(i.HAL_GPIO_DeInit) for HAL_GPIO_DeInit
    usart.o(i.HAL_UART_MspDeInit) refers to stm32f1xx_hal_cortex.o(i.HAL_NVIC_DisableIRQ) for HAL_NVIC_DisableIRQ
    usart.o(i.HAL_UART_MspInit) refers to stm32f1xx_hal_gpio.o(i.HAL_GPIO_Init) for HAL_GPIO_Init
    usart.o(i.HAL_UART_MspInit) refers to stm32f1xx_hal_cortex.o(i.HAL_NVIC_SetPriority) for HAL_NVIC_SetPriority
    usart.o(i.HAL_UART_MspInit) refers to stm32f1xx_hal_cortex.o(i.HAL_NVIC_EnableIRQ) for HAL_NVIC_EnableIRQ
    usart.o(i.MX_USART1_UART_Init) refers to stm32f1xx_hal_uart.o(i.HAL_UART_Init) for HAL_UART_Init
    usart.o(i.MX_USART1_UART_Init) refers to main.o(i.Error_Handler) for Error_Handler
    usart.o(i.MX_USART1_UART_Init) refers to usart.o(.bss) for .bss
    stm32f1xx_it.o(i.SPI1_IRQHandler) refers to stm32f1xx_hal_spi.o(i.HAL_SPI_IRQHandler) for HAL_SPI_IRQHandler
    stm32f1xx_it.o(i.SPI1_IRQHandler) refers to spi.o(.bss) for hspi1
[...]
    ..\Src\stm32f1xx_it.c                    0x00000000   Number         0  stm32f1xx_it.o ABSOLUTE
    ..\Src\system_stm32f1xx.c                0x00000000   Number         0  system_stm32f1xx.o ABSOLUTE
    ..\Src\usart.c                           0x00000000   Number         0  usart.o ABSOLUTE
    ..\\Application\\dw1000.c                0x00000000   Number         0  dw1000.o ABSOLUTE
    ..\\Hardware\\DW1000\\decadriver\\deca_device.c 0x00000000   Number         0  deca_device.o ABSOLUTE
    ..\\Hardware\\DW1000\\platform\\deca_mutex.c 0x00000000   Number         0  deca_mutex.o ABSOLUTE
    ..\\Hardware\\DW1000\\platform\\deca_sleep.c 0x00000000   Number         0  deca_sleep.o ABSOLUTE
    ..\\Hardware\\DW1000\\platform\\deca_spi.c 0x00000000   Number         0  deca_spi.o ABSOLUTE
    C:/Users/32541/STM32Cube/Repository/STM32Cube_FW_F1_V1.8.4/Drivers/STM32F1xx_HAL_Driver/Src/stm32f1xx_hal.c 0x00000000   Number         0  stm32f1xx_hal.o ABSOLUTE
    C:/Users/32541/STM32Cube/Repository/STM32Cube_FW_F1_V1.8.4/Drivers/STM32F1xx_HAL_Driver/Src/stm32f1xx_hal_cortex.c 0x00000000   Number         0  stm32f1xx_hal_cortex.o ABSOLUTE
    C:/Users/32541/STM32Cube/Repository/STM32Cube_FW_F1_V1.8.4/Drivers/STM32F1xx_HAL_Driver/Src/stm32f1xx_hal_dma.c 0x00000000   Number         0  stm32f1xx_hal_dma.o ABSOLUTE
    C:/Users/32541/STM32Cube/Repository/STM32Cube_FW_F1_V1.8.4/Drivers/STM32F1xx_HAL_Driver/Src/stm32f1xx_hal_exti.c 0x00000000   Number         0  stm32f1xx_hal_exti.o ABSOLUTE
    C:/Users/32541/STM32Cube/Repository/STM32Cube_FW_F1_V1.8.4/Drivers/STM32F1xx_HAL_Driver/Src/stm32f1xx_hal_flash.c 0x00000000   Number         0  stm32f1xx_hal_flash.o ABSOLUTE
    C:/Users/32541/STM32Cube/Repository/STM32Cube_FW_F1_V1.8.4/Drivers/STM32F1xx_HAL_Driver/Src/stm32f1xx_hal_flash_ex.c 0x00000000   Number         0  stm32f1xx_hal_flash_ex.o ABSOLUTE
    C:/Users/32541/STM32Cube/Repository/STM32Cube_FW_F1_V1.8.4/Drivers/STM32F1xx_HAL_Driver/Src/stm32f1xx_hal_gpio.c 0x00000000   Number         0  stm32f1xx_hal_gpio.o ABSOLUTE
    C:/Users/32541/STM32Cube/Repository/STM32Cube_FW_F1_V1.8.4/Drivers/STM32F1xx_HAL_Driver/Src/stm32f1xx_hal_gpio_ex.c 0x00000000   Number         0  stm32f1xx_hal_gpio_ex.o ABSOLUTE
    C:/Users/32541/STM32Cube/Repository/STM32Cube_FW_F1_V1.8.4/Drivers/STM32F1xx_HAL_Driver/Src/stm32f1xx_hal_pwr.c 0x00000000   Number         0  stm32f1xx_hal_pwr.o ABSOLUTE
    C:/Users/32541/STM32Cube/Repository/STM32Cube_FW_F1_V1.8.4/Drivers/STM32F1xx_HAL_Driver/Src/stm32f1xx_hal_rcc.c 0x00000000   Number         0  stm32f1xx_hal_rcc.o ABSOLUTE
    C:/Users/32541/STM32Cube/Repository/STM32Cube_FW_F1_V1.8.4/Drivers/STM32F1xx_HAL_Driver/Src/stm32f1xx_hal_rcc_ex.c 0x00000000   Number         0  stm32f1xx_hal_rcc_ex.o ABSOLUTE
    C:/Users/32541/STM32Cube/Repository/STM32Cube_FW_F1_V1.8.4/Drivers/STM32F1xx_HAL_Driver/Src/stm32f1xx_hal_spi.c 0x00000000   Number         0  stm32f1xx_hal_spi.o ABSOLUTE
    C:/Users/32541/STM32Cube/Repository/STM32Cube_FW_F1_V1.8.4/Drivers/STM32F1xx_HAL_Driver/Src/stm32f1xx_hal_tim.c 0x00000000   Number         0  stm32f1xx_hal_tim.o ABSOLUTE
    C:/Users/32541/STM32Cube/Repository/STM32Cube_FW_F1_V1.8.4/Drivers/STM32F1xx_HAL_Driver/Src/stm32f1xx_hal_tim_ex.c 0x00000000   Number         0  stm32f1xx_hal_tim_ex.o ABSOLUTE
    C:/Users/32541/STM32Cube/Repository/STM32Cube_FW_F1_V1.8.4/Drivers/STM32F1xx_HAL_Driver/Src/stm32f1xx_hal_uart.c 0x00000000   Number         0  stm32f1xx_hal_uart.o ABSOLUTE
    C:/Users/32541/STM32Cube/Repository/STM32Cube_FW_F1_V1.8.4/Middlewares/Third_Party/FreeRTOS/Source/CMSIS_RTOS/cmsis_os.c 0x00000000   Number         0  cmsis_os.o ABSOLUTE
    C:/Users/32541/STM32Cube/Repository/STM32Cube_FW_F1_V1.8.4/Middlewares/Third_Party/FreeRTOS/Source/croutine.c 0x00000000   Number         0  croutine.o ABSOLUTE
    C:/Users/32541/STM32Cube/Repository/STM32Cube_FW_F1_V1.8.4/Middlewares/Third_Party/FreeRTOS/Source/event_groups.c 0x00000000   Number         0  event_groups.o ABSOLUTE
    C:/Users/32541/STM32Cube/Repository/STM32Cube_FW_F1_V1.8.4/Middlewares/Third_Party/FreeRTOS/Source/list.c 0x00000000   Number         0  list.o ABSOLUTE
    C:/Users/32541/STM32Cube/Repository/STM32Cube_FW_F1_V1.8.4/Middlewares/Third_Party/FreeRTOS/Source/portable/MemMang/heap_4.c 0x00000000   Number         0  heap_4.o ABSOLUTE
    C:/Users/32541/STM32Cube/Repository/STM32Cube_FW_F1_V1.8.4/Middlewares/Third_Party/FreeRTOS/Source/portable/RVDS/ARM_CM3/port.c 0x00000000   Number         0  port.o ABSOLUTE
    C:/Users/32541/STM32Cube/Repository/STM32Cube_FW_F1_V1.8.4/Middlewares/Third_Party/FreeRTOS/Source/queue.c 0x00000000   Number         0  queue.o ABSOLUTE
    C:/Users/32541/STM32Cube/Repository/STM32Cube_FW_F1_V1.8.4/Middlewares/Third_Party/FreeRTOS/Source/stream_buffer.c 0x00000000   Number         0  stream_buffer.o ABSOLUTE
    C:/Users/32541/STM32Cube/Repository/STM32Cube_FW_F1_V1.8.4/Middlewares/Third_Party/FreeRTOS/Source/tasks.c 0x00000000   Number         0  tasks.o ABSOLUTE
    C:/Users/32541/STM32Cube/Repository/STM32Cube_FW_F1_V1.8.4/Middlewares/Third_Party/FreeRTOS/Source/timers.c 0x00000000   Number         0  timers.o ABSOLUTE
    C:\Users\32541\STM32Cube\Repository\STM32Cube_FW_F1_V1.8.4\Drivers\STM32F1xx_HAL_Driver\Src\stm32f1xx_hal.c 0x00000000   Number         0  stm32f1xx_hal.o ABSOLUTE
    C:\Users\32541\STM32Cube\Repository\STM32Cube_FW_F1_V1.8.4\Drivers\STM32F1xx_HAL_Driver\Src\stm32f1xx_hal_cortex.c 0x00000000   Number         0  stm32f1xx_hal_cortex.o ABSOLUTE
    C:\Users\32541\STM32Cube\Repository\STM32Cube_FW_F1_V1.8.4\Drivers\STM32F1xx_HAL_Driver\Src\stm32f1xx_hal_dma.c 0x00000000   Number         0  stm32f1xx_hal_dma.o ABSOLUTE
    C:\Users\32541\STM32Cube\Repository\STM32Cube_FW_F1_V1.8.4\Drivers\STM32F1xx_HAL_Driver\Src\stm32f1xx_hal_exti.c 0x00000000   Number         0  stm32f1xx_hal_exti.o ABSOLUTE
    C:\Users\32541\STM32Cube\Repository\STM32Cube_FW_F1_V1.8.4\Drivers\STM32F1xx_HAL_Driver\Src\stm32f1xx_hal_flash.c 0x00000000   Number         0  stm32f1xx_hal_flash.o ABSOLUTE
    C:\Users\32541\STM32Cube\Repository\STM32Cube_FW_F1_V1.8.4\Drivers\STM32F1xx_HAL_Driver\Src\stm32f1xx_hal_flash_ex.c 0x00000000   Number         0  stm32f1xx_hal_flash_ex.o ABSOLUTE
    C:\Users\32541\STM32Cube\Repository\STM32Cube_FW_F1_V1.8.4\Drivers\STM32F1xx_HAL_Driver\Src\stm32f1xx_hal_gpio.c 0x00000000   Number         0  stm32f1xx_hal_gpio.o ABSOLUTE
    C:\Users\32541\STM32Cube\Repository\STM32Cube_FW_F1_V1.8.4\Drivers\STM32F1xx_HAL_Driver\Src\stm32f1xx_hal_gpio_ex.c 0x00000000   Number         0  stm32f1xx_hal_gpio_ex.o ABSOLUTE
    C:\Users\32541\STM32Cube\Repository\STM32Cube_FW_F1_V1.8.4\Drivers\STM32F1xx_HAL_Driver\Src\stm32f1xx_hal_pwr.c 0x00000000   Number         0  stm32f1xx_hal_pwr.o ABSOLUTE
    C:\Users\32541\STM32Cube\Repository\STM32Cube_FW_F1_V1.8.4\Drivers\STM32F1xx_HAL_Driver\Src\stm32f1xx_hal_rcc.c 0x00000000   Number         0  stm32f1xx_hal_rcc.o ABSOLUTE
    C:\Users\32541\STM32Cube\Repository\STM32Cube_FW_F1_V1.8.4\Drivers\STM32F1xx_HAL_Driver\Src\stm32f1xx_hal_rcc_ex.c 0x00000000   Number         0  stm32f1xx_hal_rcc_ex.o ABSOLUTE
    C:\Users\32541\STM32Cube\Repository\STM32Cube_FW_F1_V1.8.4\Drivers\STM32F1xx_HAL_Driver\Src\stm32f1xx_hal_spi.c 0x00000000   Number         0  stm32f1xx_hal_spi.o ABSOLUTE
    C:\Users\32541\STM32Cube\Repository\STM32Cube_FW_F1_V1.8.4\Drivers\STM32F1xx_HAL_Driver\Src\stm32f1xx_hal_tim.c 0x00000000   Number         0  stm32f1xx_hal_tim.o ABSOLUTE
    C:\Users\32541\STM32Cube\Repository\STM32Cube_FW_F1_V1.8.4\Drivers\STM32F1xx_HAL_Driver\Src\stm32f1xx_hal_tim_ex.c 0x00000000   Number         0  stm32f1xx_hal_tim_ex.o ABSOLUTE
    C:\Users\32541\STM32Cube\Repository\STM32Cube_FW_F1_V1.8.4\Drivers\STM32F1xx_HAL_Driver\Src\stm32f1xx_hal_uart.c 0x00000000   Number         0  stm32f1xx_hal_uart.o ABSOLUTE
    C:\Users\32541\STM32Cube\Repository\STM32Cube_FW_F1_V1.8.4\Middlewares\Third_Party\FreeRTOS\Source\CMSIS_RTOS\cmsis_os.c 0x00000000   Number         0  cmsis_os.o ABSOLUTE
    C:\Users\32541\STM32Cube\Repository\STM32Cube_FW_F1_V1.8.4\Middlewares\Third_Party\FreeRTOS\Source\portable\RVDS\ARM_CM3\port.c 0x00000000   Number         0  port.o ABSOLUTE
    D:\Application\Keil\Pack\Keil\ARM_Compiler\1.6.3\Source\EventRecorder.c 0x00000000   Number         0  eventrecorder.o ABSOLUTE
    D:\Application\Keil\Pack\Keil\ARM_Compiler\1.6.3\Source\retarget_io.c 0x00000000   Number         0  retarget_io.o ABSOLUTE
    D:\\Application\\Keil\\Pack\\Keil\\ARM_Compiler\\1.6.3\\Source\\EventRecorder.c 0x00000000   Number         0  eventrecorder.o ABSOLUTE
    dc.s                                     0x00000000   Number         0  dc.o ABSOLUTE
    handlers.s                               0x00000000   Number         0  handlers.o ABSOLUTE
    init.s                                   0x00000000   Number         0  init.o ABSOLUTE
    startup_stm32f103xb.s                    0x00000000   Number         0  startup_stm32f103xb.o ABSOLUTE
    RESET                                    0x08000000   Section      236  startup_stm32f103xb.o(RESET)
    .ARM.Collect$$$$00000000                 0x080000ec   Section        0  entry.o(.ARM.Collect$$$$00000000)
    .ARM.Collect$$$$00000001                 0x080000ec   Section        4  entry2.o(.ARM.Collect$$$$00000001)
    .ARM.Collect$$$$00000004                 0x080000f0   Section        4  entry5.o(.ARM.Collect$$$$00000004)
    .ARM.Collect$$$$00000008                 0x080000f4   Section        0  entry7b.o(.ARM.Collect$$$$00000008)
    .ARM.Collect$$$$0000000A                 0x080000f4   Section        0  entry8b.o(.ARM.Collect$$$$0000000A)
    .ARM.Collect$$$$0000000B                 0x080000f4   Section        8  entry9a.o(.ARM.Collect$$$$0000000B)
    .ARM.Collect$$$$0000000E                 0x080000fc   Section        4  entry12b.o(.ARM.Collect$$$$0000000E)
    .ARM.Collect$$$$0000000F                 0x08000100   Section        0  entry10a.o(.ARM.Collect$$$$0000000F)
    .ARM.Collect$$$$00000011                 0x08000100   Section        0  entry11a.o(.ARM.Collect$$$$00000011)
    .ARM.Collect$$$$00002712                 0x08000100   Section        4  entry2.o(.ARM.Collect$$$$00002712)
    __lit__00000000                          0x08000100   Data           4  entry2.o(.ARM.Collect$$$$00002712)
    .emb_text                                0x08000104   Section      150  port.o(.emb_text)
    .text                                    0x0800019c   Section       36  startup_stm32f103xb.o(.text)
    .text                                    0x080001c0   Section        0  llushr.o(.text)
    .text                                    0x080001e0   Section        0  memcpya.o(.text)
    .text                                    0x08000204   Section        0  memseta.o(.text)
    .text                                    0x08000228   Section        0  memcmp.o(.text)
    .text                                    0x08000242   Section        0  dadd.o(.text)
    .text                                    0x08000390   Section        0  dmul.o(.text)
    .text                                    0x08000474   Section        0  ddiv.o(.text)
    .text                                    0x08000552   Section        0  dscalb.o(.text)
    .text                                    0x08000580   Section        0  fflti.o(.text)
    .text                                    0x08000592   Section        0  dflti.o(.text)
    .text                                    0x080005b4   Section        0  dfltui.o(.text)
    .text                                    0x080005ce   Section        0  dfixi.o(.text)
    .text                                    0x0800060c   Section        0  f2d.o(.text)
    .text                                    0x08000632   Section        0  d2f.o(.text)
    .text                                    0x0800066a   Section        0  llshl.o(.text)
    .text                                    0x08000688   Section        0  llsshr.o(.text)
    .text                                    0x080006ac   Section        0  iusefp.o(.text)
    .text                                    0x080006ac   Section        0  fepilogue.o(.text)
    .text                                    0x0800071a   Section        0  depilogue.o(.text)
    .text                                    0x080007d4   Section       36  init.o(.text)
    i.BusFault_Handler                       0x080007f8   Section        0  stm32f1xx_it.o(i.BusFault_Handler)
    i.DebugMon_Handler                       0x080007fa   Section        0  stm32f1xx_it.o(i.DebugMon_Handler)
    i.Error_Handler                          0x080007fc   Section        0  main.o(i.Error_Handler)
    i.HAL_DMA_Abort                          0x08000800   Section        0  stm32f1xx_hal_dma.o(i.HAL_DMA_Abort)
    i.HAL_DMA_Abort_IT                       0x08000848   Section        0  stm32f1xx_hal_dma.o(i.HAL_DMA_Abort_IT)
    i.HAL_GPIO_Init                          0x080008e0   Section        0  stm32f1xx_hal_gpio.o(i.HAL_GPIO_Init)
    i.HAL_GPIO_WritePin                      0x08000ac0   Section        0  stm32f1xx_hal_gpio.o(i.HAL_GPIO_WritePin)
    i.HAL_GetTick                            0x08000acc   Section        0  stm32f1xx_hal.o(i.HAL_GetTick)
    i.HAL_IncTick                            0x08000ad8   Section        0  stm32f1xx_hal.o(i.HAL_IncTick)
    i.HAL_Init                               0x08000ae8   Section        0  stm32f1xx_hal.o(i.HAL_Init)
    i.HAL_InitTick                           0x08000b0c   Section        0  stm32f1xx_hal.o(i.HAL_InitTick)
    i.HAL_MspInit                            0x08000b4c   Section        0  stm32f1xx_hal_msp.o(i.HAL_MspInit)
    i.HAL_NVIC_DisableIRQ                    0x08000b94   Section        0  stm32f1xx_hal_cortex.o(i.HAL_NVIC_DisableIRQ)
    i.HAL_NVIC_EnableIRQ                     0x08000bb6   Section        0  stm32f1xx_hal_cortex.o(i.HAL_NVIC_EnableIRQ)
    i.HAL_NVIC_SetPriority                   0x08000bd0   Section        0  stm32f1xx_hal_cortex.o(i.HAL_NVIC_SetPriority)
    i.HAL_NVIC_SetPriorityGrouping           0x08000c10   Section        0  stm32f1xx_hal_cortex.o(i.HAL_NVIC_SetPriorityGrouping)
    i.HAL_RCC_ClockConfig                    0x08000c34   Section        0  stm32f1xx_hal_rcc.o(i.HAL_RCC_ClockConfig)
    i.HAL_RCC_GetPCLK1Freq                   0x08000d60   Section        0  stm32f1xx_hal_rcc.o(i.HAL_RCC_GetPCLK1Freq)
    i.HAL_RCC_GetPCLK2Freq                   0x08000d80   Section        0  stm32f1xx_hal_rcc.o(i.HAL_RCC_GetPCLK2Freq)
    i.HAL_RCC_GetSysClockFreq                0x08000da0   Section        0  stm32f1xx_hal_rcc.o(i.HAL_RCC_GetSysClockFreq)
    i.HAL_RCC_OscConfig                      0x08000e14   Section        0  stm32f1xx_hal_rcc.o(i.HAL_RCC_OscConfig)
    i.HAL_SPI_ErrorCallback                  0x08001134   Section        0  stm32f1xx_hal_spi.o(i.HAL_SPI_ErrorCallback)
    i.HAL_SPI_IRQHandler                     0x08001138   Section        0  stm32f1xx_hal_spi.o(i.HAL_SPI_IRQHandler)
    i.HAL_SPI_Init                           0x08001218   Section        0  stm32f1xx_hal_spi.o(i.HAL_SPI_Init)
    i.HAL_SPI_MspInit                        0x080012cc   Section        0  spi.o(i.HAL_SPI_MspInit)
    i.HAL_SPI_Receive                        0x0800134c   Section        0  stm32f1xx_hal_spi.o(i.HAL_SPI_Receive)
    i.HAL_SPI_Transmit                       0x080014a6   Section        0  stm32f1xx_hal_spi.o(i.HAL_SPI_Transmit)
    i.HAL_SPI_TransmitReceive                0x0800160c   Section        0  stm32f1xx_hal_spi.o(i.HAL_SPI_TransmitReceive)
    i.HAL_SYSTICK_Config                     0x080017ee   Section        0  stm32f1xx_hal_cortex.o(i.HAL_SYSTICK_Config)
    i.HAL_UARTEx_RxEventCallback             0x08001816   Section        0  stm32f1xx_hal_uart.o(i.HAL_UARTEx_RxEventCallback)
    i.HAL_UART_ErrorCallback                 0x08001818   Section        0  stm32f1xx_hal_uart.o(i.HAL_UART_ErrorCallback)
    i.HAL_UART_IRQHandler                    0x0800181c   Section        0  stm32f1xx_hal_uart.o(i.HAL_UART_IRQHandler)
    i.HAL_UART_Init                          0x08001a28   Section        0  stm32f1xx_hal_uart.o(i.HAL_UART_Init)
    i.HAL_UART_MspInit                       0x08001a8c   Section        0  usart.o(i.HAL_UART_MspInit)
    i.HAL_UART_RxCpltCallback                0x08001b0c   Section        0  stm32f1xx_hal_uart.o(i.HAL_UART_RxCpltCallback)
    i.HAL_UART_TxCpltCallback                0x08001b0e   Section        0  stm32f1xx_hal_uart.o(i.HAL_UART_TxCpltCallback)
    i.HardFault_Handler                      0x08001b10   Section        0  stm32f1xx_it.o(i.HardFault_Handler)
    i.MX_FREERTOS_Init                       0x08001b14   Section        0  freertos.o(i.MX_FREERTOS_Init)
    i.MX_GPIO_Init                           0x08001b50   Section        0  gpio.o(i.MX_GPIO_Init)
    i.MX_SPI1_Init                           0x08001bf8   Section        0  spi.o(i.MX_SPI1_Init)
    i.MX_USART1_UART_Init                    0x08001c40   Section        0  usart.o(i.MX_USART1_UART_Init)
    i.MemManage_Handler                      0x08001c78   Section        0  stm32f1xx_it.o(i.MemManage_Handler)
    i.NMI_Handler                            0x08001c7a   Section        0  stm32f1xx_it.o(i.NMI_Handler)
    i.SPI1_IRQHandler                        0x08001c7c   Section        0  stm32f1xx_it.o(i.SPI1_IRQHandler)
    i.SPI_ChangeRate                         0x08001c88   Section        0  dw1000.o(i.SPI_ChangeRate)
    SPI_ChangeRate                           0x08001c89   Thumb Code    14  dw1000.o(i.SPI_ChangeRate)
    i.SPI_DMAAbortOnError                    0x08001c96   Section        0  stm32f1xx_hal_spi.o(i.SPI_DMAAbortOnError)
    SPI_DMAAbortOnError                      0x08001c97   Thumb Code    16  stm32f1xx_hal_spi.o(i.SPI_DMAAbortOnError)
    i.SPI_EndRxTransaction                   0x08001ca6   Section        0  stm32f1xx_hal_spi.o(i.SPI_EndRxTransaction)
    SPI_EndRxTransaction                     0x08001ca7   Thumb Code    92  stm32f1xx_hal_spi.o(i.SPI_EndRxTransaction)
    i.SPI_EndRxTxTransaction                 0x08001d02   Section        0  stm32f1xx_hal_spi.o(i.SPI_EndRxTxTransaction)
    SPI_EndRxTxTransaction                   0x08001d03   Thumb Code    32  stm32f1xx_hal_spi.o(i.SPI_EndRxTxTransaction)
    i.SPI_WaitFlagStateUntilTimeout          0x08001d24   Section        0  stm32f1xx_hal_spi.o(i.SPI_WaitFlagStateUntilTimeout)
    SPI_WaitFlagStateUntilTimeout            0x08001d25   Thumb Code   180  stm32f1xx_hal_spi.o(i.SPI_WaitFlagStateUntilTimeout)
    i.StartDefaultTask                       0x08001ddc   Section        0  freertos.o(i.StartDefaultTask)
    i.SysTick_Handler                        0x08001de4   Section        0  stm32f1xx_it.o(i.SysTick_Handler)
    i.SystemClock_Config                     0x08001dfc   Section        0  main.o(i.SystemClock_Config)
    i.SystemInit                             0x08001e5c   Section        0  system_stm32f1xx.o(i.SystemInit)
    i.UART_DMAAbortOnError                   0x08001e5e   Section        0  stm32f1xx_hal_uart.o(i.UART_DMAAbortOnError)
    UART_DMAAbortOnError                     0x08001e5f   Thumb Code    16  stm32f1xx_hal_uart.o(i.UART_DMAAbortOnError)
    i.UART_EndRxTransfer                     0x08001e6e   Section        0  stm32f1xx_hal_uart.o(i.UART_EndRxTransfer)
    UART_EndRxTransfer                       0x08001e6f   Thumb Code    48  stm32f1xx_hal_uart.o(i.UART_EndRxTransfer)
    i.UART_Receive_IT                        0x08001e9e   Section        0  stm32f1xx_hal_uart.o(i.UART_Receive_IT)
    UART_Receive_IT                          0x08001e9f   Thumb Code   182  stm32f1xx_hal_uart.o(i.UART_Receive_IT)
    i.UART_SetConfig                         0x08001f54   Section        0  stm32f1xx_hal_uart.o(i.UART_SetConfig)
    UART_SetConfig                           0x08001f55   Thumb Code   178  stm32f1xx_hal_uart.o(i.UART_SetConfig)
    i.USART1_IRQHandler                      0x0800200c   Section        0  stm32f1xx_it.o(i.USART1_IRQHandler)
    i.UsageFault_Handler                     0x08002018   Section        0  stm32f1xx_it.o(i.UsageFault_Handler)
    i.__NVIC_SetPriority                     0x0800201a   Section        0  stm32f1xx_hal_cortex.o(i.__NVIC_SetPriority)
    __NVIC_SetPriority                       0x0800201b   Thumb Code    32  stm32f1xx_hal_cortex.o(i.__NVIC_SetPriority)
    i.__scatterload_copy                     0x0800203a   Section       14  handlers.o(i.__scatterload_copy)
    i.__scatterload_null                     0x08002048   Section        2  handlers.o(i.__scatterload_null)
    i.__scatterload_zeroinit                 0x0800204a   Section       14  handlers.o(i.__scatterload_zeroinit)
    i._dwt_configlde                         0x08002058   Section        0  deca_device.o(i._dwt_configlde)
    i._dwt_enableclocks                      0x08002088   Section        0  deca_device.o(i._dwt_enableclocks)
    i._dwt_loaducodefromrom                  0x0800214a   Section        0  deca_device.o(i._dwt_loaducodefromrom)
    i._dwt_otpread                           0x0800217e   Section        0  deca_device.o(i._dwt_otpread)
    i.deca_sleep                             0x080021c4   Section        0  deca_sleep.o(i.deca_sleep)
    i.decamutexoff                           0x080021c8   Section        0  deca_mutex.o(i.decamutexoff)
    i.decamutexon                            0x080021d4   Section        0  deca_mutex.o(i.decamutexon)
    i.dw_task                                0x080021f0   Section        0  dw1000.o(i.dw_task)
    i.dwt_configure                          0x08002518   Section        0  deca_device.o(i.dwt_configure)
    i.dwt_entersleepaftertx                  0x08002730   Section        0  deca_device.o(i.dwt_entersleepaftertx)
    i.dwt_forcetrxoff                        0x08002754   Section        0  deca_device.o(i.dwt_forcetrxoff)
    i.dwt_getrangebias                       0x080027b4   Section        0  deca_range_tables.o(i.dwt_getrangebias)
    i.dwt_initialise                         0x0800288c   Section        0  deca_device.o(i.dwt_initialise)
    i.dwt_read16bitoffsetreg                 0x08002964   Section        0  deca_device.o(i.dwt_read16bitoffsetreg)
    i.dwt_read32bitoffsetreg                 0x0800298a   Section        0  deca_device.o(i.dwt_read32bitoffsetreg)
    i.dwt_readdevid                          0x080029b0   Section        0  deca_device.o(i.dwt_readdevid)
    i.dwt_readfromdevice                     0x080029b8   Section        0  deca_device.o(i.dwt_readfromdevice)
    i.dwt_readrxdata                         0x080029f2   Section        0  deca_device.o(i.dwt_readrxdata)
    i.dwt_readrxtimestamp                    0x08002a04   Section        0  deca_device.o(i.dwt_readrxtimestamp)
    i.dwt_readtxtimestamp                    0x08002a10   Section        0  deca_device.o(i.dwt_readtxtimestamp)
    i.dwt_rxenable                           0x08002a1c   Section        0  deca_device.o(i.dwt_rxenable)
    i.dwt_setleds                            0x08002a6c   Section        0  deca_device.o(i.dwt_setleds)
    i.dwt_setrxaftertxdelay                  0x08002b24   Section        0  deca_device.o(i.dwt_setrxaftertxdelay)
    i.dwt_setrxantennadelay                  0x08002b46   Section        0  deca_device.o(i.dwt_setrxantennadelay)
    i.dwt_setrxtimeout                       0x08002b54   Section        0  deca_device.o(i.dwt_setrxtimeout)
    i.dwt_settxantennadelay                  0x08002bac   Section        0  deca_device.o(i.dwt_settxantennadelay)
    i.dwt_starttx                            0x08002bb8   Section        0  deca_device.o(i.dwt_starttx)
    i.dwt_syncrxbufptrs                      0x08002c4c   Section        0  deca_device.o(i.dwt_syncrxbufptrs)
    i.dwt_write16bitoffsetreg                0x08002c80   Section        0  deca_device.o(i.dwt_write16bitoffsetreg)
    i.dwt_write32bitoffsetreg                0x08002c9a   Section        0  deca_device.o(i.dwt_write32bitoffsetreg)
    i.dwt_writetodevice                      0x08002cb8   Section        0  deca_device.o(i.dwt_writetodevice)
    i.dwt_writetxdata                        0x08002cf6   Section        0  deca_device.o(i.dwt_writetxdata)
    i.dwt_writetxfctrl                       0x08002d18   Section        0  deca_device.o(i.dwt_writetxfctrl)
    i.dwt_xtaltrim                           0x08002d34   Section        0  deca_device.o(i.dwt_xtaltrim)
    i.final_msg_get_ts                       0x08002d64   Section        0  dw1000.o(i.final_msg_get_ts)
    final_msg_get_ts                         0x08002d65   Thumb Code    26  dw1000.o(i.final_msg_get_ts)
    i.get_rx_timestamp_u64                   0x08002d7e   Section        0  dw1000.o(i.get_rx_timestamp_u64)
    get_rx_timestamp_u64                     0x08002d7f   Thumb Code    28  dw1000.o(i.get_rx_timestamp_u64)
    i.main                                   0x08002d9a   Section        0  main.o(i.main)
    i.makeFreeRtosPriority                   0x08002db8   Section        0  cmsis_os.o(i.makeFreeRtosPriority)
    makeFreeRtosPriority                     0x08002db9   Thumb Code    12  cmsis_os.o(i.makeFreeRtosPriority)
    i.osDelay                                0x08002dc4   Section        0  cmsis_os.o(i.osDelay)
    i.osKernelStart                          0x08002dd2   Section        0  cmsis_os.o(i.osKernelStart)
    i.osThreadCreate                         0x08002ddc   Section        0  cmsis_os.o(i.osThreadCreate)
    i.prvAddCurrentTaskToDelayedList         0x08002e30   Section        0  tasks.o(i.prvAddCurrentTaskToDelayedList)
    prvAddCurrentTaskToDelayedList           0x08002e31   Thumb Code   102  tasks.o(i.prvAddCurrentTaskToDelayedList)
    i.prvAddNewTaskToReadyList               0x08002ea0   Section        0  tasks.o(i.prvAddNewTaskToReadyList)
    prvAddNewTaskToReadyList                 0x08002ea1   Thumb Code   194  tasks.o(i.prvAddNewTaskToReadyList)
    i.prvDeleteTCB                           0x08002f70   Section        0  tasks.o(i.prvDeleteTCB)
    prvDeleteTCB                             0x08002f71   Thumb Code    52  tasks.o(i.prvDeleteTCB)
    i.prvHeapInit                            0x08002fa4   Section        0  heap_4.o(i.prvHeapInit)
    prvHeapInit                              0x08002fa5   Thumb Code    66  heap_4.o(i.prvHeapInit)
    i.prvIdleTask                            0x08002ff0   Section        0  tasks.o(i.prvIdleTask)
    prvIdleTask                              0x08002ff1   Thumb Code    82  tasks.o(i.prvIdleTask)
    i.prvInitialiseNewTask                   0x08003050   Section        0  tasks.o(i.prvInitialiseNewTask)
    prvInitialiseNewTask                     0x08003051   Thumb Code   142  tasks.o(i.prvInitialiseNewTask)
    i.prvInsertBlockIntoFreeList             0x080030e0   Section        0  heap_4.o(i.prvInsertBlockIntoFreeList)
    prvInsertBlockIntoFreeList               0x080030e1   Thumb Code    72  heap_4.o(i.prvInsertBlockIntoFreeList)
    i.prvResetNextTaskUnblockTime            0x0800312c   Section        0  tasks.o(i.prvResetNextTaskUnblockTime)
    prvResetNextTaskUnblockTime              0x0800312d   Thumb Code    26  tasks.o(i.prvResetNextTaskUnblockTime)
    i.prvTaskExitError                       0x0800314c   Section        0  port.o(i.prvTaskExitError)
    prvTaskExitError                         0x0800314d   Thumb Code    36  port.o(i.prvTaskExitError)
    i.pvPortMalloc                           0x08003174   Section        0  heap_4.o(i.pvPortMalloc)
    i.pxPortInitialiseStack                  0x0800324c   Section        0  port.o(i.pxPortInitialiseStack)
    i.readfromspi                            0x08003270   Section        0  deca_spi.o(i.readfromspi)
    i.uxListRemove                           0x080032d4   Section        0  list.o(i.uxListRemove)
    i.vApplicationGetIdleTaskMemory          0x080032fc   Section        0  freertos.o(i.vApplicationGetIdleTaskMemory)
    i.vListInitialise                        0x08003310   Section        0  list.o(i.vListInitialise)
    i.vListInitialiseItem                    0x08003326   Section        0  list.o(i.vListInitialiseItem)
    i.vListInsert                            0x0800332c   Section        0  list.o(i.vListInsert)
    i.vListInsertEnd                         0x0800335c   Section        0  list.o(i.vListInsertEnd)
    i.vPortEnterCritical                     0x08003374   Section        0  port.o(i.vPortEnterCritical)
    i.vPortExitCritical                      0x080033b4   Section        0  port.o(i.vPortExitCritical)
    i.vPortFree                              0x080033dc   Section        0  heap_4.o(i.vPortFree)
    i.vPortSetupTimerInterrupt               0x08003438   Section        0  port.o(i.vPortSetupTimerInterrupt)
    i.vTaskDelay                             0x0800345c   Section        0  tasks.o(i.vTaskDelay)
    i.vTaskStartScheduler                    0x080034a8   Section        0  tasks.o(i.vTaskStartScheduler)
    i.vTaskSuspendAll                        0x08003514   Section        0  tasks.o(i.vTaskSuspendAll)
    i.vTaskSwitchContext                     0x08003524   Section        0  tasks.o(i.vTaskSwitchContext)
    i.writetospi                             0x08003580   Section        0  deca_spi.o(i.writetospi)
    i.xPortStartScheduler                    0x080035e4   Section        0  port.o(i.xPortStartScheduler)
    i.xPortSysTickHandler                    0x0800368c   Section        0  port.o(i.xPortSysTickHandler)
    i.xTaskCreate                            0x080036b8   Section        0  tasks.o(i.xTaskCreate)
    i.xTaskCreateStatic                      0x08003712   Section        0  tasks.o(i.xTaskCreateStatic)
    i.xTaskGetSchedulerState                 0x08003768   Section        0  tasks.o(i.xTaskGetSchedulerState)
    i.xTaskIncrementTick                     0x08003784   Section        0  tasks.o(i.xTaskIncrementTick)
    i.xTaskResumeAll                         0x0800384c   Section        0  tasks.o(i.xTaskResumeAll)
    .constdata                               0x08003910   Section       56  freertos.o(.constdata)
    .constdata                               0x08003948   Section       16  system_stm32f1xx.o(.constdata)
    .constdata                               0x08003958   Section        8  system_stm32f1xx.o(.constdata)
    .constdata                               0x08003960   Section      522  deca_range_tables.o(.constdata)
    .constdata                               0x08003b6a   Section        8  deca_params_init.o(.constdata)
    .constdata                               0x08003b74   Section       24  deca_params_init.o(.constdata)
    .constdata                               0x08003b8c   Section       30  deca_params_init.o(.constdata)
    .constdata                               0x08003baa   Section        2  deca_params_init.o(.constdata)
    .constdata                               0x08003bac   Section        8  deca_params_init.o(.constdata)
    .constdata                               0x08003bb4   Section        3  deca_params_init.o(.constdata)
    .constdata                               0x08003bb8   Section       12  deca_params_init.o(.constdata)
    .constdata                               0x08003bc4   Section        4  deca_params_init.o(.constdata)
    .constdata                               0x08003bc8   Section       32  deca_params_init.o(.constdata)
    .constdata                               0x08003be8   Section       50  deca_params_init.o(.constdata)
    .constdata                               0x08003c1c   Section       24  eventrecorder.o(.constdata)
    __tagsym$$used                           0x08003c1c   Number         0  eventrecorder.o(.constdata)
    .conststring                             0x08003c34   Section       19  freertos.o(.conststring)
    .data                                    0x20000000   Section        8  freertos.o(.data)
    .data                                    0x20000008   Section        4  system_stm32f1xx.o(.data)
    .data                                    0x20000010   Section      119  dw1000.o(.data)
    frame_len                                0x20000010   Data           1  dw1000.o(.data)
    frame_seq_nb                             0x20000011   Data           1  dw1000.o(.data)
    anthor_index                             0x20000012   Data           1  dw1000.o(.data)
    tag_index                                0x20000013   Data           1  dw1000.o(.data)
    status_reg                               0x20000014   Data           4  dw1000.o(.data)
    poll_rx_ts                               0x20000018   Data           4  dw1000.o(.data)
    resp_tx_ts                               0x2000001c   Data           4  dw1000.o(.data)
    final_rx_ts                              0x20000020   Data           4  dw1000.o(.data)
    temp                                     0x20000024   Data           4  dw1000.o(.data)
    tof                                      0x20000028   Data           8  dw1000.o(.data)
    distance                                 0x20000030   Data           8  dw1000.o(.data)
    rx_poll_msg                              0x20000038   Data          12  dw1000.o(.data)
    tx_resp_msg                              0x20000044   Data          15  dw1000.o(.data)
    rx_final_msg                             0x20000053   Data          25  dw1000.o(.data)
    distance_msg                             0x2000006c   Data          16  dw1000.o(.data)
    config                                   0x2000007c   Data          11  dw1000.o(.data)
    .data                                    0x20000088   Section       12  stm32f1xx_hal.o(.data)
    .data                                    0x20000094   Section       60  tasks.o(.data)
    pxDelayedTaskList                        0x20000098   Data           4  tasks.o(.data)
    pxOverflowDelayedTaskList                0x2000009c   Data           4  tasks.o(.data)
    uxDeletedTasksWaitingCleanUp             0x200000a0   Data           4  tasks.o(.data)
    uxCurrentNumberOfTasks                   0x200000a4   Data           4  tasks.o(.data)
    xTickCount                               0x200000a8   Data           4  tasks.o(.data)
    uxTopReadyPriority                       0x200000ac   Data           4  tasks.o(.data)
    xSchedulerRunning                        0x200000b0   Data           4  tasks.o(.data)
    uxPendedTicks                            0x200000b4   Data           4  tasks.o(.data)
    xYieldPending                            0x200000b8   Data           4  tasks.o(.data)
    xNumOfOverflows                          0x200000bc   Data           4  tasks.o(.data)
    uxTaskNumber                             0x200000c0   Data           4  tasks.o(.data)
    xNextTaskUnblockTime                     0x200000c4   Data           4  tasks.o(.data)
    xIdleTaskHandle                          0x200000c8   Data           4  tasks.o(.data)
    uxSchedulerSuspended                     0x200000cc   Data           4  tasks.o(.data)
    .data                                    0x200000d0   Section       24  heap_4.o(.data)
    pxEnd                                    0x200000d0   Data           4  heap_4.o(.data)
    xFreeBytesRemaining                      0x200000d4   Data           4  heap_4.o(.data)
    xMinimumEverFreeBytesRemaining           0x200000d8   Data           4  heap_4.o(.data)
    xBlockAllocatedBit                       0x200000dc   Data           4  heap_4.o(.data)
    xStart                                   0x200000e0   Data           8  heap_4.o(.data)
    .data                                    0x200000e8   Section       12  port.o(.data)
    ucMaxSysCallPriority                     0x200000e8   Data           1  port.o(.data)
    uxCriticalNesting                        0x200000ec   Data           4  port.o(.data)
    ulMaxPRIGROUPValue                       0x200000f0   Data           4  port.o(.data)
    .bss                                     0x200000f4   Section      596  freertos.o(.bss)
    xIdleTaskTCBBuffer                       0x200000f4   Data          84  freertos.o(.bss)
    xIdleStack                               0x20000148   Data         512  freertos.o(.bss)
    .bss                                     0x20000348   Section       88  spi.o(.bss)
    .bss                                     0x200003a0   Section       68  usart.o(.bss)
    .bss                                     0x200003e4   Section       60  deca_device.o(.bss)
    dw1000local                              0x200003e4   Data          60  deca_device.o(.bss)
    .bss                                     0x20000420   Section       56  dw1000.o(.bss)
    rx_buffer                                0x20000420   Data          30  dw1000.o(.bss)
    Anthordistance                           0x20000440   Data          12  dw1000.o(.bss)
    Anthordistance_count                     0x2000044c   Data          12  dw1000.o(.bss)
    .bss                                     0x20000458   Section      240  tasks.o(.bss)
    pxReadyTasksLists                        0x20000458   Data         140  tasks.o(.bss)
    xDelayedTaskList1                        0x200004e4   Data          20  tasks.o(.bss)
    xDelayedTaskList2                        0x200004f8   Data          20  tasks.o(.bss)
    xPendingReadyList                        0x2000050c   Data          20  tasks.o(.bss)
    xTasksWaitingTermination                 0x20000520   Data          20  tasks.o(.bss)
    xSuspendedTaskList                       0x20000534   Data          20  tasks.o(.bss)
    .bss                                     0x20000548   Section     3072  heap_4.o(.bss)
    ucHeap                                   0x20000548   Data        3072  heap_4.o(.bss)
    .bss.noinit                              0x20001180   Section     1188  eventrecorder.o(.bss.noinit)
    EventBuffer                              0x20001180   Data        1024  eventrecorder.o(.bss.noinit)
    EventFilter                              0x20001580   Data         128  eventrecorder.o(.bss.noinit)
    EventStatus                              0x20001600   Data          36  eventrecorder.o(.bss.noinit)
    STACK                                    0x20001628   Section     1024  startup_stm32f103xb.o(STACK)

    Global Symbols

    Symbol Name                              Value     Ov Type        Size  Object(Section)

    BuildAttributes$$THM_ISAv4$P$D$K$B$S$PE$A:L22UL41UL21$X:L11$S22US41US21$IEEE1$IW$USESV6$~STKCKD$USESV7$~SHL$OTIME$ROPI$EBA8$MICROLIB$REQ8$PRES8$EABIv2 0x00000000   Number         0  anon$$obj.o ABSOLUTE
    __ARM_use_no_argv                        0x00000000   Number         0  main.o ABSOLUTE
    __arm_fini_                               - Undefined Weak Reference
    __cpp_initialize__aeabi_                  - Undefined Weak Reference
    __cxa_finalize                            - Undefined Weak Reference
    __decompress                              - Undefined Weak Reference
    _clock_init                               - Undefined Weak Reference
    _microlib_exit                            - Undefined Weak Reference
    __Vectors_Size                           0x000000ec   Number         0  startup_stm32f103xb.o ABSOLUTE
    __Vectors                                0x08000000   Data           4  startup_stm32f103xb.o(RESET)
    __Vectors_End                            0x080000ec   Data           0  startup_stm32f103xb.o(RESET)
    __main                                   0x080000ed   Thumb Code     0  entry.o(.ARM.Collect$$$$00000000)
    _main_stk                                0x080000ed   Thumb Code     0  entry2.o(.ARM.Collect$$$$00000001)
    _main_scatterload                        0x080000f1   Thumb Code     0  entry5.o(.ARM.Collect$$$$00000004)
    __main_after_scatterload                 0x080000f5   Thumb Code     0  entry5.o(.ARM.Collect$$$$00000004)
    _main_clock                              0x080000f5   Thumb Code     0  entry7b.o(.ARM.Collect$$$$00000008)
    _main_cpp_init                           0x080000f5   Thumb Code     0  entry8b.o(.ARM.Collect$$$$0000000A)
    _main_init                               0x080000f5   Thumb Code     0  entry9a.o(.ARM.Collect$$$$0000000B)
    __rt_lib_shutdown_fini                   0x080000fd   Thumb Code     0  entry12b.o(.ARM.Collect$$$$0000000E)
    __rt_final_cpp                           0x08000101   Thumb Code     0  entry10a.o(.ARM.Collect$$$$0000000F)
    __rt_final_exit                          0x08000101   Thumb Code     0  entry11a.o(.ARM.Collect$$$$00000011)
    SVC_Handler                              0x08000105   Thumb Code    32  port.o(.emb_text)
    __asm___6_port_c_39a90d8d__prvStartFirstTask 0x08000129   Thumb Code    28  port.o(.emb_text)
    PendSV_Handler                           0x08000149   Thumb Code    72  port.o(.emb_text)
    vPortGetIPSR                             0x08000195   Thumb Code     6  port.o(.emb_text)
    Reset_Handler                            0x0800019d   Thumb Code     8  startup_stm32f103xb.o(.text)
    ADC1_2_IRQHandler                        0x080001b7   Thumb Code     0  startup_stm32f103xb.o(.text)
    CAN1_RX1_IRQHandler                      0x080001b7   Thumb Code     0  startup_stm32f103xb.o(.text)
    CAN1_SCE_IRQHandler                      0x080001b7   Thumb Code     0  startup_stm32f103xb.o(.text)
    DMA1_Channel1_IRQHandler                 0x080001b7   Thumb Code     0  startup_stm32f103xb.o(.text)
    DMA1_Channel2_IRQHandler                 0x080001b7   Thumb Code     0  startup_stm32f103xb.o(.text)
    DMA1_Channel3_IRQHandler                 0x080001b7   Thumb Code     0  startup_stm32f103xb.o(.text)
    DMA1_Channel4_IRQHandler                 0x080001b7   Thumb Code     0  startup_stm32f103xb.o(.text)
    DMA1_Channel5_IRQHandler                 0x080001b7   Thumb Code     0  startup_stm32f103xb.o(.text)
    DMA1_Channel6_IRQHandler                 0x080001b7   Thumb Code     0  startup_stm32f103xb.o(.text)
    DMA1_Channel7_IRQHandler                 0x080001b7   Thumb Code     0  startup_stm32f103xb.o(.text)
    EXTI0_IRQHandler                         0x080001b7   Thumb Code     0  startup_stm32f103xb.o(.text)
    EXTI15_10_IRQHandler                     0x080001b7   Thumb Code     0  startup_stm32f103xb.o(.text)
    EXTI1_IRQHandler                         0x080001b7   Thumb Code     0  startup_stm32f103xb.o(.text)
    EXTI2_IRQHandler                         0x080001b7   Thumb Code     0  startup_stm32f103xb.o(.text)
    EXTI3_IRQHandler                         0x080001b7   Thumb Code     0  startup_stm32f103xb.o(.text)
    EXTI4_IRQHandler                         0x080001b7   Thumb Code     0  startup_stm32f103xb.o(.text)
    EXTI9_5_IRQHandler                       0x080001b7   Thumb Code     0  startup_stm32f103xb.o(.text)
    FLASH_IRQHandler                         0x080001b7   Thumb Code     0  startup_stm32f103xb.o(.text)
    I2C1_ER_IRQHandler                       0x080001b7   Thumb Code     0  startup_stm32f103xb.o(.text)
    I2C1_EV_IRQHandler                       0x080001b7   Thumb Code     0  startup_stm32f103xb.o(.text)
    I2C2_ER_IRQHandler                       0x080001b7   Thumb Code     0  startup_stm32f103xb.o(.text)
    I2C2_EV_IRQHandler                       0x080001b7   Thumb Code     0  startup_stm32f103xb.o(.text)
    PVD_IRQHandler                           0x080001b7   Thumb Code     0  startup_stm32f103xb.o(.text)
    RCC_IRQHandler                           0x080001b7   Thumb Code     0  startup_stm32f103xb.o(.text)
    RTC_Alarm_IRQHandler                     0x080001b7   Thumb Code     0  startup_stm32f103xb.o(.text)
    RTC_IRQHandler                           0x080001b7   Thumb Code     0  startup_stm32f103xb.o(.text)
    SPI2_IRQHandler                          0x080001b7   Thumb Code     0  startup_stm32f103xb.o(.text)
    TAMPER_IRQHandler                        0x080001b7   Thumb Code     0  startup_stm32f103xb.o(.text)
    TIM1_BRK_IRQHandler                      0x080001b7   Thumb Code     0  startup_stm32f103xb.o(.text)
    TIM1_CC_IRQHandler                       0x080001b7   Thumb Code     0  startup_stm32f103xb.o(.text)
    TIM1_TRG_COM_IRQHandler                  0x080001b7   Thumb Code     0  startup_stm32f103xb.o(.text)
    TIM1_UP_IRQHandler                       0x080001b7   Thumb Code     0  startup_stm32f103xb.o(.text)
    TIM2_IRQHandler                          0x080001b7   Thumb Code     0  startup_stm32f103xb.o(.text)
    TIM3_IRQHandler                          0x080001b7   Thumb Code     0  startup_stm32f103xb.o(.text)
    TIM4_IRQHandler                          0x080001b7   Thumb Code     0  startup_stm32f103xb.o(.text)
    USART2_IRQHandler                        0x080001b7   Thumb Code     0  startup_stm32f103xb.o(.text)
    USART3_IRQHandler                        0x080001b7   Thumb Code     0  startup_stm32f103xb.o(.text)
    USBWakeUp_IRQHandler                     0x080001b7   Thumb Code     0  startup_stm32f103xb.o(.text)
    USB_HP_CAN1_TX_IRQHandler                0x080001b7   Thumb Code     0  startup_stm32f103xb.o(.text)
    USB_LP_CAN1_RX0_IRQHandler               0x080001b7   Thumb Code     0  startup_stm32f103xb.o(.text)
    WWDG_IRQHandler                          0x080001b7   Thumb Code     0  startup_stm32f103xb.o(.text)
    __aeabi_llsr                             0x080001c1   Thumb Code    32  llushr.o(.text)
    _ll_ushift_r                             0x080001c1   Thumb Code     0  llushr.o(.text)
    __aeabi_memcpy                           0x080001e1   Thumb Code    36  memcpya.o(.text)
    __aeabi_memcpy4                          0x080001e1   Thumb Code     0  memcpya.o(.text)
    __aeabi_memcpy8                          0x080001e1   Thumb Code     0  memcpya.o(.text)
    __aeabi_memset                           0x08000205   Thumb Code    14  memseta.o(.text)
    __aeabi_memset4                          0x08000205   Thumb Code     0  memseta.o(.text)
    __aeabi_memset8                          0x08000205   Thumb Code     0  memseta.o(.text)
    __aeabi_memclr                           0x08000213   Thumb Code     4  memseta.o(.text)
    __aeabi_memclr4                          0x08000213   Thumb Code     0  memseta.o(.text)
    __aeabi_memclr8                          0x08000213   Thumb Code     0  memseta.o(.text)
    memset                                   0x08000217   Thumb Code    18  memseta.o(.text)
    memcmp                                   0x08000229   Thumb Code    26  memcmp.o(.text)
    __aeabi_dadd                             0x08000243   Thumb Code   322  dadd.o(.text)
    __aeabi_dsub                             0x08000385   Thumb Code     6  dadd.o(.text)
    __aeabi_drsub                            0x0800038b   Thumb Code     6  dadd.o(.text)
    __aeabi_dmul                             0x08000391   Thumb Code   228  dmul.o(.text)
    __aeabi_ddiv                             0x08000475   Thumb Code   222  ddiv.o(.text)
    __ARM_scalbn                             0x08000553   Thumb Code    46  dscalb.o(.text)
    scalbn                                   0x08000553   Thumb Code     0  dscalb.o(.text)
    __aeabi_i2f                              0x08000581   Thumb Code    18  fflti.o(.text)
    __aeabi_i2d                              0x08000593   Thumb Code    34  dflti.o(.text)
    __aeabi_ui2d                             0x080005b5   Thumb Code    26  dfltui.o(.text)
    __aeabi_d2iz                             0x080005cf   Thumb Code    62  dfixi.o(.text)
    __aeabi_f2d                              0x0800060d   Thumb Code    38  f2d.o(.text)
    __aeabi_d2f                              0x08000633   Thumb Code    56  d2f.o(.text)
    __aeabi_llsl                             0x0800066b   Thumb Code    30  llshl.o(.text)
    _ll_shift_l                              0x0800066b   Thumb Code     0  llshl.o(.text)
    __aeabi_lasr                             0x08000689   Thumb Code    36  llsshr.o(.text)
    _ll_sshift_r                             0x08000689   Thumb Code     0  llsshr.o(.text)
    __I$use$fp                               0x080006ad   Thumb Code     0  iusefp.o(.text)
    _float_round                             0x080006ad   Thumb Code    18  fepilogue.o(.text)
    _float_epilogue                          0x080006bf   Thumb Code    92  fepilogue.o(.text)
    _double_round                            0x0800071b   Thumb Code    30  depilogue.o(.text)
    _double_epilogue                         0x08000739   Thumb Code   156  depilogue.o(.text)
    __scatterload                            0x080007d5   Thumb Code    28  init.o(.text)
    __scatterload_rt2                        0x080007d5   Thumb Code     0  init.o(.text)
    BusFault_Handler                         0x080007f9   Thumb Code     2  stm32f1xx_it.o(i.BusFault_Handler)
    DebugMon_Handler                         0x080007fb   Thumb Code     2  stm32f1xx_it.o(i.DebugMon_Handler)
    Error_Handler                            0x080007fd   Thumb Code     4  main.o(i.Error_Handler)
    HAL_DMA_Abort                            0x08000801   Thumb Code    70  stm32f1xx_hal_dma.o(i.HAL_DMA_Abort)
    HAL_DMA_Abort_IT                         0x08000849   Thumb Code   148  stm32f1xx_hal_dma.o(i.HAL_DMA_Abort_IT)
    HAL_GPIO_Init                            0x080008e1   Thumb Code   446  stm32f1xx_hal_gpio.o(i.HAL_GPIO_Init)
    HAL_GPIO_WritePin                        0x08000ac1   Thumb Code    10  stm32f1xx_hal_gpio.o(i.HAL_GPIO_WritePin)
    HAL_GetTick                              0x08000acd   Thumb Code     6  stm32f1xx_hal.o(i.HAL_GetTick)
    HAL_IncTick                              0x08000ad9   Thumb Code    12  stm32f1xx_hal.o(i.HAL_IncTick)
    HAL_Init                                 0x08000ae9   Thumb Code    32  stm32f1xx_hal.o(i.HAL_Init)
    HAL_InitTick                             0x08000b0d   Thumb Code    54  stm32f1xx_hal.o(i.HAL_InitTick)
    HAL_MspInit                              0x08000b4d   Thumb Code    62  stm32f1xx_hal_msp.o(i.HAL_MspInit)
    HAL_NVIC_DisableIRQ                      0x08000b95   Thumb Code    34  stm32f1xx_hal_cortex.o(i.HAL_NVIC_DisableIRQ)
    HAL_NVIC_EnableIRQ                       0x08000bb7   Thumb Code    26  stm32f1xx_hal_cortex.o(i.HAL_NVIC_EnableIRQ)
    HAL_NVIC_SetPriority                     0x08000bd1   Thumb Code    60  stm32f1xx_hal_cortex.o(i.HAL_NVIC_SetPriority)
    HAL_NVIC_SetPriorityGrouping             0x08000c11   Thumb Code    26  stm32f1xx_hal_cortex.o(i.HAL_NVIC_SetPriorityGrouping)
    HAL_RCC_ClockConfig                      0x08000c35   Thumb Code   280  stm32f1xx_hal_rcc.o(i.HAL_RCC_ClockConfig)
    HAL_RCC_GetPCLK1Freq                     0x08000d61   Thumb Code    20  stm32f1xx_hal_rcc.o(i.HAL_RCC_GetPCLK1Freq)
    HAL_RCC_GetPCLK2Freq                     0x08000d81   Thumb Code    20  stm32f1xx_hal_rcc.o(i.HAL_RCC_GetPCLK2Freq)
    HAL_RCC_GetSysClockFreq                  0x08000da1   Thumb Code    80  stm32f1xx_hal_rcc.o(i.HAL_RCC_GetSysClockFreq)
    HAL_RCC_OscConfig                        0x08000e15   Thumb Code   778  stm32f1xx_hal_rcc.o(i.HAL_RCC_OscConfig)
    HAL_SPI_ErrorCallback                    0x08001135   Thumb Code     2  stm32f1xx_hal_spi.o(i.HAL_SPI_ErrorCallback)
    HAL_SPI_IRQHandler                       0x08001139   Thumb Code   220  stm32f1xx_hal_spi.o(i.HAL_SPI_IRQHandler)
    HAL_SPI_Init                             0x08001219   Thumb Code   178  stm32f1xx_hal_spi.o(i.HAL_SPI_Init)
    HAL_SPI_MspInit                          0x080012cd   Thumb Code   114  spi.o(i.HAL_SPI_MspInit)
    HAL_SPI_Receive                          0x0800134d   Thumb Code   346  stm32f1xx_hal_spi.o(i.HAL_SPI_Receive)
    HAL_SPI_Transmit                         0x080014a7   Thumb Code   358  stm32f1xx_hal_spi.o(i.HAL_SPI_Transmit)
    HAL_SPI_TransmitReceive                  0x0800160d   Thumb Code   482  stm32f1xx_hal_spi.o(i.HAL_SPI_TransmitReceive)
    HAL_SYSTICK_Config                       0x080017ef   Thumb Code    40  stm32f1xx_hal_cortex.o(i.HAL_SYSTICK_Config)
    HAL_UARTEx_RxEventCallback               0x08001817   Thumb Code     2  stm32f1xx_hal_uart.o(i.HAL_UARTEx_RxEventCallback)
    HAL_UART_ErrorCallback                   0x08001819   Thumb Code     2  stm32f1xx_hal_uart.o(i.HAL_UART_ErrorCallback)
    HAL_UART_IRQHandler                      0x0800181d   Thumb Code   520  stm32f1xx_hal_uart.o(i.HAL_UART_IRQHandler)
    HAL_UART_Init                            0x08001a29   Thumb Code    98  stm32f1xx_hal_uart.o(i.HAL_UART_Init)
    HAL_UART_MspInit                         0x08001a8d   Thumb Code   116  usart.o(i.HAL_UART_MspInit)
    HAL_UART_RxCpltCallback                  0x08001b0d   Thumb Code     2  stm32f1xx_hal_uart.o(i.HAL_UART_RxCpltCallback)
    HAL_UART_TxCpltCallback                  0x08001b0f   Thumb Code     2  stm32f1xx_hal_uart.o(i.HAL_UART_TxCpltCallback)
    HardFault_Handler                        0x08001b11   Thumb Code     2  stm32f1xx_it.o(i.HardFault_Handler)
    MX_FREERTOS_Init                         0x08001b15   Thumb Code    52  freertos.o(i.MX_FREERTOS_Init)
    MX_GPIO_Init                             0x08001b51   Thumb Code   150  gpio.o(i.MX_GPIO_Init)
    MX_SPI1_Init                             0x08001bf9   Thumb Code    62  spi.o(i.MX_SPI1_Init)
    MX_USART1_UART_Init                      0x08001c41   Thumb Code    48  usart.o(i.MX_USART1_UART_Init)
    MemManage_Handler                        0x08001c79   Thumb Code     2  stm32f1xx_it.o(i.MemManage_Handler)
    NMI_Handler                              0x08001c7b   Thumb Code     2  stm32f1xx_it.o(i.NMI_Handler)
    SPI1_IRQHandler                          0x08001c7d   Thumb Code     6  stm32f1xx_it.o(i.SPI1_IRQHandler)
    StartDefaultTask                         0x08001ddd   Thumb Code     8  freertos.o(i.StartDefaultTask)
    SysTick_Handler                          0x08001de5   Thumb Code    24  stm32f1xx_it.o(i.SysTick_Handler)
    SystemClock_Config                       0x08001dfd   Thumb Code    96  main.o(i.SystemClock_Config)
    SystemInit                               0x08001e5d   Thumb Code     2  system_stm32f1xx.o(i.SystemInit)
    USART1_IRQHandler                        0x0800200d   Thumb Code     6  stm32f1xx_it.o(i.USART1_IRQHandler)
    UsageFault_Handler                       0x08002019   Thumb Code     2  stm32f1xx_it.o(i.UsageFault_Handler)
    __scatterload_copy                       0x0800203b   Thumb Code    14  handlers.o(i.__scatterload_copy)
    __scatterload_null                       0x08002049   Thumb Code     2  handlers.o(i.__scatterload_null)
    __scatterload_zeroinit                   0x0800204b   Thumb Code    14  handlers.o(i.__scatterload_zeroinit)
    _dwt_configlde                           0x08002059   Thumb Code    48  deca_device.o(i._dwt_configlde)
    _dwt_enableclocks                        0x08002089   Thumb Code   194  deca_device.o(i._dwt_enableclocks)
    _dwt_loaducodefromrom                    0x0800214b   Thumb Code    52  deca_device.o(i._dwt_loaducodefromrom)
    _dwt_otpread                             0x0800217f   Thumb Code    70  deca_device.o(i._dwt_otpread)
    deca_sleep                               0x080021c5   Thumb Code     4  deca_sleep.o(i.deca_sleep)
    decamutexoff                             0x080021c9   Thumb Code    12  deca_mutex.o(i.decamutexoff)
    decamutexon                              0x080021d5   Thumb Code    22  deca_mutex.o(i.decamutexon)
    dw_task                                  0x080021f1   Thumb Code   766  dw1000.o(i.dw_task)
    dwt_configure                            0x08002519   Thumb Code   490  deca_device.o(i.dwt_configure)
    dwt_entersleepaftertx                    0x08002731   Thumb Code    36  deca_device.o(i.dwt_entersleepaftertx)
    dwt_forcetrxoff                          0x08002755   Thumb Code    86  deca_device.o(i.dwt_forcetrxoff)
    dwt_getrangebias                         0x080027b5   Thumb Code   200  deca_range_tables.o(i.dwt_getrangebias)
    dwt_initialise                           0x0800288d   Thumb Code   208  deca_device.o(i.dwt_initialise)
    dwt_read16bitoffsetreg                   0x08002965   Thumb Code    38  deca_device.o(i.dwt_read16bitoffsetreg)
    dwt_read32bitoffsetreg                   0x0800298b   Thumb Code    38  deca_device.o(i.dwt_read32bitoffsetreg)
    dwt_readdevid                            0x080029b1   Thumb Code     8  deca_device.o(i.dwt_readdevid)
    dwt_readfromdevice                       0x080029b9   Thumb Code    58  deca_device.o(i.dwt_readfromdevice)
    dwt_readrxdata                           0x080029f3   Thumb Code    18  deca_device.o(i.dwt_readrxdata)
    dwt_readrxtimestamp                      0x08002a05   Thumb Code    12  deca_device.o(i.dwt_readrxtimestamp)
    dwt_readtxtimestamp                      0x08002a11   Thumb Code    12  deca_device.o(i.dwt_readtxtimestamp)
    dwt_rxenable                             0x08002a1d   Thumb Code    80  deca_device.o(i.dwt_rxenable)
    dwt_setleds                              0x08002a6d   Thumb Code   184  deca_device.o(i.dwt_setleds)
    dwt_setrxaftertxdelay                    0x08002b25   Thumb Code    34  deca_device.o(i.dwt_setrxaftertxdelay)
    dwt_setrxantennadelay                    0x08002b47   Thumb Code    12  deca_device.o(i.dwt_setrxantennadelay)
    dwt_setrxtimeout                         0x08002b55   Thumb Code    84  deca_device.o(i.dwt_setrxtimeout)
    dwt_settxantennadelay                    0x08002bad   Thumb Code    10  deca_device.o(i.dwt_settxantennadelay)
    dwt_starttx                              0x08002bb9   Thumb Code   142  deca_device.o(i.dwt_starttx)
    dwt_syncrxbufptrs                        0x08002c4d   Thumb Code    52  deca_device.o(i.dwt_syncrxbufptrs)
    dwt_write16bitoffsetreg                  0x08002c81   Thumb Code    26  deca_device.o(i.dwt_write16bitoffsetreg)
    dwt_write32bitoffsetreg                  0x08002c9b   Thumb Code    30  deca_device.o(i.dwt_write32bitoffsetreg)
    dwt_writetodevice                        0x08002cb9   Thumb Code    62  deca_device.o(i.dwt_writetodevice)
    dwt_writetxdata                          0x08002cf7   Thumb Code    34  deca_device.o(i.dwt_writetxdata)
    dwt_writetxfctrl                         0x08002d19   Thumb Code    24  deca_device.o(i.dwt_writetxfctrl)
    dwt_xtaltrim                             0x08002d35   Thumb Code    48  deca_device.o(i.dwt_xtaltrim)
    main                                     0x08002d9b   Thumb Code    30  main.o(i.main)
    osDelay                                  0x08002dc5   Thumb Code    14  cmsis_os.o(i.osDelay)
    osKernelStart                            0x08002dd3   Thumb Code    10  cmsis_os.o(i.osKernelStart)
    osThreadCreate                           0x08002ddd   Thumb Code    84  cmsis_os.o(i.osThreadCreate)
    pvPortMalloc                             0x08003175   Thumb Code   210  heap_4.o(i.pvPortMalloc)
    pxPortInitialiseStack                    0x0800324d   Thumb Code    32  port.o(i.pxPortInitialiseStack)
    readfromspi                              0x08003271   Thumb Code    92  deca_spi.o(i.readfromspi)
    uxListRemove                             0x080032d5   Thumb Code    38  list.o(i.uxListRemove)
    vApplicationGetIdleTaskMemory            0x080032fd   Thumb Code    16  freertos.o(i.vApplicationGetIdleTaskMemory)
    vListInitialise                          0x08003311   Thumb Code    22  list.o(i.vListInitialise)
    vListInitialiseItem                      0x08003327   Thumb Code     6  list.o(i.vListInitialiseItem)
    vListInsert                              0x0800332d   Thumb Code    48  list.o(i.vListInsert)
    vListInsertEnd                           0x0800335d   Thumb Code    24  list.o(i.vListInsertEnd)
    vPortEnterCritical                       0x08003375   Thumb Code    54  port.o(i.vPortEnterCritical)
    vPortExitCritical                        0x080033b5   Thumb Code    34  port.o(i.vPortExitCritical)
    vPortFree                                0x080033dd   Thumb Code    88  heap_4.o(i.vPortFree)
    vPortSetupTimerInterrupt                 0x08003439   Thumb Code    32  port.o(i.vPortSetupTimerInterrupt)
    vTaskDelay                               0x0800345d   Thumb Code    66  tasks.o(i.vTaskDelay)
    vTaskStartScheduler                      0x080034a9   Thumb Code    90  tasks.o(i.vTaskStartScheduler)
    vTaskSuspendAll                          0x08003515   Thumb Code    10  tasks.o(i.vTaskSuspendAll)
    vTaskSwitchContext                       0x08003525   Thumb Code    82  tasks.o(i.vTaskSwitchContext)
    writetospi                               0x08003581   Thumb Code    92  deca_spi.o(i.writetospi)
    xPortStartScheduler                      0x080035e5   Thumb Code   154  port.o(i.xPortStartScheduler)
    xPortSysTickHandler                      0x0800368d   Thumb Code    38  port.o(i.xPortSysTickHandler)
    xTaskCreate                              0x080036b9   Thumb Code    90  tasks.o(i.xTaskCreate)
    xTaskCreateStatic                        0x08003713   Thumb Code    86  tasks.o(i.xTaskCreateStatic)
    xTaskGetSchedulerState                   0x08003769   Thumb Code    22  tasks.o(i.xTaskGetSchedulerState)
    xTaskIncrementTick                       0x08003785   Thumb Code   192  tasks.o(i.xTaskIncrementTick)
    xTaskResumeAll                           0x0800384d   Thumb Code   182  tasks.o(i.xTaskResumeAll)
    AHBPrescTable                            0x08003948   Data          16  system_stm32f1xx.o(.constdata)
    APBPrescTable                            0x08003958   Data           8  system_stm32f1xx.o(.constdata)
    chan_idxnb                               0x08003960   Data           8  deca_range_tables.o(.constdata)
    chan_idxwb                               0x08003968   Data           8  deca_range_tables.o(.constdata)
    range25cm16PRFnb                         0x08003970   Data         148  deca_range_tables.o(.constdata)
    range25cm16PRFwb                         0x08003a04   Data         136  deca_range_tables.o(.constdata)
    range25cm64PRFnb                         0x08003a8c   Data         104  deca_range_tables.o(.constdata)
    range25cm64PRFwb                         0x08003af4   Data         118  deca_range_tables.o(.constdata)
    chan_idx                                 0x08003b6a   Data           8  deca_params_init.o(.constdata)
    tx_config                                0x08003b74   Data          24  deca_params_init.o(.constdata)
    pll2_config                              0x08003b8c   Data          30  deca_params_init.o(.constdata)
    rx_config                                0x08003baa   Data           2  deca_params_init.o(.constdata)
    agc_config                               0x08003bac   Data           8  deca_params_init.o(.constdata)
    dwnsSFDlen                               0x08003bb4   Data           3  deca_params_init.o(.constdata)
    sftsh                                    0x08003bb8   Data          12  deca_params_init.o(.constdata)
    dtune1                                   0x08003bc4   Data           4  deca_params_init.o(.constdata)
    digital_bb_config                        0x08003bc8   Data          32  deca_params_init.o(.constdata)
    lde_replicaCoeff                         0x08003be8   Data          50  deca_params_init.o(.constdata)
    EventRecorderInfo                        0x08003c1c   Data          24  eventrecorder.o(.constdata)
    Region$$Table$$Base                      0x08003c48   Number         0  anon$$obj.o(Region$$Table)
    Region$$Table$$Limit                     0x08003c68   Number         0  anon$$obj.o(Region$$Table)
    defaultTaskHandle                        0x20000000   Data           4  freertos.o(.data)
    dwTaskHandle                             0x20000004   Data           4  freertos.o(.data)
    SystemCoreClock                          0x20000008   Data           4  system_stm32f1xx.o(.data)
    uwTickFreq                               0x20000088   Data           1  stm32f1xx_hal.o(.data)
    uwTickPrio                               0x2000008c   Data           4  stm32f1xx_hal.o(.data)
    uwTick                                   0x20000090   Data           4  stm32f1xx_hal.o(.data)
    pxCurrentTCB                             0x20000094   Data           4  tasks.o(.data)
    hspi1                                    0x20000348   Data          88  spi.o(.bss)
    huart1                                   0x200003a0   Data          68  usart.o(.bss)
    __initial_sp                             0x20001a28   Data           0  startup_stm32f103xb.o(STACK)



==============================================================================

Memory Map of the image

  Image Entry point : 0x080000ed

  Load Region LR_IROM1 (Base: 0x08000000, Size: 0x00003d5c, Max: 0x00010000, ABSOLUTE)

    Execution Region ER_IROM1 (Exec base: 0x08000000, Load base: 0x08000000, Size: 0x00003c68, Max: 0x00010000, ABSOLUTE)

    Exec Addr    Load Addr    Size         Type   Attr      Idx    E Section Name        Object

    0x08000000   0x08000000   0x000000ec   Data   RO            3    RESET               startup_stm32f103xb.o
    0x080000ec   0x080000ec   0x00000000   Code   RO         4436  * .ARM.Collect$$$$00000000  mc_w.l(entry.o)
    0x080000ec   0x080000ec   0x00000004   Code   RO         4477    .ARM.Collect$$$$00000001  mc_w.l(entry2.o)
    0x080000f0   0x080000f0   0x00000004   Code   RO         4480    .ARM.Collect$$$$00000004  mc_w.l(entry5.o)
    0x080000f4   0x080000f4   0x00000000   Code   RO         4482    .ARM.Collect$$$$00000008  mc_w.l(entry7b.o)
    0x080000f4   0x080000f4   0x00000000   Code   RO         4484    .ARM.Collect$$$$0000000A  mc_w.l(entry8b.o)
    0x080000f4   0x080000f4   0x00000008   Code   RO         4485    .ARM.Collect$$$$0000000B  mc_w.l(entry9a.o)
    0x080000fc   0x080000fc   0x00000004   Code   RO         4492    .ARM.Collect$$$$0000000E  mc_w.l(entry12b.o)
    0x08000100   0x08000100   0x00000000   Code   RO         4487    .ARM.Collect$$$$0000000F  mc_w.l(entry10a.o)
    0x08000100   0x08000100   0x00000000   Code   RO         4489    .ARM.Collect$$$$00000011  mc_w.l(entry11a.o)
    0x08000100   0x08000100   0x00000004   Code   RO         4478    .ARM.Collect$$$$00002712  mc_w.l(entry2.o)
    0x08000104   0x08000104   0x00000096   Code   RO         4175    .emb_text           port.o
    0x0800019a   0x0800019a   0x00000002   PAD
    0x0800019c   0x0800019c   0x00000024   Code   RO            4    .text               startup_stm32f103xb.o
    0x080001c0   0x080001c0   0x00000020   Code   RO         4445    .text               mc_w.l(llushr.o)
    0x080001e0   0x080001e0   0x00000024   Code   RO         4447    .text               mc_w.l(memcpya.o)
    0x08000204   0x08000204   0x00000024   Code   RO         4451    .text               mc_w.l(memseta.o)
    0x08000228   0x08000228   0x0000001a   Code   RO         4453    .text               mc_w.l(memcmp.o)
    0x08000242   0x08000242   0x0000014e   Code   RO         4457    .text               mf_w.l(dadd.o)
    0x08000390   0x08000390   0x000000e4   Code   RO         4459    .text               mf_w.l(dmul.o)
    0x08000474   0x08000474   0x000000de   Code   RO         4461    .text               mf_w.l(ddiv.o)
    0x08000552   0x08000552   0x0000002e   Code   RO         4463    .text               mf_w.l(dscalb.o)
    0x08000580   0x08000580   0x00000012   Code   RO         4465    .text               mf_w.l(fflti.o)
    0x08000592   0x08000592   0x00000022   Code   RO         4467    .text               mf_w.l(dflti.o)
    0x080005b4   0x080005b4   0x0000001a   Code   RO         4469    .text               mf_w.l(dfltui.o)
    0x080005ce   0x080005ce   0x0000003e   Code   RO         4471    .text               mf_w.l(dfixi.o)
    0x0800060c   0x0800060c   0x00000026   Code   RO         4473    .text               mf_w.l(f2d.o)
    0x08000632   0x08000632   0x00000038   Code   RO         4475    .text               mf_w.l(d2f.o)
    0x0800066a   0x0800066a   0x0000001e   Code   RO         4493    .text               mc_w.l(llshl.o)
    0x08000688   0x08000688   0x00000024   Code   RO         4495    .text               mc_w.l(llsshr.o)
    0x080006ac   0x080006ac   0x00000000   Code   RO         4497    .text               mc_w.l(iusefp.o)
    0x080006ac   0x080006ac   0x0000006e   Code   RO         4498    .text               mf_w.l(fepilogue.o)
    0x0800071a   0x0800071a   0x000000ba   Code   RO         4500    .text               mf_w.l(depilogue.o)
    0x080007d4   0x080007d4   0x00000024   Code   RO         4502    .text               mc_w.l(init.o)
    0x080007f8   0x080007f8   0x00000002   Code   RO          374    i.BusFault_Handler  stm32f1xx_it.o
    0x080007fa   0x080007fa   0x00000002   Code   RO          375    i.DebugMon_Handler  stm32f1xx_it.o
    0x080007fc   0x080007fc   0x00000004   Code   RO           13    i.Error_Handler     main.o
    0x08000800   0x08000800   0x00000046   Code   RO         1686    i.HAL_DMA_Abort     stm32f1xx_hal_dma.o
    0x08000846   0x08000846   0x00000002   PAD
    0x08000848   0x08000848   0x00000098   Code   RO         1687    i.HAL_DMA_Abort_IT  stm32f1xx_hal_dma.o
    0x080008e0   0x080008e0   0x000001e0   Code   RO         1622    i.HAL_GPIO_Init     stm32f1xx_hal_gpio.o
    0x08000ac0   0x08000ac0   0x0000000a   Code   RO         1626    i.HAL_GPIO_WritePin  stm32f1xx_hal_gpio.o
    0x08000aca   0x08000aca   0x00000002   PAD
    0x08000acc   0x08000acc   0x0000000c   Code   RO         1318    i.HAL_GetTick       stm32f1xx_hal.o
    0x08000ad8   0x08000ad8   0x00000010   Code   RO         1324    i.HAL_IncTick       stm32f1xx_hal.o
    0x08000ae8   0x08000ae8   0x00000024   Code   RO         1325    i.HAL_Init          stm32f1xx_hal.o
    0x08000b0c   0x08000b0c   0x00000040   Code   RO         1326    i.HAL_InitTick      stm32f1xx_hal.o
    0x08000b4c   0x08000b4c   0x00000048   Code   RO          450    i.HAL_MspInit       stm32f1xx_hal_msp.o
    0x08000b94   0x08000b94   0x00000022   Code   RO         1781    i.HAL_NVIC_DisableIRQ  stm32f1xx_hal_cortex.o
    0x08000bb6   0x08000bb6   0x0000001a   Code   RO         1782    i.HAL_NVIC_EnableIRQ  stm32f1xx_hal_cortex.o
    0x08000bd0   0x08000bd0   0x00000040   Code   RO         1788    i.HAL_NVIC_SetPriority  stm32f1xx_hal_cortex.o
    0x08000c10   0x08000c10   0x00000024   Code   RO         1789    i.HAL_NVIC_SetPriorityGrouping  stm32f1xx_hal_cortex.o
    0x08000c34   0x08000c34   0x0000012c   Code   RO         1482    i.HAL_RCC_ClockConfig  stm32f1xx_hal_rcc.o
    0x08000d60   0x08000d60   0x00000020   Code   RO         1489    i.HAL_RCC_GetPCLK1Freq  stm32f1xx_hal_rcc.o
    0x08000d80   0x08000d80   0x00000020   Code   RO         1490    i.HAL_RCC_GetPCLK2Freq  stm32f1xx_hal_rcc.o
    0x08000da0   0x08000da0   0x00000074   Code   RO         1491    i.HAL_RCC_GetSysClockFreq  stm32f1xx_hal_rcc.o
    0x08000e14   0x08000e14   0x00000320   Code   RO         1494    i.HAL_RCC_OscConfig  stm32f1xx_hal_rcc.o
    0x08001134   0x08001134   0x00000002   Code   RO         2289    i.HAL_SPI_ErrorCallback  stm32f1xx_hal_spi.o
    0x08001136   0x08001136   0x00000002   PAD
    0x08001138   0x08001138   0x000000e0   Code   RO         2292    i.HAL_SPI_IRQHandler  stm32f1xx_hal_spi.o
    0x08001218   0x08001218   0x000000b2   Code   RO         2293    i.HAL_SPI_Init      stm32f1xx_hal_spi.o
    0x080012ca   0x080012ca   0x00000002   PAD
    0x080012cc   0x080012cc   0x00000080   Code   RO          291    i.HAL_SPI_MspInit   spi.o
    0x0800134c   0x0800134c   0x0000015a   Code   RO         2296    i.HAL_SPI_Receive   stm32f1xx_hal_spi.o
    0x080014a6   0x080014a6   0x00000166   Code   RO         2301    i.HAL_SPI_Transmit  stm32f1xx_hal_spi.o
    0x0800160c   0x0800160c   0x000001e2   Code   RO         2302    i.HAL_SPI_TransmitReceive  stm32f1xx_hal_spi.o
    0x080017ee   0x080017ee   0x00000028   Code   RO         1793    i.HAL_SYSTICK_Config  stm32f1xx_hal_cortex.o
    0x08001816   0x08001816   0x00000002   Code   RO         2651    i.HAL_UARTEx_RxEventCallback  stm32f1xx_hal_uart.o
    0x08001818   0x08001818   0x00000002   Code   RO         2665    i.HAL_UART_ErrorCallback  stm32f1xx_hal_uart.o
    0x0800181a   0x0800181a   0x00000002   PAD
    0x0800181c   0x0800181c   0x0000020c   Code   RO         2668    i.HAL_UART_IRQHandler  stm32f1xx_hal_uart.o
    0x08001a28   0x08001a28   0x00000062   Code   RO         2669    i.HAL_UART_Init     stm32f1xx_hal_uart.o
    0x08001a8a   0x08001a8a   0x00000002   PAD
    0x08001a8c   0x08001a8c   0x00000080   Code   RO          333    i.HAL_UART_MspInit  usart.o
    0x08001b0c   0x08001b0c   0x00000002   Code   RO         2675    i.HAL_UART_RxCpltCallback  stm32f1xx_hal_uart.o
    0x08001b0e   0x08001b0e   0x00000002   Code   RO         2680    i.HAL_UART_TxCpltCallback  stm32f1xx_hal_uart.o
    0x08001b10   0x08001b10   0x00000002   Code   RO          376    i.HardFault_Handler  stm32f1xx_it.o
    0x08001b12   0x08001b12   0x00000002   PAD
    0x08001b14   0x08001b14   0x0000003c   Code   RO          236    i.MX_FREERTOS_Init  freertos.o
    0x08001b50   0x08001b50   0x000000a8   Code   RO          212    i.MX_GPIO_Init      gpio.o
    0x08001bf8   0x08001bf8   0x00000048   Code   RO          292    i.MX_SPI1_Init      spi.o
    0x08001c40   0x08001c40   0x00000038   Code   RO          334    i.MX_USART1_UART_Init  usart.o
    0x08001c78   0x08001c78   0x00000002   Code   RO          377    i.MemManage_Handler  stm32f1xx_it.o
    0x08001c7a   0x08001c7a   0x00000002   Code   RO          378    i.NMI_Handler       stm32f1xx_it.o
    0x08001c7c   0x08001c7c   0x0000000c   Code   RO          379    i.SPI1_IRQHandler   stm32f1xx_it.o
    0x08001c88   0x08001c88   0x0000000e   Code   RO         1218    i.SPI_ChangeRate    dw1000.o
    0x08001c96   0x08001c96   0x00000010   Code   RO         2320    i.SPI_DMAAbortOnError  stm32f1xx_hal_spi.o
    0x08001ca6   0x08001ca6   0x0000005c   Code   RO         2330    i.SPI_EndRxTransaction  stm32f1xx_hal_spi.o
    0x08001d02   0x08001d02   0x00000020   Code   RO         2331    i.SPI_EndRxTxTransaction  stm32f1xx_hal_spi.o
    0x08001d22   0x08001d22   0x00000002   PAD
    0x08001d24   0x08001d24   0x000000b8   Code   RO         2336    i.SPI_WaitFlagStateUntilTimeout  stm32f1xx_hal_spi.o
    0x08001ddc   0x08001ddc   0x00000008   Code   RO          237    i.StartDefaultTask  freertos.o
    0x08001de4   0x08001de4   0x00000018   Code   RO          380    i.SysTick_Handler   stm32f1xx_it.o
    0x08001dfc   0x08001dfc   0x00000060   Code   RO           14    i.SystemClock_Config  main.o
    0x08001e5c   0x08001e5c   0x00000002   Code   RO          475    i.SystemInit        system_stm32f1xx.o
    0x08001e5e   0x08001e5e   0x00000010   Code   RO         2682    i.UART_DMAAbortOnError  stm32f1xx_hal_uart.o
    0x08001e6e   0x08001e6e   0x00000030   Code   RO         2692    i.UART_EndRxTransfer  stm32f1xx_hal_uart.o
    0x08001e9e   0x08001e9e   0x000000b6   Code   RO         2694    i.UART_Receive_IT   stm32f1xx_hal_uart.o
    0x08001f54   0x08001f54   0x000000b8   Code   RO         2695    i.UART_SetConfig    stm32f1xx_hal_uart.o
    0x0800200c   0x0800200c   0x0000000c   Code   RO          381    i.USART1_IRQHandler  stm32f1xx_it.o
    0x08002018   0x08002018   0x00000002   Code   RO          382    i.UsageFault_Handler  stm32f1xx_it.o
    0x0800201a   0x0800201a   0x00000020   Code   RO         1795    i.__NVIC_SetPriority  stm32f1xx_hal_cortex.o
    0x0800203a   0x0800203a   0x0000000e   Code   RO         4506    i.__scatterload_copy  mc_w.l(handlers.o)
    0x08002048   0x08002048   0x00000002   Code   RO         4507    i.__scatterload_null  mc_w.l(handlers.o)
    0x0800204a   0x0800204a   0x0000000e   Code   RO         4508    i.__scatterload_zeroinit  mc_w.l(handlers.o)
    0x08002058   0x08002058   0x00000030   Code   RO          699    i._dwt_configlde    deca_device.o
    0x08002088   0x08002088   0x000000c2   Code   RO          701    i._dwt_enableclocks  deca_device.o
    0x0800214a   0x0800214a   0x00000034   Code   RO          702    i._dwt_loaducodefromrom  deca_device.o
    0x0800217e   0x0800217e   0x00000046   Code   RO          704    i._dwt_otpread      deca_device.o
    0x080021c4   0x080021c4   0x00000004   Code   RO          611    i.deca_sleep        deca_sleep.o
    0x080021c8   0x080021c8   0x0000000c   Code   RO          572    i.decamutexoff      deca_mutex.o
    0x080021d4   0x080021d4   0x0000001c   Code   RO          573    i.decamutexon       deca_mutex.o
    0x080021f0   0x080021f0   0x00000328   Code   RO         1219    i.dw_task           dw1000.o
    0x08002518   0x08002518   0x00000218   Code   RO          712    i.dwt_configure     deca_device.o
    0x08002730   0x08002730   0x00000024   Code   RO          719    i.dwt_entersleepaftertx  deca_device.o
    0x08002754   0x08002754   0x00000060   Code   RO          720    i.dwt_forcetrxoff   deca_device.o
    0x080027b4   0x080027b4   0x000000d8   Code   RO          635    i.dwt_getrangebias  deca_range_tables.o
    0x0800288c   0x0800288c   0x000000d8   Code   RO          724    i.dwt_initialise    deca_device.o
    0x08002964   0x08002964   0x00000026   Code   RO          730    i.dwt_read16bitoffsetreg  deca_device.o
    0x0800298a   0x0800298a   0x00000026   Code   RO          731    i.dwt_read32bitoffsetreg  deca_device.o
    0x080029b0   0x080029b0   0x00000008   Code   RO          733    i.dwt_readdevid     deca_device.o
    0x080029b8   0x080029b8   0x0000003a   Code   RO          736    i.dwt_readfromdevice  deca_device.o
    0x080029f2   0x080029f2   0x00000012   Code   RO          737    i.dwt_readrxdata    deca_device.o
    0x08002a04   0x08002a04   0x0000000c   Code   RO          738    i.dwt_readrxtimestamp  deca_device.o
    0x08002a10   0x08002a10   0x0000000c   Code   RO          744    i.dwt_readtxtimestamp  deca_device.o
    0x08002a1c   0x08002a1c   0x00000050   Code   RO          749    i.dwt_rxenable      deca_device.o
    0x08002a6c   0x08002a6c   0x000000b8   Code   RO          761    i.dwt_setleds       deca_device.o
    0x08002b24   0x08002b24   0x00000022   Code   RO          764    i.dwt_setrxaftertxdelay  deca_device.o
    0x08002b46   0x08002b46   0x0000000c   Code   RO          765    i.dwt_setrxantennadelay  deca_device.o
    0x08002b52   0x08002b52   0x00000002   PAD
    0x08002b54   0x08002b54   0x00000058   Code   RO          767    i.dwt_setrxtimeout  deca_device.o
    0x08002bac   0x08002bac   0x0000000a   Code   RO          769    i.dwt_settxantennadelay  deca_device.o
    0x08002bb6   0x08002bb6   0x00000002   PAD
    0x08002bb8   0x08002bb8   0x00000094   Code   RO          772    i.dwt_starttx       deca_device.o
    0x08002c4c   0x08002c4c   0x00000034   Code   RO          773    i.dwt_syncrxbufptrs  deca_device.o
    0x08002c80   0x08002c80   0x0000001a   Code   RO          774    i.dwt_write16bitoffsetreg  deca_device.o
    0x08002c9a   0x08002c9a   0x0000001e   Code   RO          775    i.dwt_write32bitoffsetreg  deca_device.o
    0x08002cb8   0x08002cb8   0x0000003e   Code   RO          776    i.dwt_writetodevice  deca_device.o
    0x08002cf6   0x08002cf6   0x00000022   Code   RO          777    i.dwt_writetxdata   deca_device.o
    0x08002d18   0x08002d18   0x0000001c   Code   RO          778    i.dwt_writetxfctrl  deca_device.o
    0x08002d34   0x08002d34   0x00000030   Code   RO          779    i.dwt_xtaltrim      deca_device.o
    0x08002d64   0x08002d64   0x0000001a   Code   RO         1220    i.final_msg_get_ts  dw1000.o
    0x08002d7e   0x08002d7e   0x0000001c   Code   RO         1221    i.get_rx_timestamp_u64  dw1000.o
    0x08002d9a   0x08002d9a   0x0000001e   Code   RO           15    i.main              main.o
    0x08002db8   0x08002db8   0x0000000c   Code   RO         3747    i.makeFreeRtosPriority  cmsis_os.o
    0x08002dc4   0x08002dc4   0x0000000e   Code   RO         3749    i.osDelay           cmsis_os.o
    0x08002dd2   0x08002dd2   0x0000000a   Code   RO         3752    i.osKernelStart     cmsis_os.o
    0x08002ddc   0x08002ddc   0x00000054   Code   RO         3786    i.osThreadCreate    cmsis_os.o
    0x08002e30   0x08002e30   0x00000070   Code   RO         3444    i.prvAddCurrentTaskToDelayedList  tasks.o
    0x08002ea0   0x08002ea0   0x000000d0   Code   RO         3445    i.prvAddNewTaskToReadyList  tasks.o
    0x08002f70   0x08002f70   0x00000034   Code   RO         3446    i.prvDeleteTCB      tasks.o
    0x08002fa4   0x08002fa4   0x0000004c   Code   RO         4114    i.prvHeapInit       heap_4.o
    0x08002ff0   0x08002ff0   0x00000060   Code   RO         3447    i.prvIdleTask       tasks.o
    0x08003050   0x08003050   0x0000008e   Code   RO         3448    i.prvInitialiseNewTask  tasks.o
    0x080030de   0x080030de   0x00000002   PAD
    0x080030e0   0x080030e0   0x0000004c   Code   RO         4115    i.prvInsertBlockIntoFreeList  heap_4.o
    0x0800312c   0x0800312c   0x00000020   Code   RO         3449    i.prvResetNextTaskUnblockTime  tasks.o
    0x0800314c   0x0800314c   0x00000028   Code   RO         4176    i.prvTaskExitError  port.o
    0x08003174   0x08003174   0x000000d8   Code   RO         4116    i.pvPortMalloc      heap_4.o
    0x0800324c   0x0800324c   0x00000024   Code   RO         4177    i.pxPortInitialiseStack  port.o
    0x08003270   0x08003270   0x00000064   Code   RO          514    i.readfromspi       deca_spi.o
    0x080032d4   0x080032d4   0x00000026   Code   RO         3098    i.uxListRemove      list.o
    0x080032fa   0x080032fa   0x00000002   PAD
    0x080032fc   0x080032fc   0x00000014   Code   RO          238    i.vApplicationGetIdleTaskMemory  freertos.o
    0x08003310   0x08003310   0x00000016   Code   RO         3099    i.vListInitialise   list.o
    0x08003326   0x08003326   0x00000006   Code   RO         3100    i.vListInitialiseItem  list.o
    0x0800332c   0x0800332c   0x00000030   Code   RO         3101    i.vListInsert       list.o
    0x0800335c   0x0800335c   0x00000018   Code   RO         3102    i.vListInsertEnd    list.o
    0x08003374   0x08003374   0x00000040   Code   RO         4179    i.vPortEnterCritical  port.o
    0x080033b4   0x080033b4   0x00000028   Code   RO         4180    i.vPortExitCritical  port.o
    0x080033dc   0x080033dc   0x0000005c   Code   RO         4117    i.vPortFree         heap_4.o
    0x08003438   0x08003438   0x00000024   Code   RO         4181    i.vPortSetupTimerInterrupt  port.o
    0x0800345c   0x0800345c   0x0000004c   Code   RO         3457    i.vTaskDelay        tasks.o
    0x080034a8   0x080034a8   0x0000006c   Code   RO         3470    i.vTaskStartScheduler  tasks.o
    0x08003514   0x08003514   0x00000010   Code   RO         3472    i.vTaskSuspendAll   tasks.o
    0x08003524   0x08003524   0x0000005c   Code   RO         3473    i.vTaskSwitchContext  tasks.o
    0x08003580   0x08003580   0x00000064   Code   RO          515    i.writetospi        deca_spi.o
    0x080035e4   0x080035e4   0x000000a8   Code   RO         4183    i.xPortStartScheduler  port.o
    0x0800368c   0x0800368c   0x0000002c   Code   RO         4184    i.xPortSysTickHandler  port.o
    0x080036b8   0x080036b8   0x0000005a   Code   RO         3475    i.xTaskCreate       tasks.o
    0x08003712   0x08003712   0x00000056   Code   RO         3476    i.xTaskCreateStatic  tasks.o
    0x08003768   0x08003768   0x0000001c   Code   RO         3480    i.xTaskGetSchedulerState  tasks.o
    0x08003784   0x08003784   0x000000c8   Code   RO         3483    i.xTaskIncrementTick  tasks.o
    0x0800384c   0x0800384c   0x000000c4   Code   RO         3489    i.xTaskResumeAll    tasks.o
    0x08003910   0x08003910   0x00000038   Data   RO          240    .constdata          freertos.o
    0x08003948   0x08003948   0x00000010   Data   RO          476    .constdata          system_stm32f1xx.o
    0x08003958   0x08003958   0x00000008   Data   RO          477    .constdata          system_stm32f1xx.o
    0x08003960   0x08003960   0x0000020a   Data   RO          636    .constdata          deca_range_tables.o
    0x08003b6a   0x08003b6a   0x00000008   Data   RO          667    .constdata          deca_params_init.o
    0x08003b72   0x08003b72   0x00000002   PAD
    0x08003b74   0x08003b74   0x00000018   Data   RO          668    .constdata          deca_params_init.o
    0x08003b8c   0x08003b8c   0x0000001e   Data   RO          669    .constdata          deca_params_init.o
    0x08003baa   0x08003baa   0x00000002   Data   RO          670    .constdata          deca_params_init.o
    0x08003bac   0x08003bac   0x00000008   Data   RO          671    .constdata          deca_params_init.o
    0x08003bb4   0x08003bb4   0x00000003   Data   RO          672    .constdata          deca_params_init.o
    0x08003bb7   0x08003bb7   0x00000001   PAD
    0x08003bb8   0x08003bb8   0x0000000c   Data   RO          673    .constdata          deca_params_init.o
    0x08003bc4   0x08003bc4   0x00000004   Data   RO          674    .constdata          deca_params_init.o
    0x08003bc8   0x08003bc8   0x00000020   Data   RO          675    .constdata          deca_params_init.o
    0x08003be8   0x08003be8   0x00000032   Data   RO          676    .constdata          deca_params_init.o
    0x08003c1a   0x08003c1a   0x00000002   PAD
    0x08003c1c   0x08003c1c   0x00000018   Data   RO         4272    .constdata          eventrecorder.o
    0x08003c34   0x08003c34   0x00000013   Data   RO          241    .conststring        freertos.o
    0x08003c47   0x08003c47   0x00000001   PAD
    0x08003c48   0x08003c48   0x00000020   Data   RO         4504    Region$$Table       anon$$obj.o


    Execution Region RW_IRAM1 (Exec base: 0x20000000, Load base: 0x08003c68, Size: 0x00001a28, Max: 0x00005000, ABSOLUTE)

    Exec Addr    Load Addr    Size         Type   Attr      Idx    E Section Name        Object

    0x20000000   0x08003c68   0x00000008   Data   RW          242    .data               freertos.o
    0x20000008   0x08003c70   0x00000004   Data   RW          478    .data               system_stm32f1xx.o
    0x2000000c   0x08003c74   0x00000004   PAD
    0x20000010   0x08003c78   0x00000077   Data   RW         1223    .data               dw1000.o
    0x20000087   0x08003cef   0x00000001   PAD
    0x20000088   0x08003cf0   0x0000000c   Data   RW         1332    .data               stm32f1xx_hal.o
    0x20000094   0x08003cfc   0x0000003c   Data   RW         3492    .data               tasks.o
    0x200000d0   0x08003d38   0x00000018   Data   RW         4122    .data               heap_4.o
    0x200000e8   0x08003d50   0x0000000c   Data   RW         4185    .data               port.o
    0x200000f4        -       0x00000254   Zero   RW          239    .bss                freertos.o
    0x20000348        -       0x00000058   Zero   RW          293    .bss                spi.o
    0x200003a0        -       0x00000044   Zero   RW          335    .bss                usart.o
    0x200003e4        -       0x0000003c   Zero   RW          780    .bss                deca_device.o
    0x20000420        -       0x00000038   Zero   RW         1222    .bss                dw1000.o
    0x20000458        -       0x000000f0   Zero   RW         3491    .bss                tasks.o
    0x20000548        -       0x00000c00   Zero   RW         4121    .bss                heap_4.o
    0x20001148   0x08003d5c   0x00000038   PAD
    0x20001180        -       0x000004a4   Zero   RW         4271    .bss.noinit         eventrecorder.o
    0x20001624   0x08003d5c   0x00000004   PAD
    0x20001628        -       0x00000400   Zero   RW            1    STACK               startup_stm32f103xb.o


==============================================================================

Image component sizes


      Code (inc. data)   RO Data    RW Data    ZI Data      Debug   Object Name

       120          0          0          0          0      23013   cmsis_os.o
      2268         92          0          0         60      24600   deca_device.o
        40          6          0          0          0       4737   deca_mutex.o
         0          0        173          0          0       1897   deca_params_init.o
       216         16        522          0          0       2895   deca_range_tables.o
         4          0          0          0          0        501   deca_sleep.o
       200         16          0          0          0       2643   deca_spi.o
       876         42          0        119         56       4862   dw1000.o
         0          0          0          0          0      18420   event_groups.o
         0          0         24          0       1188       4209   eventrecorder.o
        88         12         75          8        596       2563   freertos.o
       168         18          0          0          0        911   gpio.o
       460         24          0         24       3072       7715   heap_4.o
       138          0          0          0          0       3766   list.o
       130          0          0          0          0     438192   main.o
       578         60          0         12          0      11032   port.o
       200         24          0          0         88       1621   spi.o
        36          8        236          0       1024        804   startup_stm32f103xb.o
       128         24          0         12          0       5653   stm32f1xx_hal.o
       232         14          0          0          0      30257   stm32f1xx_hal_cortex.o
       222          4          0          0          0       1983   stm32f1xx_hal_dma.o
       490         34          0          0          0       3104   stm32f1xx_hal_gpio.o
        72         10          0          0          0        842   stm32f1xx_hal_msp.o
      1280        102          0          0          0       5584   stm32f1xx_hal_rcc.o
      1914          8          0          0          0      10831   stm32f1xx_hal_spi.o
      1060         10          0          0          0       8232   stm32f1xx_hal_uart.o
        60         12          0          0          0       3873   stm32f1xx_it.o
         2          0         24          4          0       1151   system_stm32f1xx.o
      1534        116          0         60        240      18071   tasks.o
       184         20          0          0         68       1646   usart.o

    ----------------------------------------------------------------------
     12726        672       1092        244       6452     645608   Object Totals
         0          0         32          0          0          0   (incl. Generated)
        26          0          6          5         60          0   (incl. Padding)

    ----------------------------------------------------------------------

      Code (inc. data)   RO Data    RW Data    ZI Data      Debug   Library Member Name

         0          0          0          0          0          0   entry.o
         0          0          0          0          0          0   entry10a.o
         0          0          0          0          0          0   entry11a.o
         4          0          0          0          0          0   entry12b.o
         8          4          0          0          0          0   entry2.o
         4          0          0          0          0          0   entry5.o
         0          0          0          0          0          0   entry7b.o
         0          0          0          0          0          0   entry8b.o
         8          4          0          0          0          0   entry9a.o
        30          0          0          0          0          0   handlers.o
        36          8          0          0          0         68   init.o
         0          0          0          0          0          0   iusefp.o
        30          0          0          0          0         68   llshl.o
        36          0          0          0          0         68   llsshr.o
        32          0          0          0          0         68   llushr.o
        26          0          0          0          0         80   memcmp.o
        36          0          0          0          0         68   memcpya.o
        36          0          0          0          0        108   memseta.o
        56          0          0          0          0         88   d2f.o
       334          0          0          0          0        148   dadd.o
       222          0          0          0          0        100   ddiv.o
       186          0          0          0          0        176   depilogue.o
        62          0          0          0          0         80   dfixi.o
        34          0          0          0          0         76   dflti.o
        26          0          0          0          0         76   dfltui.o
       228          0          0          0          0         96   dmul.o
        46          0          0          0          0         80   dscalb.o
        38          0          0          0          0         68   f2d.o
       110          0          0          0          0        168   fepilogue.o
        18          0          0          0          0         68   fflti.o

    ----------------------------------------------------------------------
      1646         16          0          0          0       1752   Library Totals
         0          0          0          0          0          0   (incl. Padding)

    ----------------------------------------------------------------------

      Code (inc. data)   RO Data    RW Data    ZI Data      Debug   Library Name

       286         16          0          0          0        528   mc_w.l
      1360          0          0          0          0       1224   mf_w.l

    ----------------------------------------------------------------------
      1646         16          0          0          0       1752   Library Totals

    ----------------------------------------------------------------------

==============================================================================


      Code (inc. data)   RO Data    RW Data    ZI Data      Debug   

     14372        688       1092        244       6452     639660   Grand Totals
     14372        688       1092        244       6452     639660   ELF Image Totals
     14372        688       1092        244          0          0   ROM Totals

==============================================================================

    Total RO  Size (Code + RO Data)                15464 (  15.10kB)
    Total RW  Size (RW Data + ZI Data)              6696 (   6.54kB)
    Total ROM Size (Code + RO Data + RW Data)      15708 (  15.34kB)

==============================================================================

