Component: ARM Compiler 5.06 update 7 (build 960) Tool: armlink [4d3601]

==============================================================================

Section Cross References

    startup_stm32f103xb.o(STACK) refers (Special) to heapauxi.o(.text) for __use_two_region_memory
    startup_stm32f103xb.o(HEAP) refers (Special) to heapauxi.o(.text) for __use_two_region_memory
    startup_stm32f103xb.o(RESET) refers (Special) to heapauxi.o(.text) for __use_two_region_memory
    startup_stm32f103xb.o(RESET) refers to startup_stm32f103xb.o(STACK) for __initial_sp
    startup_stm32f103xb.o(RESET) refers to startup_stm32f103xb.o(.text) for Reset_Handler
    startup_stm32f103xb.o(RESET) refers to stm32f1xx_it.o(i.NMI_Handler) for NMI_Handler
    startup_stm32f103xb.o(RESET) refers to stm32f1xx_it.o(i.HardFault_Handler) for HardFault_Handler
    startup_stm32f103xb.o(RESET) refers to stm32f1xx_it.o(i.MemManage_Handler) for MemManage_Handler
    startup_stm32f103xb.o(RESET) refers to stm32f1xx_it.o(i.BusFault_Handler) for BusFault_Handler
    startup_stm32f103xb.o(RESET) refers to stm32f1xx_it.o(i.UsageFault_Handler) for UsageFault_Handler
    startup_stm32f103xb.o(RESET) refers to stm32f1xx_it.o(i.SVC_Handler) for SVC_Handler
    startup_stm32f103xb.o(RESET) refers to stm32f1xx_it.o(i.DebugMon_Handler) for DebugMon_Handler
    startup_stm32f103xb.o(RESET) refers to stm32f1xx_it.o(i.PendSV_Handler) for PendSV_Handler
    startup_stm32f103xb.o(RESET) refers to stm32f1xx_it.o(i.SysTick_Handler) for SysTick_Handler
    startup_stm32f103xb.o(RESET) refers to stm32f1xx_it.o(i.USART1_IRQHandler) for USART1_IRQHandler
    startup_stm32f103xb.o(.text) refers (Special) to heapauxi.o(.text) for __use_two_region_memory
    startup_stm32f103xb.o(.text) refers to system_stm32f1xx.o(i.SystemInit) for SystemInit
    startup_stm32f103xb.o(.text) refers to __main.o(!!!main) for __main
    startup_stm32f103xb.o(.text) refers to startup_stm32f103xb.o(HEAP) for Heap_Mem
    startup_stm32f103xb.o(.text) refers to startup_stm32f103xb.o(STACK) for Stack_Mem
    main.o(i.HAL_UART_RxCpltCallback) refers to usart.o(.bss) for huart1
    main.o(i.HAL_UART_RxCpltCallback) refers to tx_wait_resp_example.o(.data) for uart_flag
    main.o(i.SystemClock_Config) refers to rt_memclr_w.o(.text) for __aeabi_memclr4
    main.o(i.SystemClock_Config) refers to stm32f1xx_hal_rcc.o(i.HAL_RCC_OscConfig) for HAL_RCC_OscConfig
    main.o(i.SystemClock_Config) refers to main.o(i.Error_Handler) for Error_Handler
    main.o(i.SystemClock_Config) refers to stm32f1xx_hal_rcc.o(i.HAL_RCC_ClockConfig) for HAL_RCC_ClockConfig
    main.o(i.main) refers to eventrecorder.o(i.EventRecorderInitialize) for EventRecorderInitialize
    main.o(i.main) refers to eventrecorder.o(i.EventRecorderStart) for EventRecorderStart
    main.o(i.main) refers to stm32f1xx_hal.o(i.HAL_Init) for HAL_Init
    main.o(i.main) refers to main.o(i.SystemClock_Config) for SystemClock_Config
    main.o(i.main) refers to gpio.o(i.MX_GPIO_Init) for MX_GPIO_Init
    main.o(i.main) refers to spi.o(i.MX_SPI1_Init) for MX_SPI1_Init
    main.o(i.main) refers to usart.o(i.MX_USART1_UART_Init) for MX_USART1_UART_Init
    main.o(i.main) refers to noretval__2sprintf.o(.text) for __2sprintf
    main.o(i.main) refers to strlen.o(.text) for strlen
    main.o(i.main) refers to stm32f1xx_hal_uart.o(i.HAL_UART_Transmit_IT) for HAL_UART_Transmit_IT
    main.o(i.main) refers to tx_wait_resp_example.o(i.start_agent) for start_agent
    main.o(i.main) refers to main.o(.bss) for uart_tx_buffer
    main.o(i.main) refers to main.o(.data) for str_len
    main.o(i.main) refers to usart.o(.bss) for huart1
    gpio.o(i.MX_GPIO_Init) refers to stm32f1xx_hal_gpio.o(i.HAL_GPIO_WritePin) for HAL_GPIO_WritePin
    gpio.o(i.MX_GPIO_Init) refers to stm32f1xx_hal_gpio.o(i.HAL_GPIO_Init) for HAL_GPIO_Init
    spi.o(i.HAL_SPI_MspDeInit) refers to stm32f1xx_hal_gpio.o(i.HAL_GPIO_DeInit) for HAL_GPIO_DeInit
    spi.o(i.HAL_SPI_MspInit) refers to stm32f1xx_hal_gpio.o(i.HAL_GPIO_Init) for HAL_GPIO_Init
    spi.o(i.MX_SPI1_Init) refers to stm32f1xx_hal_spi.o(i.HAL_SPI_Init) for HAL_SPI_Init
    spi.o(i.MX_SPI1_Init) refers to main.o(i.Error_Handler) for Error_Handler
    spi.o(i.MX_SPI1_Init) refers to spi.o(.bss) for hspi1
    usart.o(i.HAL_UART_MspDeInit) refers to stm32f1xx_hal_gpio.o(i.HAL_GPIO_DeInit) for HAL_GPIO_DeInit
    usart.o(i.HAL_UART_MspDeInit) refers to stm32f1xx_hal_cortex.o(i.HAL_NVIC_DisableIRQ) for HAL_NVIC_DisableIRQ
    usart.o(i.HAL_UART_MspInit) refers to stm32f1xx_hal_gpio.o(i.HAL_GPIO_Init) for HAL_GPIO_Init
    usart.o(i.HAL_UART_MspInit) refers to stm32f1xx_hal_cortex.o(i.HAL_NVIC_SetPriority) for HAL_NVIC_SetPriority
    usart.o(i.HAL_UART_MspInit) refers to stm32f1xx_hal_cortex.o(i.HAL_NVIC_EnableIRQ) for HAL_NVIC_EnableIRQ
    usart.o(i.MX_USART1_UART_Init) refers to stm32f1xx_hal_uart.o(i.HAL_UART_Init) for HAL_UART_Init
    usart.o(i.MX_USART1_UART_Init) refers to main.o(i.Error_Handler) for Error_Handler
[...]
    i.UART_DMAAbortOnError                   0x08003268   Section        0  stm32f1xx_hal_uart.o(i.UART_DMAAbortOnError)
    UART_DMAAbortOnError                     0x08003269   Thumb Code    20  stm32f1xx_hal_uart.o(i.UART_DMAAbortOnError)
    i.UART_EndRxTransfer                     0x0800327c   Section        0  stm32f1xx_hal_uart.o(i.UART_EndRxTransfer)
    UART_EndRxTransfer                       0x0800327d   Thumb Code    54  stm32f1xx_hal_uart.o(i.UART_EndRxTransfer)
    i.UART_EndTransmit_IT                    0x080032b2   Section        0  stm32f1xx_hal_uart.o(i.UART_EndTransmit_IT)
    UART_EndTransmit_IT                      0x080032b3   Thumb Code    32  stm32f1xx_hal_uart.o(i.UART_EndTransmit_IT)
    i.UART_Receive_IT                        0x080032d2   Section        0  stm32f1xx_hal_uart.o(i.UART_Receive_IT)
    UART_Receive_IT                          0x080032d3   Thumb Code   228  stm32f1xx_hal_uart.o(i.UART_Receive_IT)
    i.UART_SetConfig                         0x080033b8   Section        0  stm32f1xx_hal_uart.o(i.UART_SetConfig)
    UART_SetConfig                           0x080033b9   Thumb Code   248  stm32f1xx_hal_uart.o(i.UART_SetConfig)
    i.UART_Start_Receive_IT                  0x080034b4   Section        0  stm32f1xx_hal_uart.o(i.UART_Start_Receive_IT)
    i.UART_Transmit_IT                       0x080034fa   Section        0  stm32f1xx_hal_uart.o(i.UART_Transmit_IT)
    UART_Transmit_IT                         0x080034fb   Thumb Code    96  stm32f1xx_hal_uart.o(i.UART_Transmit_IT)
    i.USART1_IRQHandler                      0x0800355c   Section        0  stm32f1xx_it.o(i.USART1_IRQHandler)
    i.UWBS_fillMessage                       0x0800356c   Section        0  uwb_simple_distance_meter.o(i.UWBS_fillMessage)
    i.UWBS_getMessage                        0x080035a2   Section        0  uwb_simple_distance_meter.o(i.UWBS_getMessage)
    i.UWBS_initAgent                         0x080036be   Section        0  uwb_simple_distance_meter.o(i.UWBS_initAgent)
    i.UWBS_sendMessage                       0x080036f2   Section        0  uwb_simple_distance_meter.o(i.UWBS_sendMessage)
    i.UWB_GetRxTimestamp64                   0x08003768   Section        0  uwb_ui.o(i.UWB_GetRxTimestamp64)
    i.UWB_GetTxTimestamp64                   0x080037a4   Section        0  uwb_ui.o(i.UWB_GetTxTimestamp64)
    i.UWB_Init                               0x080037e0   Section        0  uwb_ui.o(i.UWB_Init)
    i.UWB_SendMessage                        0x0800381c   Section        0  uwb_ui.o(i.UWB_SendMessage)
    i.UWB_WaitForMessage                     0x08003858   Section        0  uwb_ui.o(i.UWB_WaitForMessage)
    i.UsageFault_Handler                     0x080038c8   Section        0  stm32f1xx_it.o(i.UsageFault_Handler)
    i.__NVIC_GetPriorityGrouping             0x080038cc   Section        0  stm32f1xx_hal_cortex.o(i.__NVIC_GetPriorityGrouping)
    __NVIC_GetPriorityGrouping               0x080038cd   Thumb Code    10  stm32f1xx_hal_cortex.o(i.__NVIC_GetPriorityGrouping)
    i.__NVIC_SetPriority                     0x080038dc   Section        0  stm32f1xx_hal_cortex.o(i.__NVIC_SetPriority)
    __NVIC_SetPriority                       0x080038dd   Thumb Code    32  stm32f1xx_hal_cortex.o(i.__NVIC_SetPriority)
    i._dwt_aonarrayupload                    0x08003904   Section        0  deca_device.o(i._dwt_aonarrayupload)
    i._dwt_configlde                         0x0800391c   Section        0  deca_device.o(i._dwt_configlde)
    i._dwt_disablesequencing                 0x0800394e   Section        0  deca_device.o(i._dwt_disablesequencing)
    i._dwt_enableclocks                      0x08003962   Section        0  deca_device.o(i._dwt_enableclocks)
    i._dwt_loaducodefromrom                  0x08003a56   Section        0  deca_device.o(i._dwt_loaducodefromrom)
    i._dwt_otpread                           0x08003a78   Section        0  deca_device.o(i._dwt_otpread)
    i._sys_close                             0x08003aa8   Section        0  retarget_io.o(i._sys_close)
    i._sys_flen                              0x08003ace   Section        0  retarget_io.o(i._sys_flen)
    i._sys_istty                             0x08003af2   Section        0  retarget_io.o(i._sys_istty)
    i._sys_open                              0x08003b18   Section        0  retarget_io.o(i._sys_open)
    i._sys_seek                              0x08003b80   Section        0  retarget_io.o(i._sys_seek)
    i._sys_write                             0x08003bac   Section        0  retarget_io.o(i._sys_write)
    i.addValue                               0x08003bf2   Section        0  moving_average.o(i.addValue)
    i.crc16_ccitt                            0x08003c3e   Section        0  eventrecorder.o(i.crc16_ccitt)
    crc16_ccitt                              0x08003c3f   Thumb Code    66  eventrecorder.o(i.crc16_ccitt)
    i.deca_sleep                             0x08003c80   Section        0  deca_sleep.o(i.deca_sleep)
    i.decamutexoff                           0x08003c8c   Section        0  deca_mutex.o(i.decamutexoff)
    i.decamutexon                            0x08003c9c   Section        0  deca_mutex.o(i.decamutexon)
    i.dwt_configure                          0x08003cb8   Section        0  deca_device.o(i.dwt_configure)
    i.dwt_initialise                         0x08003f10   Section        0  deca_device.o(i.dwt_initialise)
    i.dwt_read16bitoffsetreg                 0x08004114   Section        0  deca_device.o(i.dwt_read16bitoffsetreg)
    i.dwt_read32bitoffsetreg                 0x0800413a   Section        0  deca_device.o(i.dwt_read32bitoffsetreg)
    i.dwt_read8bitoffsetreg                  0x08004164   Section        0  deca_device.o(i.dwt_read8bitoffsetreg)
    i.dwt_readdevid                          0x0800417c   Section        0  deca_device.o(i.dwt_readdevid)
    i.dwt_readfromdevice                     0x08004188   Section        0  deca_device.o(i.dwt_readfromdevice)
    i.dwt_readrxdata                         0x080041ec   Section        0  deca_device.o(i.dwt_readrxdata)
    i.dwt_readrxtimestamp                    0x08004202   Section        0  deca_device.o(i.dwt_readrxtimestamp)
    i.dwt_readtxtimestamp                    0x08004214   Section        0  deca_device.o(i.dwt_readtxtimestamp)
    i.dwt_setrxtimeout                       0x08004228   Section        0  deca_device.o(i.dwt_setrxtimeout)
    i.dwt_setxtaltrim                        0x08004288   Section        0  deca_device.o(i.dwt_setxtaltrim)
    i.dwt_softreset                          0x080042a0   Section        0  deca_device.o(i.dwt_softreset)
    i.dwt_starttx                            0x080042e8   Section        0  deca_device.o(i.dwt_starttx)
    i.dwt_write16bitoffsetreg                0x08004354   Section        0  deca_device.o(i.dwt_write16bitoffsetreg)
    i.dwt_write32bitoffsetreg                0x08004376   Section        0  deca_device.o(i.dwt_write32bitoffsetreg)
    i.dwt_write8bitoffsetreg                 0x0800439e   Section        0  deca_device.o(i.dwt_write8bitoffsetreg)
    i.dwt_writetodevice                      0x080043b2   Section        0  deca_device.o(i.dwt_writetodevice)
    i.dwt_writetxdata                        0x0800441a   Section        0  deca_device.o(i.dwt_writetxdata)
    i.dwt_writetxfctrl                       0x08004440   Section        0  deca_device.o(i.dwt_writetxfctrl)
    i.fputc                                  0x0800446c   Section        0  fputc.o(i.fputc)
    i.getFiltred                             0x08004486   Section        0  moving_average.o(i.getFiltred)
    i.initFilter                             0x080044a0   Section        0  moving_average.o(i.initFilter)
    i.initPortPlotter                        0x080044e4   Section        0  uart_port_plotter_interface.o(i.initPortPlotter)
    i.main                                   0x0800450c   Section        0  main.o(i.main)
    i.read40to64bit                          0x08004574   Section        0  uwb_simple_distance_meter.o(i.read40to64bit)
    i.readfromspi                            0x0800458c   Section        0  deca_spi.o(i.readfromspi)
    i.reset_DW1000                           0x080045f8   Section        0  dw1000.o(i.reset_DW1000)
    i.sendMessageForPlotter                  0x08004634   Section        0  uart_port_plotter_interface.o(i.sendMessageForPlotter)
    i.spi_set_rate_high                      0x08004718   Section        0  dw1000.o(i.spi_set_rate_high)
    i.spi_set_rate_low                       0x0800472c   Section        0  dw1000.o(i.spi_set_rate_low)
    i.start_agent                            0x08004740   Section        0  tx_wait_resp_example.o(i.start_agent)
    i.stdout_putchar                         0x080049cc   Section        0  retarget_io.o(i.stdout_putchar)
    stdout_putchar                           0x080049cd   Thumb Code    68  retarget_io.o(i.stdout_putchar)
    i.write64to40bit                         0x08004a1c   Section        0  uwb_simple_distance_meter.o(i.write64to40bit)
    i.writetospi                             0x08004a2c   Section        0  deca_spi.o(i.writetospi)
    .constdata                               0x08004a98   Section       12  uwb_ui.o(.constdata)
    .constdata                               0x08004aa4   Section       24  system_stm32f1xx.o(.constdata)
    .constdata                               0x08004abc   Section      174  deca_params_init.o(.constdata)
    .constdata                               0x08004b6c   Section       24  eventrecorder.o(.constdata)
    __tagsym$$used                           0x08004b6c   Number         0  eventrecorder.o(.constdata)
    .constdata                               0x08004b84   Section       23  retarget_io.o(.constdata)
    .data                                    0x20000000   Section        1  main.o(.data)
    .data                                    0x20000004   Section        9  stm32f1xx_hal.o(.data)
    .data                                    0x20000010   Section        4  system_stm32f1xx.o(.data)
    .data                                    0x20000014   Section        4  deca_device.o(.data)
    pdw1000local                             0x20000014   Data           4  deca_device.o(.data)
    .data                                    0x20000018   Section       44  tx_wait_resp_example.o(.data)
    .data                                    0x20000044   Section       12  retarget_io.o(.data)
    index                                    0x20000044   Data           4  retarget_io.o(.data)
    buffer                                   0x20000048   Data           8  retarget_io.o(.data)
    .data                                    0x20000050   Section        4  stdio_streams.o(.data)
    .data                                    0x20000054   Section        4  stdio_streams.o(.data)
    .data                                    0x20000058   Section        4  stdio_streams.o(.data)
    .bss                                     0x2000005c   Section       20  main.o(.bss)
    .bss                                     0x20000070   Section       88  spi.o(.bss)
    .bss                                     0x200000c8   Section       68  usart.o(.bss)
    .bss                                     0x2000010c   Section       56  deca_device.o(.bss)
    dw1000local                              0x2000010c   Data          56  deca_device.o(.bss)
    .bss                                     0x20000144   Section       84  stdio_streams.o(.bss)
    .bss                                     0x20000198   Section       84  stdio_streams.o(.bss)
    .bss                                     0x200001ec   Section       84  stdio_streams.o(.bss)
    .bss                                     0x20000240   Section       96  libspace.o(.bss)
    .bss.noinit                              0x200002c0   Section     1188  eventrecorder.o(.bss.noinit)
    EventBuffer                              0x200002c0   Data        1024  eventrecorder.o(.bss.noinit)
    EventFilter                              0x200006c0   Data         128  eventrecorder.o(.bss.noinit)
    EventStatus                              0x20000740   Data          36  eventrecorder.o(.bss.noinit)
    HEAP                                     0x20000768   Section      512  startup_stm32f103xb.o(HEAP)
    Heap_Mem                                 0x20000768   Data         512  startup_stm32f103xb.o(HEAP)
    STACK                                    0x20000968   Section     1024  startup_stm32f103xb.o(STACK)
    Stack_Mem                                0x20000968   Data        1024  startup_stm32f103xb.o(STACK)
    __initial_sp                             0x20000d68   Data           0  startup_stm32f103xb.o(STACK)

    Global Symbols

    Symbol Name                              Value     Ov Type        Size  Object(Section)

    BuildAttributes$$THM_ISAv4$P$D$K$B$S$PE$A:L22UL41UL21$X:L11$S22US41US21$IEEE1$IW$USESV6$~STKCKD$USESV7$~SHL$OTIME$ROPI$EBA8$UX$STANDARDLIB$REQ8$PRES8$EABIv2 0x00000000   Number         0  anon$$obj.o ABSOLUTE
    __ARM_use_no_argv                        0x00000000   Number         0  main.o ABSOLUTE
    _printf_flags                            0x00000000   Number         0  printf_stubs.o ABSOLUTE
    _printf_return_value                     0x00000000   Number         0  printf_stubs.o ABSOLUTE
    _printf_sizespec                         0x00000000   Number         0  printf_stubs.o ABSOLUTE
    _printf_widthprec                        0x00000000   Number         0  printf_stubs.o ABSOLUTE
    __ARM_exceptions_init                     - Undefined Weak Reference
    __alloca_initialize                       - Undefined Weak Reference
    __arm_fini_                               - Undefined Weak Reference
    __arm_preinit_                            - Undefined Weak Reference
    __cpp_initialize__aeabi_                  - Undefined Weak Reference
    __cxa_finalize                            - Undefined Weak Reference
    __rt_locale                               - Undefined Weak Reference
    __sigvec_lookup                           - Undefined Weak Reference
    __user_heap_extent                        - Undefined Weak Reference
    _atexit_init                              - Undefined Weak Reference
    _call_atexit_fns                          - Undefined Weak Reference
    _clock_init                               - Undefined Weak Reference
    _fp_trap_init                             - Undefined Weak Reference
    _fp_trap_shutdown                         - Undefined Weak Reference
    _get_lc_collate                           - Undefined Weak Reference
    _get_lc_ctype                             - Undefined Weak Reference
    _get_lc_monetary                          - Undefined Weak Reference
    _get_lc_numeric                           - Undefined Weak Reference
    _get_lc_time                              - Undefined Weak Reference
    _getenv_init                              - Undefined Weak Reference
    _handle_redirection                       - Undefined Weak Reference
    _mutex_acquire                            - Undefined Weak Reference
    _mutex_free                               - Undefined Weak Reference
    _mutex_release                            - Undefined Weak Reference
    _printf_post_padding                      - Undefined Weak Reference
    _printf_pre_padding                       - Undefined Weak Reference
    _printf_truncate_signed                   - Undefined Weak Reference
    _printf_truncate_unsigned                 - Undefined Weak Reference
    _rand_init                                - Undefined Weak Reference
    _signal_finish                            - Undefined Weak Reference
    _signal_init                              - Undefined Weak Reference
    __Vectors_Size                           0x000000ec   Number         0  startup_stm32f103xb.o ABSOLUTE
    __Vectors                                0x08000000   Data           4  startup_stm32f103xb.o(RESET)
    __Vectors_End                            0x080000ec   Data           0  startup_stm32f103xb.o(RESET)
    __main                                   0x080000ed   Thumb Code     8  __main.o(!!!main)
    __scatterload                            0x080000f5   Thumb Code     0  __scatter.o(!!!scatter)
    __scatterload_rt2                        0x080000f5   Thumb Code    44  __scatter.o(!!!scatter)
    __scatterload_rt2_thumb_only             0x080000f5   Thumb Code     0  __scatter.o(!!!scatter)
    __scatterload_null                       0x08000103   Thumb Code     0  __scatter.o(!!!scatter)
    __scatterload_copy                       0x08000129   Thumb Code    26  __scatter_copy.o(!!handler_copy)
    __scatterload_zeroinit                   0x08000145   Thumb Code    28  __scatter_zi.o(!!handler_zi)
    _printf_ll                               0x08000161   Thumb Code     0  _printf_ll.o(.ARM.Collect$$_printf_percent$$00000007)
    _printf_percent                          0x08000161   Thumb Code     0  _printf_percent.o(.ARM.Collect$$_printf_percent$$00000000)
    _printf_lli                              0x0800016b   Thumb Code     0  _printf_lli.o(.ARM.Collect$$_printf_percent$$0000000D)
    _printf_percent_end                      0x08000171   Thumb Code     0  _printf_percent_end.o(.ARM.Collect$$_printf_percent$$00000017)
    __rt_lib_init                            0x08000175   Thumb Code     0  libinit.o(.ARM.Collect$$libinit$$00000000)
    __rt_lib_init_fp_1                       0x08000177   Thumb Code     0  libinit2.o(.ARM.Collect$$libinit$$00000002)
    __rt_lib_init_heap_2                     0x08000177   Thumb Code     0  libinit2.o(.ARM.Collect$$libinit$$00000005)
    __rt_lib_init_preinit_1                  0x08000177   Thumb Code     0  libinit2.o(.ARM.Collect$$libinit$$00000004)
    __rt_lib_init_atexit_1                   0x0800017f   Thumb Code     0  libinit2.o(.ARM.Collect$$libinit$$0000001B)
    __rt_lib_init_clock_1                    0x0800017f   Thumb Code     0  libinit2.o(.ARM.Collect$$libinit$$00000021)
    __rt_lib_init_fp_trap_1                  0x0800017f   Thumb Code     0  libinit2.o(.ARM.Collect$$libinit$$0000001F)
    __rt_lib_init_getenv_1                   0x0800017f   Thumb Code     0  libinit2.o(.ARM.Collect$$libinit$$00000023)
    __rt_lib_init_heap_1                     0x0800017f   Thumb Code     0  libinit2.o(.ARM.Collect$$libinit$$0000000A)
    __rt_lib_init_lc_collate_1               0x0800017f   Thumb Code     0  libinit2.o(.ARM.Collect$$libinit$$00000011)
    __rt_lib_init_lc_ctype_1                 0x0800017f   Thumb Code     0  libinit2.o(.ARM.Collect$$libinit$$00000013)
    __rt_lib_init_lc_monetary_1              0x0800017f   Thumb Code     0  libinit2.o(.ARM.Collect$$libinit$$00000015)
    __rt_lib_init_lc_numeric_1               0x0800017f   Thumb Code     0  libinit2.o(.ARM.Collect$$libinit$$00000017)
    __rt_lib_init_lc_time_1                  0x0800017f   Thumb Code     0  libinit2.o(.ARM.Collect$$libinit$$00000019)
    __rt_lib_init_rand_1                     0x0800017f   Thumb Code     0  libinit2.o(.ARM.Collect$$libinit$$0000000E)
    __rt_lib_init_signal_1                   0x0800017f   Thumb Code     0  libinit2.o(.ARM.Collect$$libinit$$0000001D)
    __rt_lib_init_stdio_2                    0x0800017f   Thumb Code     0  libinit2.o(.ARM.Collect$$libinit$$00000024)
    __rt_lib_init_user_alloc_1               0x0800017f   Thumb Code     0  libinit2.o(.ARM.Collect$$libinit$$0000000C)
    __rt_lib_init_alloca_1                   0x08000183   Thumb Code     0  libinit2.o(.ARM.Collect$$libinit$$0000002E)
    __rt_lib_init_argv_1                     0x08000183   Thumb Code     0  libinit2.o(.ARM.Collect$$libinit$$0000002C)
    __rt_lib_init_cpp_1                      0x08000183   Thumb Code     0  libinit2.o(.ARM.Collect$$libinit$$00000032)
    __rt_lib_init_exceptions_1               0x08000183   Thumb Code     0  libinit2.o(.ARM.Collect$$libinit$$00000030)
    __rt_lib_init_return                     0x08000183   Thumb Code     0  libinit2.o(.ARM.Collect$$libinit$$00000033)
    __rt_lib_init_stdio_1                    0x08000183   Thumb Code     0  libinit2.o(.ARM.Collect$$libinit$$00000025)
    __rt_lib_shutdown                        0x08000185   Thumb Code     0  libshutdown.o(.ARM.Collect$$libshutdown$$00000000)
    __rt_lib_shutdown_cpp_1                  0x08000187   Thumb Code     0  libshutdown2.o(.ARM.Collect$$libshutdown$$00000004)
    __rt_lib_shutdown_fini_1                 0x08000187   Thumb Code     0  libshutdown2.o(.ARM.Collect$$libshutdown$$00000002)
    __rt_lib_shutdown_stdio_2                0x08000187   Thumb Code     0  libshutdown2.o(.ARM.Collect$$libshutdown$$00000005)
    __rt_lib_shutdown_fp_trap_1              0x0800018b   Thumb Code     0  libshutdown2.o(.ARM.Collect$$libshutdown$$00000009)
    __rt_lib_shutdown_heap_1                 0x0800018b   Thumb Code     0  libshutdown2.o(.ARM.Collect$$libshutdown$$00000011)
    __rt_lib_shutdown_return                 0x0800018b   Thumb Code     0  libshutdown2.o(.ARM.Collect$$libshutdown$$00000012)
    __rt_lib_shutdown_signal_1               0x0800018b   Thumb Code     0  libshutdown2.o(.ARM.Collect$$libshutdown$$0000000C)
    __rt_lib_shutdown_stdio_1                0x0800018b   Thumb Code     0  libshutdown2.o(.ARM.Collect$$libshutdown$$00000006)
    __rt_lib_shutdown_user_alloc_1           0x0800018b   Thumb Code     0  libshutdown2.o(.ARM.Collect$$libshutdown$$0000000E)
    __rt_entry                               0x0800018d   Thumb Code     0  __rtentry.o(.ARM.Collect$$rtentry$$00000000)
    __rt_entry_presh_1                       0x0800018d   Thumb Code     0  __rtentry2.o(.ARM.Collect$$rtentry$$00000002)
    __rt_entry_sh                            0x0800018d   Thumb Code     0  __rtentry4.o(.ARM.Collect$$rtentry$$00000004)
    __rt_entry_li                            0x08000193   Thumb Code     0  __rtentry2.o(.ARM.Collect$$rtentry$$0000000A)
    __rt_entry_postsh_1                      0x08000193   Thumb Code     0  __rtentry2.o(.ARM.Collect$$rtentry$$00000009)
    __rt_entry_main                          0x08000197   Thumb Code     0  __rtentry2.o(.ARM.Collect$$rtentry$$0000000D)
    __rt_entry_postli_1                      0x08000197   Thumb Code     0  __rtentry2.o(.ARM.Collect$$rtentry$$0000000C)
    __rt_exit                                0x0800019f   Thumb Code     0  rtexit.o(.ARM.Collect$$rtexit$$00000000)
    __rt_exit_ls                             0x080001a1   Thumb Code     0  rtexit2.o(.ARM.Collect$$rtexit$$00000003)
    __rt_exit_prels_1                        0x080001a1   Thumb Code     0  rtexit2.o(.ARM.Collect$$rtexit$$00000002)
    __rt_exit_exit                           0x080001a5   Thumb Code     0  rtexit2.o(.ARM.Collect$$rtexit$$00000004)
    __asm___15_EventRecorder_c_e8d3082c__atomic_inc8 0x080001ad   Thumb Code    18  eventrecorder.o(.emb_text)
    __asm___15_EventRecorder_c_e8d3082c__atomic_inc32 0x080001bf   Thumb Code    18  eventrecorder.o(.emb_text)
    __asm___15_EventRecorder_c_e8d3082c__atomic_xch32 0x080001d1   Thumb Code    16  eventrecorder.o(.emb_text)
    __asm___15_EventRecorder_c_e8d3082c__LockRecord 0x080001e1   Thumb Code    34  eventrecorder.o(.emb_text)
    __asm___15_EventRecorder_c_e8d3082c__UnlockRecord 0x08000203   Thumb Code    30  eventrecorder.o(.emb_text)
    Reset_Handler                            0x08000221   Thumb Code     8  startup_stm32f103xb.o(.text)
    _maybe_terminate_alloc                   0x08000221   Thumb Code     0  maybetermalloc1.o(.emb_text)
    ADC1_2_IRQHandler                        0x0800023b   Thumb Code     0  startup_stm32f103xb.o(.text)
    CAN1_RX1_IRQHandler                      0x0800023b   Thumb Code     0  startup_stm32f103xb.o(.text)
    CAN1_SCE_IRQHandler                      0x0800023b   Thumb Code     0  startup_stm32f103xb.o(.text)
    DMA1_Channel1_IRQHandler                 0x0800023b   Thumb Code     0  startup_stm32f103xb.o(.text)
    DMA1_Channel2_IRQHandler                 0x0800023b   Thumb Code     0  startup_stm32f103xb.o(.text)
    DMA1_Channel3_IRQHandler                 0x0800023b   Thumb Code     0  startup_stm32f103xb.o(.text)
    DMA1_Channel4_IRQHandler                 0x0800023b   Thumb Code     0  startup_stm32f103xb.o(.text)
    DMA1_Channel5_IRQHandler                 0x0800023b   Thumb Code     0  startup_stm32f103xb.o(.text)
    DMA1_Channel6_IRQHandler                 0x0800023b   Thumb Code     0  startup_stm32f103xb.o(.text)
    DMA1_Channel7_IRQHandler                 0x0800023b   Thumb Code     0  startup_stm32f103xb.o(.text)
    EXTI0_IRQHandler                         0x0800023b   Thumb Code     0  startup_stm32f103xb.o(.text)
    EXTI15_10_IRQHandler                     0x0800023b   Thumb Code     0  startup_stm32f103xb.o(.text)
    EXTI1_IRQHandler                         0x0800023b   Thumb Code     0  startup_stm32f103xb.o(.text)
    EXTI2_IRQHandler                         0x0800023b   Thumb Code     0  startup_stm32f103xb.o(.text)
    EXTI3_IRQHandler                         0x0800023b   Thumb Code     0  startup_stm32f103xb.o(.text)
    EXTI4_IRQHandler                         0x0800023b   Thumb Code     0  startup_stm32f103xb.o(.text)
    EXTI9_5_IRQHandler                       0x0800023b   Thumb Code     0  startup_stm32f103xb.o(.text)
    FLASH_IRQHandler                         0x0800023b   Thumb Code     0  startup_stm32f103xb.o(.text)
    I2C1_ER_IRQHandler                       0x0800023b   Thumb Code     0  startup_stm32f103xb.o(.text)
    I2C1_EV_IRQHandler                       0x0800023b   Thumb Code     0  startup_stm32f103xb.o(.text)
    I2C2_ER_IRQHandler                       0x0800023b   Thumb Code     0  startup_stm32f103xb.o(.text)
    I2C2_EV_IRQHandler                       0x0800023b   Thumb Code     0  startup_stm32f103xb.o(.text)
    PVD_IRQHandler                           0x0800023b   Thumb Code     0  startup_stm32f103xb.o(.text)
    RCC_IRQHandler                           0x0800023b   Thumb Code     0  startup_stm32f103xb.o(.text)
    RTC_Alarm_IRQHandler                     0x0800023b   Thumb Code     0  startup_stm32f103xb.o(.text)
    RTC_IRQHandler                           0x0800023b   Thumb Code     0  startup_stm32f103xb.o(.text)
    SPI1_IRQHandler                          0x0800023b   Thumb Code     0  startup_stm32f103xb.o(.text)
    SPI2_IRQHandler                          0x0800023b   Thumb Code     0  startup_stm32f103xb.o(.text)
    TAMPER_IRQHandler                        0x0800023b   Thumb Code     0  startup_stm32f103xb.o(.text)
    TIM1_BRK_IRQHandler                      0x0800023b   Thumb Code     0  startup_stm32f103xb.o(.text)
    TIM1_CC_IRQHandler                       0x0800023b   Thumb Code     0  startup_stm32f103xb.o(.text)
    TIM1_TRG_COM_IRQHandler                  0x0800023b   Thumb Code     0  startup_stm32f103xb.o(.text)
    TIM1_UP_IRQHandler                       0x0800023b   Thumb Code     0  startup_stm32f103xb.o(.text)
    TIM2_IRQHandler                          0x0800023b   Thumb Code     0  startup_stm32f103xb.o(.text)
    TIM3_IRQHandler                          0x0800023b   Thumb Code     0  startup_stm32f103xb.o(.text)
    TIM4_IRQHandler                          0x0800023b   Thumb Code     0  startup_stm32f103xb.o(.text)
    USART2_IRQHandler                        0x0800023b   Thumb Code     0  startup_stm32f103xb.o(.text)
    USART3_IRQHandler                        0x0800023b   Thumb Code     0  startup_stm32f103xb.o(.text)
    USBWakeUp_IRQHandler                     0x0800023b   Thumb Code     0  startup_stm32f103xb.o(.text)
    USB_HP_CAN1_TX_IRQHandler                0x0800023b   Thumb Code     0  startup_stm32f103xb.o(.text)
    USB_LP_CAN1_RX0_IRQHandler               0x0800023b   Thumb Code     0  startup_stm32f103xb.o(.text)
    WWDG_IRQHandler                          0x0800023b   Thumb Code     0  startup_stm32f103xb.o(.text)
    __user_initial_stackheap                 0x0800023d   Thumb Code     0  startup_stm32f103xb.o(.text)
    malloc                                   0x08000261   Thumb Code    94  h1_alloc.o(.text)
    __aeabi_uldivmod                         0x080002bf   Thumb Code     0  lludivv7m.o(.text)
    _ll_udiv                                 0x080002bf   Thumb Code   238  lludivv7m.o(.text)
    __aeabi_ldivmod                          0x080003ad   Thumb Code     0  llsdiv.o(.text)
    _ll_sdiv                                 0x080003ad   Thumb Code    72  llsdiv.o(.text)
    __2printf                                0x080003f5   Thumb Code    20  noretval__2printf.o(.text)
    __2sprintf                               0x0800040d   Thumb Code    34  noretval__2sprintf.o(.text)
    _printf_longlong_dec                     0x08000435   Thumb Code   108  _printf_longlong_dec.o(.text)
    __printf                                 0x080004b1   Thumb Code   184  __printf_ss.o(.text)
    strlen                                   0x08000569   Thumb Code    62  strlen.o(.text)
    __aeabi_memcpy                           0x080005a7   Thumb Code     0  rt_memcpy_v6.o(.text)
    __rt_memcpy                              0x080005a7   Thumb Code   138  rt_memcpy_v6.o(.text)
    _memcpy_lastbytes                        0x0800060d   Thumb Code     0  rt_memcpy_v6.o(.text)
    __aeabi_memcpy4                          0x08000631   Thumb Code     0  rt_memcpy_w.o(.text)
    __aeabi_memcpy8                          0x08000631   Thumb Code     0  rt_memcpy_w.o(.text)
    __rt_memcpy_w                            0x08000631   Thumb Code   100  rt_memcpy_w.o(.text)
    _memcpy_lastbytes_aligned                0x08000679   Thumb Code     0  rt_memcpy_w.o(.text)
    __aeabi_memclr4                          0x08000695   Thumb Code     0  rt_memclr_w.o(.text)
    __aeabi_memclr8                          0x08000695   Thumb Code     0  rt_memclr_w.o(.text)
    __rt_memclr_w                            0x08000695   Thumb Code    78  rt_memclr_w.o(.text)
    _memset_w                                0x08000699   Thumb Code     0  rt_memclr_w.o(.text)
    strcmp                                   0x080006e5   Thumb Code   128  strcmpv7m.o(.text)
    __use_two_region_memory                  0x08000765   Thumb Code     2  heapauxi.o(.text)
    __rt_heap_escrow                         0x08000767   Thumb Code     2  heapauxi.o(.text)
    __rt_heap_expand                         0x08000769   Thumb Code     2  heapauxi.o(.text)
    __rt_heap_descriptor                     0x0800076d   Thumb Code     8  rt_heap_descriptor_intlibspace.o(.text)
    __use_no_heap                            0x08000775   Thumb Code     2  hguard.o(.text)
    __heap$guard                             0x08000777   Thumb Code     2  hguard.o(.text)
    _terminate_user_alloc                    0x08000779   Thumb Code     2  init_alloc.o(.text)
    _init_user_alloc                         0x0800077b   Thumb Code     2  init_alloc.o(.text)
    __Heap_Full                              0x0800077d   Thumb Code    34  init_alloc.o(.text)
    __Heap_Broken                            0x0800079f   Thumb Code     6  init_alloc.o(.text)
    _init_alloc                              0x080007a5   Thumb Code    94  init_alloc.o(.text)
    __Heap_Initialize                        0x08000803   Thumb Code    10  h1_init.o(.text)
    __Heap_DescSize                          0x0800080d   Thumb Code     4  h1_init.o(.text)
    free                                     0x08000811   Thumb Code    78  h1_free.o(.text)
    _ll_udiv10                               0x0800085f   Thumb Code   138  lludiv10.o(.text)
    _printf_int_common                       0x080008e9   Thumb Code   178  _printf_intcommon.o(.text)
    _printf_char_common                      0x080009a7   Thumb Code    32  _printf_char_common.o(.text)
    _sputc                                   0x080009cd   Thumb Code    10  _sputc.o(.text)
    _printf_char_file                        0x080009d9   Thumb Code    32  _printf_char_file.o(.text)
    __user_libspace                          0x080009fd   Thumb Code     8  libspace.o(.text)
    __user_perproc_libspace                  0x080009fd   Thumb Code     0  libspace.o(.text)
    __user_perthread_libspace                0x080009fd   Thumb Code     0  libspace.o(.text)
    __Heap_ProvideMemory                     0x08000a05   Thumb Code    52  h1_extend.o(.text)
    ferror                                   0x08000a39   Thumb Code     8  ferror.o(.text)
    _initio                                  0x08000a41   Thumb Code   210  initio.o(.text)
    _terminateio                             0x08000b13   Thumb Code    56  initio.o(.text)
    __rt_SIGRTMEM                            0x08000b79   Thumb Code    14  defsig_rtmem_outer.o(.text)
    __I$use$semihosting                      0x08000b87   Thumb Code     0  use_no_semi.o(.text)
    __use_no_semihosting_swi                 0x08000b87   Thumb Code     2  use_no_semi.o(.text)
    __semihosting_library_function           0x08000b89   Thumb Code     0  indicate_semi.o(.text)
    __user_setup_stackheap                   0x08000b89   Thumb Code    74  sys_stackheap_outer.o(.text)
    __flsbuf                                 0x08000bd3   Thumb Code   470  flsbuf.o(.text)
    __flsbuf_byte                            0x08000bd3   Thumb Code     0  flsbuf.o(.text)
    __flsbuf_wide                            0x08000bd3   Thumb Code     0  flsbuf.o(.text)
    setvbuf                                  0x08000da9   Thumb Code    70  setvbuf.o(.text)
    freopen                                  0x08000df1   Thumb Code   158  fopen.o(.text)
    fopen                                    0x08000e8f   Thumb Code    74  fopen.o(.text)
    _fclose_internal                         0x08000edd   Thumb Code    76  fclose.o(.text)
    fclose                                   0x08000edd   Thumb Code     0  fclose.o(.text)
    exit                                     0x08000f29   Thumb Code    18  exit.o(.text)
    __sig_exit                               0x08000f3b   Thumb Code    10  defsig_exit.o(.text)
    __rt_SIGRTRED                            0x08000f45   Thumb Code    14  defsig_rtred_outer.o(.text)
    __rt_SIGRTMEM_inner                      0x08000f55   Thumb Code    22  defsig_rtmem_inner.o(.text)
    _sys_exit                                0x08000fa5   Thumb Code     8  sys_exit.o(.text)
    _fseek                                   0x08000fb1   Thumb Code   242  fseek.o(.text)
    fseek                                    0x08000fb1   Thumb Code     0  fseek.o(.text)
    _seterr                                  0x080010a9   Thumb Code    20  stdio.o(.text)
    _writebuf                                0x080010bd   Thumb Code    84  stdio.o(.text)
    _fflush                                  0x08001111   Thumb Code    70  stdio.o(.text)
    _deferredlazyseek                        0x08001157   Thumb Code    60  stdio.o(.text)
    __default_signal_display                 0x08001199   Thumb Code    50  defsig_general.o(.text)
    __rt_SIGRTRED_inner                      0x080011cd   Thumb Code    14  defsig_rtred_inner.o(.text)
    _ttywrch                                 0x08001201   Thumb Code    14  sys_wrch.o(.text)
    _ftell_internal                          0x0800120f   Thumb Code    66  ftell.o(.text)
    ftell                                    0x0800120f   Thumb Code     0  ftell.o(.text)
    __aeabi_errno_addr                       0x08001251   Thumb Code     8  rt_errno_addr_intlibspace.o(.text)
    __errno$intlibspace                      0x08001251   Thumb Code     0  rt_errno_addr_intlibspace.o(.text)
    __rt_errno_addr$intlibspace              0x08001251   Thumb Code     0  rt_errno_addr_intlibspace.o(.text)
    BusFault_Handler                         0x08001259   Thumb Code     4  stm32f1xx_it.o(i.BusFault_Handler)
    DebugMon_Handler                         0x0800125d   Thumb Code     2  stm32f1xx_it.o(i.DebugMon_Handler)
    Error_Handler                            0x0800125f   Thumb Code     6  main.o(i.Error_Handler)
    EventRecord2                             0x080012c9   Thumb Code    70  eventrecorder.o(i.EventRecord2)
    EventRecordData                          0x0800130f   Thumb Code   278  eventrecorder.o(i.EventRecordData)
    EventRecorderEnable                      0x080014fd   Thumb Code    88  eventrecorder.o(i.EventRecorderEnable)
    EventRecorderInitialize                  0x08001559   Thumb Code   268  eventrecorder.o(i.EventRecorderInitialize)
    EventRecorderStart                       0x08001681   Thumb Code    40  eventrecorder.o(i.EventRecorderStart)
    EventRecorderTimerGetCount               0x080016b1   Thumb Code     6  eventrecorder.o(i.EventRecorderTimerGetCount)
    EventRecorderTimerSetup                  0x080016bd   Thumb Code    28  eventrecorder.o(i.EventRecorderTimerSetup)
    HAL_DMA_Abort                            0x080016f1   Thumb Code    86  stm32f1xx_hal_dma.o(i.HAL_DMA_Abort)
    HAL_DMA_Abort_IT                         0x08001749   Thumb Code   172  stm32f1xx_hal_dma.o(i.HAL_DMA_Abort_IT)
    HAL_Delay                                0x080017f9   Thumb Code    36  stm32f1xx_hal.o(i.HAL_Delay)
    HAL_GPIO_Init                            0x08001821   Thumb Code   766  stm32f1xx_hal_gpio.o(i.HAL_GPIO_Init)
    HAL_GPIO_WritePin                        0x08001b41   Thumb Code    12  stm32f1xx_hal_gpio.o(i.HAL_GPIO_WritePin)
    HAL_GetTick                              0x08001b4d   Thumb Code     6  stm32f1xx_hal.o(i.HAL_GetTick)
    HAL_IncTick                              0x08001b59   Thumb Code    16  stm32f1xx_hal.o(i.HAL_IncTick)
    HAL_Init                                 0x08001b71   Thumb Code    34  stm32f1xx_hal.o(i.HAL_Init)
    HAL_InitTick                             0x08001b99   Thumb Code    64  stm32f1xx_hal.o(i.HAL_InitTick)
    HAL_MspInit                              0x08001be5   Thumb Code    76  stm32f1xx_hal_msp.o(i.HAL_MspInit)
    HAL_NVIC_DisableIRQ                      0x08001c39   Thumb Code    62  stm32f1xx_hal_cortex.o(i.HAL_NVIC_DisableIRQ)
    HAL_NVIC_EnableIRQ                       0x08001c7d   Thumb Code    32  stm32f1xx_hal_cortex.o(i.HAL_NVIC_EnableIRQ)
    HAL_NVIC_SetPriority                     0x08001c9d   Thumb Code   124  stm32f1xx_hal_cortex.o(i.HAL_NVIC_SetPriority)
    HAL_NVIC_SetPriorityGrouping             0x08001d19   Thumb Code    32  stm32f1xx_hal_cortex.o(i.HAL_NVIC_SetPriorityGrouping)
    HAL_RCC_ClockConfig                      0x08001d41   Thumb Code   376  stm32f1xx_hal_rcc.o(i.HAL_RCC_ClockConfig)
    HAL_RCC_GetHCLKFreq                      0x08001ecd   Thumb Code     6  stm32f1xx_hal_rcc.o(i.HAL_RCC_GetHCLKFreq)
    HAL_RCC_GetPCLK1Freq                     0x08001ed9   Thumb Code    22  stm32f1xx_hal_rcc.o(i.HAL_RCC_GetPCLK1Freq)
    HAL_RCC_GetPCLK2Freq                     0x08001ef9   Thumb Code    22  stm32f1xx_hal_rcc.o(i.HAL_RCC_GetPCLK2Freq)
    HAL_RCC_GetSysClockFreq                  0x08001f19   Thumb Code   116  stm32f1xx_hal_rcc.o(i.HAL_RCC_GetSysClockFreq)
    HAL_RCC_OscConfig                        0x08001fb1   Thumb Code  1114  stm32f1xx_hal_rcc.o(i.HAL_RCC_OscConfig)
    HAL_SPI_Init                             0x08002415   Thumb Code   190  stm32f1xx_hal_spi.o(i.HAL_SPI_Init)
    HAL_SPI_MspInit                          0x080024d5   Thumb Code   120  spi.o(i.HAL_SPI_MspInit)
    HAL_SPI_Receive                          0x08002559   Thumb Code   368  stm32f1xx_hal_spi.o(i.HAL_SPI_Receive)
    HAL_SPI_Transmit                         0x080026c9   Thumb Code   430  stm32f1xx_hal_spi.o(i.HAL_SPI_Transmit)
    HAL_SPI_TransmitReceive                  0x08002877   Thumb Code   554  stm32f1xx_hal_spi.o(i.HAL_SPI_TransmitReceive)
    HAL_SYSTICK_Config                       0x08002aa1   Thumb Code    52  stm32f1xx_hal_cortex.o(i.HAL_SYSTICK_Config)
    HAL_UARTEx_RxEventCallback               0x08002ad5   Thumb Code     2  stm32f1xx_hal_uart.o(i.HAL_UARTEx_RxEventCallback)
    HAL_UART_ErrorCallback                   0x08002ad7   Thumb Code     2  stm32f1xx_hal_uart.o(i.HAL_UART_ErrorCallback)
    HAL_UART_IRQHandler                      0x08002ad9   Thumb Code   582  stm32f1xx_hal_uart.o(i.HAL_UART_IRQHandler)
    HAL_UART_Init                            0x08002d25   Thumb Code   114  stm32f1xx_hal_uart.o(i.HAL_UART_Init)
    HAL_UART_MspInit                         0x08002d99   Thumb Code   138  usart.o(i.HAL_UART_MspInit)
    HAL_UART_Receive_IT                      0x08002e31   Thumb Code    66  stm32f1xx_hal_uart.o(i.HAL_UART_Receive_IT)
    HAL_UART_RxCpltCallback                  0x08002e75   Thumb Code    14  main.o(i.HAL_UART_RxCpltCallback)
    HAL_UART_Transmit_IT                     0x08002e8d   Thumb Code    88  stm32f1xx_hal_uart.o(i.HAL_UART_Transmit_IT)
    HAL_UART_TxCpltCallback                  0x08002ee5   Thumb Code     2  stm32f1xx_hal_uart.o(i.HAL_UART_TxCpltCallback)
    HardFault_Handler                        0x08002ee7   Thumb Code     4  stm32f1xx_it.o(i.HardFault_Handler)
    MX_GPIO_Init                             0x08002eed   Thumb Code   190  gpio.o(i.MX_GPIO_Init)
    MX_SPI1_Init                             0x08002fbd   Thumb Code    60  spi.o(i.MX_SPI1_Init)
    MX_USART1_UART_Init                      0x08003001   Thumb Code    46  usart.o(i.MX_USART1_UART_Init)
    MemManage_Handler                        0x08003039   Thumb Code     4  stm32f1xx_it.o(i.MemManage_Handler)
    NMI_Handler                              0x0800303d   Thumb Code     4  stm32f1xx_it.o(i.NMI_Handler)
    PendSV_Handler                           0x08003041   Thumb Code     2  stm32f1xx_it.o(i.PendSV_Handler)
    SVC_Handler                              0x080031f9   Thumb Code     2  stm32f1xx_it.o(i.SVC_Handler)
    SysTick_Handler                          0x080031fb   Thumb Code     8  stm32f1xx_it.o(i.SysTick_Handler)
    SystemClock_Config                       0x08003203   Thumb Code   100  main.o(i.SystemClock_Config)
    SystemInit                               0x08003267   Thumb Code     2  system_stm32f1xx.o(i.SystemInit)
    UART_Start_Receive_IT                    0x080034b5   Thumb Code    70  stm32f1xx_hal_uart.o(i.UART_Start_Receive_IT)
    USART1_IRQHandler                        0x0800355d   Thumb Code    10  stm32f1xx_it.o(i.USART1_IRQHandler)
    UWBS_fillMessage                         0x0800356d   Thumb Code    54  uwb_simple_distance_meter.o(i.UWBS_fillMessage)
    UWBS_getMessage                          0x080035a3   Thumb Code   284  uwb_simple_distance_meter.o(i.UWBS_getMessage)
    UWBS_initAgent                           0x080036bf   Thumb Code    52  uwb_simple_distance_meter.o(i.UWBS_initAgent)
    UWBS_sendMessage                         0x080036f3   Thumb Code   118  uwb_simple_distance_meter.o(i.UWBS_sendMessage)
    UWB_GetRxTimestamp64                     0x08003769   Thumb Code    54  uwb_ui.o(i.UWB_GetRxTimestamp64)
    UWB_GetTxTimestamp64                     0x080037a5   Thumb Code    54  uwb_ui.o(i.UWB_GetTxTimestamp64)
    UWB_Init                                 0x080037e1   Thumb Code    54  uwb_ui.o(i.UWB_Init)
    UWB_SendMessage                          0x0800381d   Thumb Code    60  uwb_ui.o(i.UWB_SendMessage)
    UWB_WaitForMessage                       0x08003859   Thumb Code   106  uwb_ui.o(i.UWB_WaitForMessage)
    UsageFault_Handler                       0x080038c9   Thumb Code     4  stm32f1xx_it.o(i.UsageFault_Handler)
    _dwt_aonarrayupload                      0x08003905   Thumb Code    24  deca_device.o(i._dwt_aonarrayupload)
    _dwt_configlde                           0x0800391d   Thumb Code    50  deca_device.o(i._dwt_configlde)
    _dwt_disablesequencing                   0x0800394f   Thumb Code    20  deca_device.o(i._dwt_disablesequencing)
    _dwt_enableclocks                        0x08003963   Thumb Code   244  deca_device.o(i._dwt_enableclocks)
    _dwt_loaducodefromrom                    0x08003a57   Thumb Code    34  deca_device.o(i._dwt_loaducodefromrom)
    _dwt_otpread                             0x08003a79   Thumb Code    48  deca_device.o(i._dwt_otpread)
    _sys_close                               0x08003aa9   Thumb Code    38  retarget_io.o(i._sys_close)
    _sys_flen                                0x08003acf   Thumb Code    36  retarget_io.o(i._sys_flen)
    _sys_istty                               0x08003af3   Thumb Code    36  retarget_io.o(i._sys_istty)
    _sys_open                                0x08003b19   Thumb Code    80  retarget_io.o(i._sys_open)
    _sys_seek                                0x08003b81   Thumb Code    44  retarget_io.o(i._sys_seek)
    _sys_write                               0x08003bad   Thumb Code    70  retarget_io.o(i._sys_write)
    addValue                                 0x08003bf3   Thumb Code    76  moving_average.o(i.addValue)
    deca_sleep                               0x08003c81   Thumb Code    12  deca_sleep.o(i.deca_sleep)
    decamutexoff                             0x08003c8d   Thumb Code    14  deca_mutex.o(i.decamutexoff)
    decamutexon                              0x08003c9d   Thumb Code    22  deca_mutex.o(i.decamutexon)
    dwt_configure                            0x08003cb9   Thumb Code   550  deca_device.o(i.dwt_configure)
    dwt_initialise                           0x08003f11   Thumb Code   508  deca_device.o(i.dwt_initialise)
    dwt_read16bitoffsetreg                   0x08004115   Thumb Code    38  deca_device.o(i.dwt_read16bitoffsetreg)
    dwt_read32bitoffsetreg                   0x0800413b   Thumb Code    42  deca_device.o(i.dwt_read32bitoffsetreg)
    dwt_read8bitoffsetreg                    0x08004165   Thumb Code    24  deca_device.o(i.dwt_read8bitoffsetreg)
    dwt_readdevid                            0x0800417d   Thumb Code    12  deca_device.o(i.dwt_readdevid)
    dwt_readfromdevice                       0x08004189   Thumb Code   100  deca_device.o(i.dwt_readfromdevice)
    dwt_readrxdata                           0x080041ed   Thumb Code    22  deca_device.o(i.dwt_readrxdata)
    dwt_readrxtimestamp                      0x08004203   Thumb Code    18  deca_device.o(i.dwt_readrxtimestamp)
    dwt_readtxtimestamp                      0x08004215   Thumb Code    18  deca_device.o(i.dwt_readtxtimestamp)
    dwt_setrxtimeout                         0x08004229   Thumb Code    92  deca_device.o(i.dwt_setrxtimeout)
    dwt_setxtaltrim                          0x08004289   Thumb Code    24  deca_device.o(i.dwt_setxtaltrim)
    dwt_softreset                            0x080042a1   Thumb Code    66  deca_device.o(i.dwt_softreset)
    dwt_starttx                              0x080042e9   Thumb Code   104  deca_device.o(i.dwt_starttx)
    dwt_write16bitoffsetreg                  0x08004355   Thumb Code    34  deca_device.o(i.dwt_write16bitoffsetreg)
    dwt_write32bitoffsetreg                  0x08004377   Thumb Code    40  deca_device.o(i.dwt_write32bitoffsetreg)
    dwt_write8bitoffsetreg                   0x0800439f   Thumb Code    20  deca_device.o(i.dwt_write8bitoffsetreg)
    dwt_writetodevice                        0x080043b3   Thumb Code   104  deca_device.o(i.dwt_writetodevice)
    dwt_writetxdata                          0x0800441b   Thumb Code    38  deca_device.o(i.dwt_writetxdata)
    dwt_writetxfctrl                         0x08004441   Thumb Code    40  deca_device.o(i.dwt_writetxfctrl)
    fputc                                    0x0800446d   Thumb Code    26  fputc.o(i.fputc)
    getFiltred                               0x08004487   Thumb Code    26  moving_average.o(i.getFiltred)
    initFilter                               0x080044a1   Thumb Code    68  moving_average.o(i.initFilter)
    initPortPlotter                          0x080044e5   Thumb Code    40  uart_port_plotter_interface.o(i.initPortPlotter)
    main                                     0x0800450d   Thumb Code    78  main.o(i.main)
    read40to64bit                            0x08004575   Thumb Code    24  uwb_simple_distance_meter.o(i.read40to64bit)
    readfromspi                              0x0800458d   Thumb Code    98  deca_spi.o(i.readfromspi)
    reset_DW1000                             0x080045f9   Thumb Code    56  dw1000.o(i.reset_DW1000)
    sendMessageForPlotter                    0x08004635   Thumb Code   226  uart_port_plotter_interface.o(i.sendMessageForPlotter)
    spi_set_rate_high                        0x08004719   Thumb Code    14  dw1000.o(i.spi_set_rate_high)
    spi_set_rate_low                         0x0800472d   Thumb Code    14  dw1000.o(i.spi_set_rate_low)
    start_agent                              0x08004741   Thumb Code   464  tx_wait_resp_example.o(i.start_agent)
    write64to40bit                           0x08004a1d   Thumb Code    14  uwb_simple_distance_meter.o(i.write64to40bit)
    writetospi                               0x08004a2d   Thumb Code    98  deca_spi.o(i.writetospi)
    AHBPrescTable                            0x08004aa4   Data          16  system_stm32f1xx.o(.constdata)
    APBPrescTable                            0x08004ab4   Data           8  system_stm32f1xx.o(.constdata)
    chan_idx                                 0x08004abc   Data           8  deca_params_init.o(.constdata)
    tx_config                                0x08004ac4   Data          24  deca_params_init.o(.constdata)
    fs_pll_cfg                               0x08004adc   Data          24  deca_params_init.o(.constdata)
    fs_pll_tune                              0x08004af4   Data           6  deca_params_init.o(.constdata)
    rx_config                                0x08004afa   Data           2  deca_params_init.o(.constdata)
    agc_config                               0x08004afc   Data           8  deca_params_init.o(.constdata)
    dwnsSFDlen                               0x08004b04   Data           3  deca_params_init.o(.constdata)
    sftsh                                    0x08004b08   Data          12  deca_params_init.o(.constdata)
    dtune1                                   0x08004b14   Data           4  deca_params_init.o(.constdata)
    digital_bb_config                        0x08004b18   Data          32  deca_params_init.o(.constdata)
    lde_replicaCoeff                         0x08004b38   Data          50  deca_params_init.o(.constdata)
    EventRecorderInfo                        0x08004b6c   Data          24  eventrecorder.o(.constdata)
    __stdin_name                             0x08004b84   Data           7  retarget_io.o(.constdata)
    __stdout_name                            0x08004b8b   Data           8  retarget_io.o(.constdata)
    __stderr_name                            0x08004b93   Data           8  retarget_io.o(.constdata)
    Region$$Table$$Base                      0x08004b9c   Number         0  anon$$obj.o(Region$$Table)
    Region$$Table$$Limit                     0x08004bbc   Number         0  anon$$obj.o(Region$$Table)
    str_len                                  0x20000000   Data           1  main.o(.data)
    uwTick                                   0x20000004   Data           4  stm32f1xx_hal.o(.data)
    uwTickPrio                               0x20000008   Data           4  stm32f1xx_hal.o(.data)
    uwTickFreq                               0x2000000c   Data           1  stm32f1xx_hal.o(.data)
    SystemCoreClock                          0x20000010   Data           4  system_stm32f1xx.o(.data)
    signal_message                           0x20000018   Data           4  tx_wait_resp_example.o(.data)
    uart_flag                                0x2000001c   Data           1  tx_wait_resp_example.o(.data)
    uart_command                             0x2000001d   Data           1  tx_wait_resp_example.o(.data)
    time_1                                   0x20000020   Data           8  tx_wait_resp_example.o(.data)
    time_2                                   0x20000028   Data           8  tx_wait_resp_example.o(.data)
    k                                        0x20000030   Data           8  tx_wait_resp_example.o(.data)
    b                                        0x20000038   Data           8  tx_wait_resp_example.o(.data)
    distance                                 0x20000040   Data           4  tx_wait_resp_example.o(.data)
    __aeabi_stdin                            0x20000050   Data           4  stdio_streams.o(.data)
    __aeabi_stdout                           0x20000054   Data           4  stdio_streams.o(.data)
    __aeabi_stderr                           0x20000058   Data           4  stdio_streams.o(.data)
    uart_tx_buffer                           0x2000005c   Data          20  main.o(.bss)
    hspi1                                    0x20000070   Data          88  spi.o(.bss)
    huart1                                   0x200000c8   Data          68  usart.o(.bss)
    __stdin                                  0x20000144   Data          84  stdio_streams.o(.bss)
    __stdout                                 0x20000198   Data          84  stdio_streams.o(.bss)
    __stderr                                 0x200001ec   Data          84  stdio_streams.o(.bss)
    __libspace_start                         0x20000240   Data          96  libspace.o(.bss)
    __temporary_stack_top$libspace           0x200002a0   Data           0  libspace.o(.bss)



==============================================================================

Memory Map of the image

  Image Entry point : 0x080000ed

  Load Region LR_IROM1 (Base: 0x08000000, Size: 0x00004c18, Max: 0x00010000, ABSOLUTE)

    Execution Region ER_IROM1 (Exec base: 0x08000000, Load base: 0x08000000, Size: 0x00004bbc, Max: 0x00010000, ABSOLUTE)

    Exec Addr    Load Addr    Size         Type   Attr      Idx    E Section Name        Object

    0x08000000   0x08000000   0x000000ec   Data   RO            3    RESET               startup_stm32f103xb.o
    0x080000ec   0x080000ec   0x00000008   Code   RO         3588  * !!!main             c_w.l(__main.o)
    0x080000f4   0x080000f4   0x00000034   Code   RO         3924    !!!scatter          c_w.l(__scatter.o)
    0x08000128   0x08000128   0x0000001a   Code   RO         3926    !!handler_copy      c_w.l(__scatter_copy.o)
    0x08000142   0x08000142   0x00000002   PAD
    0x08000144   0x08000144   0x0000001c   Code   RO         3928    !!handler_zi        c_w.l(__scatter_zi.o)
    0x08000160   0x08000160   0x00000000   Code   RO         3573    .ARM.Collect$$_printf_percent$$00000000  c_w.l(_printf_percent.o)
    0x08000160   0x08000160   0x0000000a   Code   RO         3667    .ARM.Collect$$_printf_percent$$00000007  c_w.l(_printf_ll.o)
    0x0800016a   0x0800016a   0x00000006   Code   RO         3574    .ARM.Collect$$_printf_percent$$0000000D  c_w.l(_printf_lli.o)
    0x08000170   0x08000170   0x00000004   Code   RO         3666    .ARM.Collect$$_printf_percent$$00000017  c_w.l(_printf_percent_end.o)
    0x08000174   0x08000174   0x00000002   Code   RO         3832    .ARM.Collect$$libinit$$00000000  c_w.l(libinit.o)
    0x08000176   0x08000176   0x00000000   Code   RO         3677    .ARM.Collect$$libinit$$00000002  c_w.l(libinit2.o)
    0x08000176   0x08000176   0x00000000   Code   RO         3679    .ARM.Collect$$libinit$$00000004  c_w.l(libinit2.o)
    0x08000176   0x08000176   0x00000008   Code   RO         3680    .ARM.Collect$$libinit$$00000005  c_w.l(libinit2.o)
    0x0800017e   0x0800017e   0x00000000   Code   RO         3682    .ARM.Collect$$libinit$$0000000A  c_w.l(libinit2.o)
    0x0800017e   0x0800017e   0x00000000   Code   RO         3684    .ARM.Collect$$libinit$$0000000C  c_w.l(libinit2.o)
    0x0800017e   0x0800017e   0x00000000   Code   RO         3686    .ARM.Collect$$libinit$$0000000E  c_w.l(libinit2.o)
    0x0800017e   0x0800017e   0x00000000   Code   RO         3689    .ARM.Collect$$libinit$$00000011  c_w.l(libinit2.o)
    0x0800017e   0x0800017e   0x00000000   Code   RO         3691    .ARM.Collect$$libinit$$00000013  c_w.l(libinit2.o)
    0x0800017e   0x0800017e   0x00000000   Code   RO         3693    .ARM.Collect$$libinit$$00000015  c_w.l(libinit2.o)
    0x0800017e   0x0800017e   0x00000000   Code   RO         3695    .ARM.Collect$$libinit$$00000017  c_w.l(libinit2.o)
    0x0800017e   0x0800017e   0x00000000   Code   RO         3697    .ARM.Collect$$libinit$$00000019  c_w.l(libinit2.o)
    0x0800017e   0x0800017e   0x00000000   Code   RO         3699    .ARM.Collect$$libinit$$0000001B  c_w.l(libinit2.o)
    0x0800017e   0x0800017e   0x00000000   Code   RO         3701    .ARM.Collect$$libinit$$0000001D  c_w.l(libinit2.o)
    0x0800017e   0x0800017e   0x00000000   Code   RO         3703    .ARM.Collect$$libinit$$0000001F  c_w.l(libinit2.o)
    0x0800017e   0x0800017e   0x00000000   Code   RO         3705    .ARM.Collect$$libinit$$00000021  c_w.l(libinit2.o)
    0x0800017e   0x0800017e   0x00000000   Code   RO         3707    .ARM.Collect$$libinit$$00000023  c_w.l(libinit2.o)
    0x0800017e   0x0800017e   0x00000004   Code   RO         3708    .ARM.Collect$$libinit$$00000024  c_w.l(libinit2.o)
    0x08000182   0x08000182   0x00000000   Code   RO         3709    .ARM.Collect$$libinit$$00000025  c_w.l(libinit2.o)
    0x08000182   0x08000182   0x00000000   Code   RO         3713    .ARM.Collect$$libinit$$0000002C  c_w.l(libinit2.o)
    0x08000182   0x08000182   0x00000000   Code   RO         3715    .ARM.Collect$$libinit$$0000002E  c_w.l(libinit2.o)
    0x08000182   0x08000182   0x00000000   Code   RO         3717    .ARM.Collect$$libinit$$00000030  c_w.l(libinit2.o)
    0x08000182   0x08000182   0x00000000   Code   RO         3719    .ARM.Collect$$libinit$$00000032  c_w.l(libinit2.o)
    0x08000182   0x08000182   0x00000002   Code   RO         3720    .ARM.Collect$$libinit$$00000033  c_w.l(libinit2.o)
    0x08000184   0x08000184   0x00000002   Code   RO         3921    .ARM.Collect$$libshutdown$$00000000  c_w.l(libshutdown.o)
    0x08000186   0x08000186   0x00000000   Code   RO         3834    .ARM.Collect$$libshutdown$$00000002  c_w.l(libshutdown2.o)
    0x08000186   0x08000186   0x00000000   Code   RO         3836    .ARM.Collect$$libshutdown$$00000004  c_w.l(libshutdown2.o)
    0x08000186   0x08000186   0x00000004   Code   RO         3837    .ARM.Collect$$libshutdown$$00000005  c_w.l(libshutdown2.o)
    0x0800018a   0x0800018a   0x00000000   Code   RO         3838    .ARM.Collect$$libshutdown$$00000006  c_w.l(libshutdown2.o)
    0x0800018a   0x0800018a   0x00000000   Code   RO         3841    .ARM.Collect$$libshutdown$$00000009  c_w.l(libshutdown2.o)
    0x0800018a   0x0800018a   0x00000000   Code   RO         3844    .ARM.Collect$$libshutdown$$0000000C  c_w.l(libshutdown2.o)
    0x0800018a   0x0800018a   0x00000000   Code   RO         3846    .ARM.Collect$$libshutdown$$0000000E  c_w.l(libshutdown2.o)
    0x0800018a   0x0800018a   0x00000000   Code   RO         3849    .ARM.Collect$$libshutdown$$00000011  c_w.l(libshutdown2.o)
    0x0800018a   0x0800018a   0x00000002   Code   RO         3850    .ARM.Collect$$libshutdown$$00000012  c_w.l(libshutdown2.o)
    0x0800018c   0x0800018c   0x00000000   Code   RO         3620    .ARM.Collect$$rtentry$$00000000  c_w.l(__rtentry.o)
    0x0800018c   0x0800018c   0x00000000   Code   RO         3736    .ARM.Collect$$rtentry$$00000002  c_w.l(__rtentry2.o)
    0x0800018c   0x0800018c   0x00000006   Code   RO         3748    .ARM.Collect$$rtentry$$00000004  c_w.l(__rtentry4.o)
    0x08000192   0x08000192   0x00000000   Code   RO         3738    .ARM.Collect$$rtentry$$00000009  c_w.l(__rtentry2.o)
    0x08000192   0x08000192   0x00000004   Code   RO         3739    .ARM.Collect$$rtentry$$0000000A  c_w.l(__rtentry2.o)
    0x08000196   0x08000196   0x00000000   Code   RO         3741    .ARM.Collect$$rtentry$$0000000C  c_w.l(__rtentry2.o)
    0x08000196   0x08000196   0x00000008   Code   RO         3742    .ARM.Collect$$rtentry$$0000000D  c_w.l(__rtentry2.o)
    0x0800019e   0x0800019e   0x00000002   Code   RO         3855    .ARM.Collect$$rtexit$$00000000  c_w.l(rtexit.o)
    0x080001a0   0x080001a0   0x00000000   Code   RO         3884    .ARM.Collect$$rtexit$$00000002  c_w.l(rtexit2.o)
    0x080001a0   0x080001a0   0x00000004   Code   RO         3885    .ARM.Collect$$rtexit$$00000003  c_w.l(rtexit2.o)
    0x080001a4   0x080001a4   0x00000006   Code   RO         3886    .ARM.Collect$$rtexit$$00000004  c_w.l(rtexit2.o)
    0x080001aa   0x080001aa   0x00000002   PAD
    0x080001ac   0x080001ac   0x00000074   Code   RO         3266    .emb_text           eventrecorder.o
    0x08000220   0x08000220   0x00000000   Code   RO         3754    .emb_text           c_w.l(maybetermalloc1.o)
    0x08000220   0x08000220   0x00000040   Code   RO            4    .text               startup_stm32f103xb.o
    0x08000260   0x08000260   0x0000005e   Code   RO         3477    .text               c_w.l(h1_alloc.o)
    0x080002be   0x080002be   0x000000ee   Code   RO         3531    .text               c_w.l(lludivv7m.o)
    0x080003ac   0x080003ac   0x00000048   Code   RO         3535    .text               c_w.l(llsdiv.o)
    0x080003f4   0x080003f4   0x00000018   Code   RO         3541    .text               c_w.l(noretval__2printf.o)
    0x0800040c   0x0800040c   0x00000028   Code   RO         3543    .text               c_w.l(noretval__2sprintf.o)
    0x08000434   0x08000434   0x0000007c   Code   RO         3549    .text               c_w.l(_printf_longlong_dec.o)
    0x080004b0   0x080004b0   0x000000b8   Code   RO         3554    .text               c_w.l(__printf_ss.o)
    0x08000568   0x08000568   0x0000003e   Code   RO         3576    .text               c_w.l(strlen.o)
    0x080005a6   0x080005a6   0x0000008a   Code   RO         3578    .text               c_w.l(rt_memcpy_v6.o)
    0x08000630   0x08000630   0x00000064   Code   RO         3580    .text               c_w.l(rt_memcpy_w.o)
    0x08000694   0x08000694   0x0000004e   Code   RO         3582    .text               c_w.l(rt_memclr_w.o)
    0x080006e2   0x080006e2   0x00000002   PAD
    0x080006e4   0x080006e4   0x00000080   Code   RO         3584    .text               c_w.l(strcmpv7m.o)
    0x08000764   0x08000764   0x00000006   Code   RO         3586    .text               c_w.l(heapauxi.o)
    0x0800076a   0x0800076a   0x00000002   PAD
    0x0800076c   0x0800076c   0x00000008   Code   RO         3628    .text               c_w.l(rt_heap_descriptor_intlibspace.o)
    0x08000774   0x08000774   0x00000004   Code   RO         3630    .text               c_w.l(hguard.o)
    0x08000778   0x08000778   0x0000008a   Code   RO         3632    .text               c_w.l(init_alloc.o)
    0x08000802   0x08000802   0x0000000e   Code   RO         3638    .text               c_w.l(h1_init.o)
    0x08000810   0x08000810   0x0000004e   Code   RO         3640    .text               c_w.l(h1_free.o)
    0x0800085e   0x0800085e   0x0000008a   Code   RO         3656    .text               c_w.l(lludiv10.o)
    0x080008e8   0x080008e8   0x000000b2   Code   RO         3658    .text               c_w.l(_printf_intcommon.o)
    0x0800099a   0x0800099a   0x00000002   PAD
    0x0800099c   0x0800099c   0x00000030   Code   RO         3660    .text               c_w.l(_printf_char_common.o)
    0x080009cc   0x080009cc   0x0000000a   Code   RO         3662    .text               c_w.l(_sputc.o)
    0x080009d6   0x080009d6   0x00000002   PAD
    0x080009d8   0x080009d8   0x00000024   Code   RO         3664    .text               c_w.l(_printf_char_file.o)
    0x080009fc   0x080009fc   0x00000008   Code   RO         3732    .text               c_w.l(libspace.o)
    0x08000a04   0x08000a04   0x00000034   Code   RO         3756    .text               c_w.l(h1_extend.o)
    0x08000a38   0x08000a38   0x00000008   Code   RO         3762    .text               c_w.l(ferror.o)
    0x08000a40   0x08000a40   0x00000138   Code   RO         3768    .text               c_w.l(initio.o)
    0x08000b78   0x08000b78   0x0000000e   Code   RO         3776    .text               c_w.l(defsig_rtmem_outer.o)
    0x08000b86   0x08000b86   0x00000002   Code   RO         3787    .text               c_w.l(use_no_semi.o)
    0x08000b88   0x08000b88   0x00000000   Code   RO         3789    .text               c_w.l(indicate_semi.o)
    0x08000b88   0x08000b88   0x0000004a   Code   RO         3790    .text               c_w.l(sys_stackheap_outer.o)
    0x08000bd2   0x08000bd2   0x000001d6   Code   RO         3796    .text               c_w.l(flsbuf.o)
    0x08000da8   0x08000da8   0x00000046   Code   RO         3798    .text               c_w.l(setvbuf.o)
    0x08000dee   0x08000dee   0x00000002   PAD
    0x08000df0   0x08000df0   0x000000ec   Code   RO         3801    .text               c_w.l(fopen.o)
    0x08000edc   0x08000edc   0x0000004c   Code   RO         3803    .text               c_w.l(fclose.o)
    0x08000f28   0x08000f28   0x00000012   Code   RO         3809    .text               c_w.l(exit.o)
    0x08000f3a   0x08000f3a   0x0000000a   Code   RO         3811    .text               c_w.l(defsig_exit.o)
    0x08000f44   0x08000f44   0x0000000e   Code   RO         3817    .text               c_w.l(defsig_rtred_outer.o)
    0x08000f52   0x08000f52   0x00000002   PAD
    0x08000f54   0x08000f54   0x00000050   Code   RO         3821    .text               c_w.l(defsig_rtmem_inner.o)
    0x08000fa4   0x08000fa4   0x0000000c   Code   RO         3853    .text               c_w.l(sys_exit.o)
    0x08000fb0   0x08000fb0   0x000000f8   Code   RO         3863    .text               c_w.l(fseek.o)
    0x080010a8   0x080010a8   0x000000f0   Code   RO         3865    .text               c_w.l(stdio.o)
    0x08001198   0x08001198   0x00000032   Code   RO         3873    .text               c_w.l(defsig_general.o)
    0x080011ca   0x080011ca   0x00000002   PAD
    0x080011cc   0x080011cc   0x00000034   Code   RO         3877    .text               c_w.l(defsig_rtred_inner.o)
    0x08001200   0x08001200   0x0000000e   Code   RO         3881    .text               c_w.l(sys_wrch.o)
    0x0800120e   0x0800120e   0x00000042   Code   RO         3894    .text               c_w.l(ftell.o)
    0x08001250   0x08001250   0x00000008   Code   RO         3905    .text               c_w.l(rt_errno_addr_intlibspace.o)
    0x08001258   0x08001258   0x00000004   Code   RO          286    i.BusFault_Handler  stm32f1xx_it.o
    0x0800125c   0x0800125c   0x00000002   Code   RO          287    i.DebugMon_Handler  stm32f1xx_it.o
    0x0800125e   0x0800125e   0x00000006   Code   RO           13    i.Error_Handler     main.o
    0x08001264   0x08001264   0x00000028   Code   RO         3267    i.EventCheckFilter  eventrecorder.o
    0x0800128c   0x0800128c   0x0000003c   Code   RO         3268    i.EventGetTS        eventrecorder.o
    0x080012c8   0x080012c8   0x00000046   Code   RO         3269    i.EventRecord2      eventrecorder.o
    0x0800130e   0x0800130e   0x00000116   Code   RO         3271    i.EventRecordData   eventrecorder.o
    0x08001424   0x08001424   0x000000d8   Code   RO         3272    i.EventRecordItem   eventrecorder.o
    0x080014fc   0x080014fc   0x0000005c   Code   RO         3275    i.EventRecorderEnable  eventrecorder.o
    0x08001558   0x08001558   0x00000128   Code   RO         3276    i.EventRecorderInitialize  eventrecorder.o
    0x08001680   0x08001680   0x00000030   Code   RO         3277    i.EventRecorderStart  eventrecorder.o
    0x080016b0   0x080016b0   0x0000000c   Code   RO         3279    i.EventRecorderTimerGetCount  eventrecorder.o
    0x080016bc   0x080016bc   0x00000024   Code   RO         3281    i.EventRecorderTimerSetup  eventrecorder.o
    0x080016e0   0x080016e0   0x00000010   Code   RO         3282    i.GetContext        eventrecorder.o
    0x080016f0   0x080016f0   0x00000056   Code   RO         1316    i.HAL_DMA_Abort     stm32f1xx_hal_dma.o
    0x08001746   0x08001746   0x00000002   PAD
    0x08001748   0x08001748   0x000000b0   Code   RO         1317    i.HAL_DMA_Abort_IT  stm32f1xx_hal_dma.o
    0x080017f8   0x080017f8   0x00000028   Code   RO          939    i.HAL_Delay         stm32f1xx_hal.o
    0x08001820   0x08001820   0x00000320   Code   RO         1252    i.HAL_GPIO_Init     stm32f1xx_hal_gpio.o
    0x08001b40   0x08001b40   0x0000000c   Code   RO         1256    i.HAL_GPIO_WritePin  stm32f1xx_hal_gpio.o
    0x08001b4c   0x08001b4c   0x0000000c   Code   RO          943    i.HAL_GetTick       stm32f1xx_hal.o
    0x08001b58   0x08001b58   0x00000018   Code   RO          949    i.HAL_IncTick       stm32f1xx_hal.o
    0x08001b70   0x08001b70   0x00000028   Code   RO          950    i.HAL_Init          stm32f1xx_hal.o
    0x08001b98   0x08001b98   0x0000004c   Code   RO          951    i.HAL_InitTick      stm32f1xx_hal.o
    0x08001be4   0x08001be4   0x00000054   Code   RO          368    i.HAL_MspInit       stm32f1xx_hal_msp.o
    0x08001c38   0x08001c38   0x00000044   Code   RO         1411    i.HAL_NVIC_DisableIRQ  stm32f1xx_hal_cortex.o
    0x08001c7c   0x08001c7c   0x00000020   Code   RO         1412    i.HAL_NVIC_EnableIRQ  stm32f1xx_hal_cortex.o
    0x08001c9c   0x08001c9c   0x0000007c   Code   RO         1418    i.HAL_NVIC_SetPriority  stm32f1xx_hal_cortex.o
    0x08001d18   0x08001d18   0x00000028   Code   RO         1419    i.HAL_NVIC_SetPriorityGrouping  stm32f1xx_hal_cortex.o
    0x08001d40   0x08001d40   0x0000018c   Code   RO         1107    i.HAL_RCC_ClockConfig  stm32f1xx_hal_rcc.o
    0x08001ecc   0x08001ecc   0x0000000c   Code   RO         1112    i.HAL_RCC_GetHCLKFreq  stm32f1xx_hal_rcc.o
    0x08001ed8   0x08001ed8   0x00000020   Code   RO         1114    i.HAL_RCC_GetPCLK1Freq  stm32f1xx_hal_rcc.o
    0x08001ef8   0x08001ef8   0x00000020   Code   RO         1115    i.HAL_RCC_GetPCLK2Freq  stm32f1xx_hal_rcc.o
    0x08001f18   0x08001f18   0x00000098   Code   RO         1116    i.HAL_RCC_GetSysClockFreq  stm32f1xx_hal_rcc.o
    0x08001fb0   0x08001fb0   0x00000464   Code   RO         1119    i.HAL_RCC_OscConfig  stm32f1xx_hal_rcc.o
    0x08002414   0x08002414   0x000000be   Code   RO          621    i.HAL_SPI_Init      stm32f1xx_hal_spi.o
    0x080024d2   0x080024d2   0x00000002   PAD
    0x080024d4   0x080024d4   0x00000084   Code   RO          203    i.HAL_SPI_MspInit   spi.o
    0x08002558   0x08002558   0x00000170   Code   RO          624    i.HAL_SPI_Receive   stm32f1xx_hal_spi.o
    0x080026c8   0x080026c8   0x000001ae   Code   RO          629    i.HAL_SPI_Transmit  stm32f1xx_hal_spi.o
    0x08002876   0x08002876   0x0000022a   Code   RO          630    i.HAL_SPI_TransmitReceive  stm32f1xx_hal_spi.o
    0x08002aa0   0x08002aa0   0x00000034   Code   RO         1423    i.HAL_SYSTICK_Config  stm32f1xx_hal_cortex.o
    0x08002ad4   0x08002ad4   0x00000002   Code   RO         1985    i.HAL_UARTEx_RxEventCallback  stm32f1xx_hal_uart.o
    0x08002ad6   0x08002ad6   0x00000002   Code   RO         1999    i.HAL_UART_ErrorCallback  stm32f1xx_hal_uart.o
    0x08002ad8   0x08002ad8   0x0000024c   Code   RO         2002    i.HAL_UART_IRQHandler  stm32f1xx_hal_uart.o
    0x08002d24   0x08002d24   0x00000072   Code   RO         2003    i.HAL_UART_Init     stm32f1xx_hal_uart.o
    0x08002d96   0x08002d96   0x00000002   PAD
    0x08002d98   0x08002d98   0x00000098   Code   RO          245    i.HAL_UART_MspInit  usart.o
    0x08002e30   0x08002e30   0x00000042   Code   RO         2008    i.HAL_UART_Receive_IT  stm32f1xx_hal_uart.o
    0x08002e72   0x08002e72   0x00000002   PAD
    0x08002e74   0x08002e74   0x00000018   Code   RO           14    i.HAL_UART_RxCpltCallback  main.o
    0x08002e8c   0x08002e8c   0x00000058   Code   RO         2013    i.HAL_UART_Transmit_IT  stm32f1xx_hal_uart.o
    0x08002ee4   0x08002ee4   0x00000002   Code   RO         2014    i.HAL_UART_TxCpltCallback  stm32f1xx_hal_uart.o
    0x08002ee6   0x08002ee6   0x00000004   Code   RO          288    i.HardFault_Handler  stm32f1xx_it.o
    0x08002eea   0x08002eea   0x00000002   PAD
    0x08002eec   0x08002eec   0x000000d0   Code   RO          178    i.MX_GPIO_Init      gpio.o
    0x08002fbc   0x08002fbc   0x00000044   Code   RO          204    i.MX_SPI1_Init      spi.o
    0x08003000   0x08003000   0x00000038   Code   RO          246    i.MX_USART1_UART_Init  usart.o
    0x08003038   0x08003038   0x00000004   Code   RO          289    i.MemManage_Handler  stm32f1xx_it.o
    0x0800303c   0x0800303c   0x00000004   Code   RO          290    i.NMI_Handler       stm32f1xx_it.o
    0x08003040   0x08003040   0x00000002   Code   RO          291    i.PendSV_Handler    stm32f1xx_it.o
    0x08003042   0x08003042   0x00000002   PAD
    0x08003044   0x08003044   0x00000028   Code   RO         1120    i.RCC_Delay         stm32f1xx_hal_rcc.o
    0x0800306c   0x0800306c   0x00000014   Code   RO         3169    i.SPI_ChangeRate    dw1000.o
    0x08003080   0x08003080   0x00000078   Code   RO          658    i.SPI_EndRxTransaction  stm32f1xx_hal_spi.o
    0x080030f8   0x080030f8   0x00000028   Code   RO          659    i.SPI_EndRxTxTransaction  stm32f1xx_hal_spi.o
    0x08003120   0x08003120   0x000000d8   Code   RO          664    i.SPI_WaitFlagStateUntilTimeout  stm32f1xx_hal_spi.o
    0x080031f8   0x080031f8   0x00000002   Code   RO          292    i.SVC_Handler       stm32f1xx_it.o
    0x080031fa   0x080031fa   0x00000008   Code   RO          293    i.SysTick_Handler   stm32f1xx_it.o
    0x08003202   0x08003202   0x00000064   Code   RO           15    i.SystemClock_Config  main.o
    0x08003266   0x08003266   0x00000002   Code   RO         2342    i.SystemInit        system_stm32f1xx.o
    0x08003268   0x08003268   0x00000014   Code   RO         2016    i.UART_DMAAbortOnError  stm32f1xx_hal_uart.o
    0x0800327c   0x0800327c   0x00000036   Code   RO         2026    i.UART_EndRxTransfer  stm32f1xx_hal_uart.o
    0x080032b2   0x080032b2   0x00000020   Code   RO         2027    i.UART_EndTransmit_IT  stm32f1xx_hal_uart.o
    0x080032d2   0x080032d2   0x000000e4   Code   RO         2029    i.UART_Receive_IT   stm32f1xx_hal_uart.o
    0x080033b6   0x080033b6   0x00000002   PAD
    0x080033b8   0x080033b8   0x000000fc   Code   RO         2030    i.UART_SetConfig    stm32f1xx_hal_uart.o
    0x080034b4   0x080034b4   0x00000046   Code   RO         2032    i.UART_Start_Receive_IT  stm32f1xx_hal_uart.o
    0x080034fa   0x080034fa   0x00000060   Code   RO         2033    i.UART_Transmit_IT  stm32f1xx_hal_uart.o
    0x0800355a   0x0800355a   0x00000002   PAD
    0x0800355c   0x0800355c   0x00000010   Code   RO          294    i.USART1_IRQHandler  stm32f1xx_it.o
    0x0800356c   0x0800356c   0x00000036   Code   RO          496    i.UWBS_fillMessage  uwb_simple_distance_meter.o
    0x080035a2   0x080035a2   0x0000011c   Code   RO          497    i.UWBS_getMessage   uwb_simple_distance_meter.o
    0x080036be   0x080036be   0x00000034   Code   RO          498    i.UWBS_initAgent    uwb_simple_distance_meter.o
    0x080036f2   0x080036f2   0x00000076   Code   RO          499    i.UWBS_sendMessage  uwb_simple_distance_meter.o
    0x08003768   0x08003768   0x0000003c   Code   RO          432    i.UWB_GetRxTimestamp64  uwb_ui.o
    0x080037a4   0x080037a4   0x0000003c   Code   RO          433    i.UWB_GetTxTimestamp64  uwb_ui.o
    0x080037e0   0x080037e0   0x0000003c   Code   RO          434    i.UWB_Init          uwb_ui.o
    0x0800381c   0x0800381c   0x0000003c   Code   RO          435    i.UWB_SendMessage   uwb_ui.o
    0x08003858   0x08003858   0x00000070   Code   RO          436    i.UWB_WaitForMessage  uwb_ui.o
    0x080038c8   0x080038c8   0x00000004   Code   RO          295    i.UsageFault_Handler  stm32f1xx_it.o
    0x080038cc   0x080038cc   0x00000010   Code   RO         1425    i.__NVIC_GetPriorityGrouping  stm32f1xx_hal_cortex.o
    0x080038dc   0x080038dc   0x00000028   Code   RO         1426    i.__NVIC_SetPriority  stm32f1xx_hal_cortex.o
    0x08003904   0x08003904   0x00000018   Code   RO         2375    i._dwt_aonarrayupload  deca_device.o
    0x0800391c   0x0800391c   0x00000032   Code   RO         2378    i._dwt_configlde    deca_device.o
    0x0800394e   0x0800394e   0x00000014   Code   RO         2379    i._dwt_disablesequencing  deca_device.o
    0x08003962   0x08003962   0x000000f4   Code   RO         2380    i._dwt_enableclocks  deca_device.o
    0x08003a56   0x08003a56   0x00000022   Code   RO         2381    i._dwt_loaducodefromrom  deca_device.o
    0x08003a78   0x08003a78   0x00000030   Code   RO         2383    i._dwt_otpread      deca_device.o
    0x08003aa8   0x08003aa8   0x00000026   Code   RO         3406    i._sys_close        retarget_io.o
    0x08003ace   0x08003ace   0x00000024   Code   RO         3407    i._sys_flen         retarget_io.o
    0x08003af2   0x08003af2   0x00000024   Code   RO         3408    i._sys_istty        retarget_io.o
    0x08003b16   0x08003b16   0x00000002   PAD
    0x08003b18   0x08003b18   0x00000068   Code   RO         3409    i._sys_open         retarget_io.o
    0x08003b80   0x08003b80   0x0000002c   Code   RO         3411    i._sys_seek         retarget_io.o
    0x08003bac   0x08003bac   0x00000046   Code   RO         3412    i._sys_write        retarget_io.o
    0x08003bf2   0x08003bf2   0x0000004c   Code   RO          544    i.addValue          moving_average.o
    0x08003c3e   0x08003c3e   0x00000042   Code   RO         3283    i.crc16_ccitt       eventrecorder.o
    0x08003c80   0x08003c80   0x0000000c   Code   RO         3085    i.deca_sleep        deca_sleep.o
    0x08003c8c   0x08003c8c   0x0000000e   Code   RO         3055    i.decamutexoff      deca_mutex.o
    0x08003c9a   0x08003c9a   0x00000002   PAD
    0x08003c9c   0x08003c9c   0x0000001c   Code   RO         3056    i.decamutexon       deca_mutex.o
    0x08003cb8   0x08003cb8   0x00000258   Code   RO         2394    i.dwt_configure     deca_device.o
    0x08003f10   0x08003f10   0x00000204   Code   RO         2416    i.dwt_initialise    deca_device.o
    0x08004114   0x08004114   0x00000026   Code   RO         2423    i.dwt_read16bitoffsetreg  deca_device.o
    0x0800413a   0x0800413a   0x0000002a   Code   RO         2424    i.dwt_read32bitoffsetreg  deca_device.o
    0x08004164   0x08004164   0x00000018   Code   RO         2425    i.dwt_read8bitoffsetreg  deca_device.o
    0x0800417c   0x0800417c   0x0000000c   Code   RO         2428    i.dwt_readdevid     deca_device.o
    0x08004188   0x08004188   0x00000064   Code   RO         2431    i.dwt_readfromdevice  deca_device.o
    0x080041ec   0x080041ec   0x00000016   Code   RO         2432    i.dwt_readrxdata    deca_device.o
    0x08004202   0x08004202   0x00000012   Code   RO         2433    i.dwt_readrxtimestamp  deca_device.o
    0x08004214   0x08004214   0x00000012   Code   RO         2439    i.dwt_readtxtimestamp  deca_device.o
    0x08004226   0x08004226   0x00000002   PAD
    0x08004228   0x08004228   0x00000060   Code   RO         2463    i.dwt_setrxtimeout  deca_device.o
    0x08004288   0x08004288   0x00000018   Code   RO         2468    i.dwt_setxtaltrim   deca_device.o
    0x080042a0   0x080042a0   0x00000048   Code   RO         2469    i.dwt_softreset     deca_device.o
    0x080042e8   0x080042e8   0x0000006c   Code   RO         2471    i.dwt_starttx       deca_device.o
    0x08004354   0x08004354   0x00000022   Code   RO         2473    i.dwt_write16bitoffsetreg  deca_device.o
    0x08004376   0x08004376   0x00000028   Code   RO         2474    i.dwt_write32bitoffsetreg  deca_device.o
    0x0800439e   0x0800439e   0x00000014   Code   RO         2475    i.dwt_write8bitoffsetreg  deca_device.o
    0x080043b2   0x080043b2   0x00000068   Code   RO         2476    i.dwt_writetodevice  deca_device.o
    0x0800441a   0x0800441a   0x00000026   Code   RO         2477    i.dwt_writetxdata   deca_device.o
    0x08004440   0x08004440   0x0000002c   Code   RO         2478    i.dwt_writetxfctrl  deca_device.o
    0x0800446c   0x0800446c   0x0000001a   Code   RO         3765    i.fputc             c_w.l(fputc.o)
    0x08004486   0x08004486   0x0000001a   Code   RO          545    i.getFiltred        moving_average.o
    0x080044a0   0x080044a0   0x00000044   Code   RO          546    i.initFilter        moving_average.o
    0x080044e4   0x080044e4   0x00000028   Code   RO          392    i.initPortPlotter   uart_port_plotter_interface.o
    0x0800450c   0x0800450c   0x00000068   Code   RO           16    i.main              main.o
    0x08004574   0x08004574   0x00000018   Code   RO          500    i.read40to64bit     uwb_simple_distance_meter.o
    0x0800458c   0x0800458c   0x0000006c   Code   RO         3114    i.readfromspi       deca_spi.o
    0x080045f8   0x080045f8   0x0000003c   Code   RO         3170    i.reset_DW1000      dw1000.o
    0x08004634   0x08004634   0x000000e2   Code   RO          393    i.sendMessageForPlotter  uart_port_plotter_interface.o
    0x08004716   0x08004716   0x00000002   PAD
    0x08004718   0x08004718   0x00000014   Code   RO         3171    i.spi_set_rate_high  dw1000.o
    0x0800472c   0x0800472c   0x00000014   Code   RO         3172    i.spi_set_rate_low  dw1000.o
    0x08004740   0x08004740   0x0000028c   Code   RO         3214    i.start_agent       tx_wait_resp_example.o
    0x080049cc   0x080049cc   0x00000050   Code   RO         3413    i.stdout_putchar    retarget_io.o
    0x08004a1c   0x08004a1c   0x0000000e   Code   RO          501    i.write64to40bit    uwb_simple_distance_meter.o
    0x08004a2a   0x08004a2a   0x00000002   PAD
    0x08004a2c   0x08004a2c   0x0000006c   Code   RO         3115    i.writetospi        deca_spi.o
    0x08004a98   0x08004a98   0x0000000c   Data   RO          437    .constdata          uwb_ui.o
    0x08004aa4   0x08004aa4   0x00000018   Data   RO         2343    .constdata          system_stm32f1xx.o
    0x08004abc   0x08004abc   0x000000ae   Data   RO         3027    .constdata          deca_params_init.o
    0x08004b6a   0x08004b6a   0x00000002   PAD
    0x08004b6c   0x08004b6c   0x00000018   Data   RO         3285    .constdata          eventrecorder.o
    0x08004b84   0x08004b84   0x00000017   Data   RO         3414    .constdata          retarget_io.o
    0x08004b9b   0x08004b9b   0x00000001   PAD
    0x08004b9c   0x08004b9c   0x00000020   Data   RO         3922    Region$$Table       anon$$obj.o


    Execution Region RW_IRAM1 (Exec base: 0x20000000, Load base: 0x08004bbc, Size: 0x00000d68, Max: 0x00005000, ABSOLUTE)

    Exec Addr    Load Addr    Size         Type   Attr      Idx    E Section Name        Object

    0x20000000   0x08004bbc   0x00000001   Data   RW           18    .data               main.o
    0x20000001   0x08004bbd   0x00000003   PAD
    0x20000004   0x08004bc0   0x00000009   Data   RW          957    .data               stm32f1xx_hal.o
    0x2000000d   0x08004bc9   0x00000003   PAD
    0x20000010   0x08004bcc   0x00000004   Data   RW         2344    .data               system_stm32f1xx.o
    0x20000014   0x08004bd0   0x00000004   Data   RW         2480    .data               deca_device.o
    0x20000018   0x08004bd4   0x0000002c   Data   RW         3220    .data               tx_wait_resp_example.o
    0x20000044   0x08004c00   0x0000000c   Data   RW         3415    .data               retarget_io.o
    0x20000050   0x08004c0c   0x00000004   Data   RW         3671    .data               c_w.l(stdio_streams.o)
    0x20000054   0x08004c10   0x00000004   Data   RW         3672    .data               c_w.l(stdio_streams.o)
    0x20000058   0x08004c14   0x00000004   Data   RW         3673    .data               c_w.l(stdio_streams.o)
    0x2000005c        -       0x00000014   Zero   RW           17    .bss                main.o
    0x20000070        -       0x00000058   Zero   RW          205    .bss                spi.o
    0x200000c8        -       0x00000044   Zero   RW          247    .bss                usart.o
    0x2000010c        -       0x00000038   Zero   RW         2479    .bss                deca_device.o
    0x20000144        -       0x00000054   Zero   RW         3668    .bss                c_w.l(stdio_streams.o)
    0x20000198        -       0x00000054   Zero   RW         3669    .bss                c_w.l(stdio_streams.o)
    0x200001ec        -       0x00000054   Zero   RW         3670    .bss                c_w.l(stdio_streams.o)
    0x20000240        -       0x00000060   Zero   RW         3733    .bss                c_w.l(libspace.o)
    0x200002a0   0x08004c18   0x00000020   PAD
    0x200002c0        -       0x000004a4   Zero   RW         3284    .bss.noinit         eventrecorder.o
    0x20000764   0x08004c18   0x00000004   PAD
    0x20000768        -       0x00000200   Zero   RW            2    HEAP                startup_stm32f103xb.o
    0x20000968        -       0x00000400   Zero   RW            1    STACK               startup_stm32f103xb.o


==============================================================================

Image component sizes


      Code (inc. data)   RO Data    RW Data    ZI Data      Debug   Object Name

      2390         92          0          4         56      22941   deca_device.o
        42          6          0          0          0       1037   deca_mutex.o
         0          0        174          0          0       6280   deca_params_init.o
        12          0          0          0          0        533   deca_sleep.o
       216         20          0          0          0       6735   deca_spi.o
       120         16          0          0          0       2214   dw1000.o
      1346         82         24          0       1188      17245   eventrecorder.o
       208         18          0          0          0        899   gpio.o
       234         36          0          1         20     402507   main.o
       170          0          0          0          0       2597   moving_average.o
       408         36         23         12          0       5970   retarget_io.o
       200         20          0          0         88       1561   spi.o
        64         26        236          0       1536        804   startup_stm32f103xb.o
       192         36          0          9          0       5813   stm32f1xx_hal.o
       372         28          0          0          0      30073   stm32f1xx_hal_cortex.o
       262          4          0          0          0       1731   stm32f1xx_hal_dma.o
       812         34          0          0          0       2648   stm32f1xx_hal_gpio.o
        84          8          0          0          0        846   stm32f1xx_hal_msp.o
      1788        114          0          0          0       5936   stm32f1xx_hal_rcc.o
      1918          6          0          0          0       7514   stm32f1xx_hal_spi.o
      1614         10          0          0          0       9987   stm32f1xx_hal_uart.o
        50          6          0          0          0       4194   stm32f1xx_it.o
         2          0         24          4          0       1071   system_stm32f1xx.o
       652        188          0         44          0       1278   tx_wait_resp_example.o
       266          0          0          0          0       3126   uart_port_plotter_interface.o
       208         24          0          0         68       1594   usart.o
       546          0          0          0          0       5606   uwb_simple_distance_meter.o
       352         24         12          0          0       7852   uwb_ui.o

    ----------------------------------------------------------------------
     14554        834        528         80       2960     560592   Object Totals
         0          0         32          0          0          0   (incl. Generated)
        26          0          3          6          4          0   (incl. Padding)

    ----------------------------------------------------------------------

      Code (inc. data)   RO Data    RW Data    ZI Data      Debug   Library Member Name

         8          0          0          0          0         68   __main.o
       184          0          0          0          0         84   __printf_ss.o
         0          0          0          0          0          0   __rtentry.o
        12          0          0          0          0          0   __rtentry2.o
         6          0          0          0          0          0   __rtentry4.o
        52          8          0          0          0          0   __scatter.o
        26          0          0          0          0          0   __scatter_copy.o
        28          0          0          0          0          0   __scatter_zi.o
        48          6          0          0          0         96   _printf_char_common.o
        36          4          0          0          0         80   _printf_char_file.o
       178          0          0          0          0         88   _printf_intcommon.o
        10          0          0          0          0          0   _printf_ll.o
         6          0          0          0          0          0   _printf_lli.o
       124         16          0          0          0         92   _printf_longlong_dec.o
         0          0          0          0          0          0   _printf_percent.o
         4          0          0          0          0          0   _printf_percent_end.o
        10          0          0          0          0         68   _sputc.o
        10          0          0          0          0         68   defsig_exit.o
        50          0          0          0          0         88   defsig_general.o
        80         58          0          0          0         76   defsig_rtmem_inner.o
        14          0          0          0          0         80   defsig_rtmem_outer.o
        52         38          0          0          0         76   defsig_rtred_inner.o
        14          0          0          0          0         80   defsig_rtred_outer.o
        18          0          0          0          0         80   exit.o
        76          0          0          0          0         88   fclose.o
         8          0          0          0          0         68   ferror.o
       470          0          0          0          0         88   flsbuf.o
       236          4          0          0          0        128   fopen.o
        26          0          0          0          0         68   fputc.o
       248          6          0          0          0         84   fseek.o
        66          0          0          0          0         76   ftell.o
        94          0          0          0          0         80   h1_alloc.o
        52          0          0          0          0         68   h1_extend.o
        78          0          0          0          0         80   h1_free.o
        14          0          0          0          0         84   h1_init.o
         6          0          0          0          0        152   heapauxi.o
         4          0          0          0          0        136   hguard.o
         0          0          0          0          0          0   indicate_semi.o
       138          0          0          0          0        168   init_alloc.o
       312         46          0          0          0        112   initio.o
         2          0          0          0          0          0   libinit.o
        14          0          0          0          0          0   libinit2.o
         2          0          0          0          0          0   libshutdown.o
         6          0          0          0          0          0   libshutdown2.o
         8          4          0          0         96         68   libspace.o
        72          0          0          0          0         76   llsdiv.o
       138          0          0          0          0         80   lludiv10.o
       238          0          0          0          0        100   lludivv7m.o
         0          0          0          0          0          0   maybetermalloc1.o
        24          4          0          0          0         84   noretval__2printf.o
        40          6          0          0          0         84   noretval__2sprintf.o
         8          4          0          0          0         68   rt_errno_addr_intlibspace.o
         8          4          0          0          0         68   rt_heap_descriptor_intlibspace.o
        78          0          0          0          0         80   rt_memclr_w.o
       138          0          0          0          0         68   rt_memcpy_v6.o
       100          0          0          0          0         80   rt_memcpy_w.o
         2          0          0          0          0          0   rtexit.o
        10          0          0          0          0          0   rtexit2.o
        70          0          0          0          0         80   setvbuf.o
       240          6          0          0          0        156   stdio.o
         0          0          0         12        252          0   stdio_streams.o
       128          0          0          0          0         68   strcmpv7m.o
        62          0          0          0          0         76   strlen.o
        12          4          0          0          0         68   sys_exit.o
        74          0          0          0          0         80   sys_stackheap_outer.o
        14          0          0          0          0         76   sys_wrch.o
         2          0          0          0          0         68   use_no_semi.o

    ----------------------------------------------------------------------
      4306        218          0         12        380       4132   Library Totals
        18          0          0          0         32          0   (incl. Padding)

    ----------------------------------------------------------------------

      Code (inc. data)   RO Data    RW Data    ZI Data      Debug   Library Name

      4288        218          0         12        348       4132   c_w.l

    ----------------------------------------------------------------------
      4306        218          0         12        380       4132   Library Totals

    ----------------------------------------------------------------------

==============================================================================


      Code (inc. data)   RO Data    RW Data    ZI Data      Debug   

     18860       1052        528         92       3340     555516   Grand Totals
     18860       1052        528         92       3340     555516   ELF Image Totals
     18860       1052        528         92          0          0   ROM Totals

==============================================================================

    Total RO  Size (Code + RO Data)                19388 (  18.93kB)
    Total RW  Size (RW Data + ZI Data)              3432 (   3.35kB)
    Total ROM Size (Code + RO Data + RW Data)      19480 (  19.02kB)

==============================================================================

