Component: ARM Compiler 5.06 update 7 (build 960) Tool: armlink [4d3601]

==============================================================================

Section Cross References

    startup_stm32f103xb.o(STACK) refers (Special) to heapauxi.o(.text) for __use_two_region_memory
    startup_stm32f103xb.o(HEAP) refers (Special) to heapauxi.o(.text) for __use_two_region_memory
    startup_stm32f103xb.o(RESET) refers (Special) to heapauxi.o(.text) for __use_two_region_memory
    startup_stm32f103xb.o(RESET) refers to startup_stm32f103xb.o(STACK) for __initial_sp
    startup_stm32f103xb.o(RESET) refers to startup_stm32f103xb.o(.text) for Reset_Handler
    startup_stm32f103xb.o(RESET) refers to stm32f1xx_it.o(i.NMI_Handler) for NMI_Handler
    startup_stm32f103xb.o(RESET) refers to stm32f1xx_it.o(i.HardFault_Handler) for HardFault_Handler
    startup_stm32f103xb.o(RESET) refers to stm32f1xx_it.o(i.MemManage_Handler) for MemManage_Handler
    startup_stm32f103xb.o(RESET) refers to stm32f1xx_it.o(i.BusFault_Handler) for BusFault_Handler
    startup_stm32f103xb.o(RESET) refers to stm32f1xx_it.o(i.UsageFault_Handler) for UsageFault_Handler
    startup_stm32f103xb.o(RESET) refers to port.o(.emb_text) for SVC_Handler
    startup_stm32f103xb.o(RESET) refers to stm32f1xx_it.o(i.DebugMon_Handler) for DebugMon_Handler
    startup_stm32f103xb.o(RESET) refers to stm32f1xx_it.o(i.SysTick_Handler) for SysTick_Handler
    startup_stm32f103xb.o(RESET) refers to stm32f1xx_it.o(i.USART1_IRQHandler) for USART1_IRQHandler
    startup_stm32f103xb.o(RESET) refers to stm32f1xx_it.o(i.USART2_IRQHandler) for USART2_IRQHandler
    startup_stm32f103xb.o(RESET) refers to stm32f1xx_it.o(i.USART3_IRQHandler) for USART3_IRQHandler
    startup_stm32f103xb.o(.text) refers (Special) to heapauxi.o(.text) for __use_two_region_memory
    startup_stm32f103xb.o(.text) refers to system_stm32f1xx.o(i.SystemInit) for SystemInit
    startup_stm32f103xb.o(.text) refers to __main.o(!!!main) for __main
    startup_stm32f103xb.o(.text) refers to startup_stm32f103xb.o(HEAP) for Heap_Mem
    startup_stm32f103xb.o(.text) refers to startup_stm32f103xb.o(STACK) for Stack_Mem
    main.o(i.SystemClock_Config) refers to rt_memclr_w.o(.text) for __aeabi_memclr4
    main.o(i.SystemClock_Config) refers to stm32f1xx_hal_rcc.o(i.HAL_RCC_OscConfig) for HAL_RCC_OscConfig
    main.o(i.SystemClock_Config) refers to stm32f1xx_hal_rcc.o(i.HAL_RCC_ClockConfig) for HAL_RCC_ClockConfig
    main.o(i.main) refers to stm32f1xx_hal.o(i.HAL_Init) for HAL_Init
    main.o(i.main) refers to main.o(i.SystemClock_Config) for SystemClock_Config
    main.o(i.main) refers to gpio.o(i.MX_GPIO_Init) for MX_GPIO_Init
    main.o(i.main) refers to usart.o(i.MX_USART1_UART_Init) for MX_USART1_UART_Init
    main.o(i.main) refers to usart.o(i.MX_USART2_UART_Init) for MX_USART2_UART_Init
    main.o(i.main) refers to usart.o(i.MX_USART3_UART_Init) for MX_USART3_UART_Init
    main.o(i.main) refers to freertos.o(i.MX_FREERTOS_Init) for MX_FREERTOS_Init
    main.o(i.main) refers to cmsis_os.o(i.osKernelStart) for osKernelStart
    gpio.o(i.MX_GPIO_Init) refers to stm32f1xx_hal_gpio.o(i.HAL_GPIO_WritePin) for HAL_GPIO_WritePin
    gpio.o(i.MX_GPIO_Init) refers to stm32f1xx_hal_gpio.o(i.HAL_GPIO_Init) for HAL_GPIO_Init
    freertos.o(i.MX_FREERTOS_Init) refers to rt_memcpy_w.o(.text) for __aeabi_memcpy4
    freertos.o(i.MX_FREERTOS_Init) refers to cmsis_os.o(i.osThreadCreate) for osThreadCreate
    freertos.o(i.MX_FREERTOS_Init) refers to freertos.o(.constdata) for .constdata
    freertos.o(i.MX_FREERTOS_Init) refers to freertos.o(.data) for .data
    freertos.o(i.StartDefaultTask) refers to stm32f1xx_hal_gpio.o(i.HAL_GPIO_TogglePin) for HAL_GPIO_TogglePin
    freertos.o(i.StartDefaultTask) refers to cmsis_os.o(i.osDelay) for osDelay
    freertos.o(i.vApplicationGetIdleTaskMemory) refers to freertos.o(.bss) for .bss
    freertos.o(.constdata) refers to freertos.o(.conststring) for .conststring
    freertos.o(.constdata) refers to freertos.o(i.StartDefaultTask) for StartDefaultTask
    freertos.o(.constdata) refers to ins_task.o(i.INS_task) for INS_task
    freertos.o(.constdata) refers to dw_task.o(i.dw_task) for dw_task
    usart.o(i.HAL_UART_MspDeInit) refers to stm32f1xx_hal_gpio.o(i.HAL_GPIO_DeInit) for HAL_GPIO_DeInit
    usart.o(i.HAL_UART_MspDeInit) refers to stm32f1xx_hal_cortex.o(i.HAL_NVIC_DisableIRQ) for HAL_NVIC_DisableIRQ
    usart.o(i.HAL_UART_MspInit) refers to stm32f1xx_hal_gpio.o(i.HAL_GPIO_Init) for HAL_GPIO_Init
    usart.o(i.HAL_UART_MspInit) refers to stm32f1xx_hal_cortex.o(i.HAL_NVIC_SetPriority) for HAL_NVIC_SetPriority
    usart.o(i.HAL_UART_MspInit) refers to stm32f1xx_hal_cortex.o(i.HAL_NVIC_EnableIRQ) for HAL_NVIC_EnableIRQ
    usart.o(i.MX_USART1_UART_Init) refers to stm32f1xx_hal_uart.o(i.HAL_UART_Init) for HAL_UART_Init
    usart.o(i.MX_USART1_UART_Init) refers to main.o(i.Error_Handler) for Error_Handler
    usart.o(i.MX_USART1_UART_Init) refers to usart.o(.bss) for .bss
[...]
    ..\Drivers\STM32F1xx_HAL_Driver\Src\stm32f1xx_hal_rcc.c 0x00000000   Number         0  stm32f1xx_hal_rcc.o ABSOLUTE
    ..\Drivers\STM32F1xx_HAL_Driver\Src\stm32f1xx_hal_rcc_ex.c 0x00000000   Number         0  stm32f1xx_hal_rcc_ex.o ABSOLUTE
    ..\Drivers\STM32F1xx_HAL_Driver\Src\stm32f1xx_hal_uart.c 0x00000000   Number         0  stm32f1xx_hal_uart.o ABSOLUTE
    ..\Middlewares\Third_Party\FreeRTOS\Source\CMSIS_RTOS\cmsis_os.c 0x00000000   Number         0  cmsis_os.o ABSOLUTE
    ..\Middlewares\Third_Party\FreeRTOS\Source\portable\RVDS\ARM_CM3\port.c 0x00000000   Number         0  port.o ABSOLUTE
    ..\Src\INS_task.c                        0x00000000   Number         0  ins_task.o ABSOLUTE
    ..\Src\dw_task.c                         0x00000000   Number         0  dw_task.o ABSOLUTE
    ..\Src\serial_screen.c                   0x00000000   Number         0  serial_screen.o ABSOLUTE
    ..\Src\wit_c_sdk\wit_c_sdk.c             0x00000000   Number         0  wit_c_sdk.o ABSOLUTE
    ..\Support\first_order_filter\first_order_filter.c 0x00000000   Number         0  first_order_filter.o ABSOLUTE
    ..\\Src\\INS_task.c                      0x00000000   Number         0  ins_task.o ABSOLUTE
    ..\\Src\\dw_task.c                       0x00000000   Number         0  dw_task.o ABSOLUTE
    ..\\Src\\serial_screen.c                 0x00000000   Number         0  serial_screen.o ABSOLUTE
    ..\\Support\\first_order_filter\\first_order_filter.c 0x00000000   Number         0  first_order_filter.o ABSOLUTE
    dc.s                                     0x00000000   Number         0  dc.o ABSOLUTE
    startup_stm32f103xb.s                    0x00000000   Number         0  startup_stm32f103xb.o ABSOLUTE
    RESET                                    0x08000000   Section      236  startup_stm32f103xb.o(RESET)
    !!!main                                  0x080000ec   Section        8  __main.o(!!!main)
    !!!scatter                               0x080000f4   Section       52  __scatter.o(!!!scatter)
    !!handler_copy                           0x08000128   Section       26  __scatter_copy.o(!!handler_copy)
    !!handler_zi                             0x08000144   Section       28  __scatter_zi.o(!!handler_zi)
    .ARM.Collect$$libinit$$00000000          0x08000160   Section        2  libinit.o(.ARM.Collect$$libinit$$00000000)
    .ARM.Collect$$libinit$$00000002          0x08000162   Section        0  libinit2.o(.ARM.Collect$$libinit$$00000002)
    .ARM.Collect$$libinit$$00000004          0x08000162   Section        0  libinit2.o(.ARM.Collect$$libinit$$00000004)
    .ARM.Collect$$libinit$$0000000A          0x08000162   Section        0  libinit2.o(.ARM.Collect$$libinit$$0000000A)
    .ARM.Collect$$libinit$$0000000C          0x08000162   Section        0  libinit2.o(.ARM.Collect$$libinit$$0000000C)
    .ARM.Collect$$libinit$$0000000E          0x08000162   Section        0  libinit2.o(.ARM.Collect$$libinit$$0000000E)
    .ARM.Collect$$libinit$$00000011          0x08000162   Section        0  libinit2.o(.ARM.Collect$$libinit$$00000011)
    .ARM.Collect$$libinit$$00000013          0x08000162   Section        0  libinit2.o(.ARM.Collect$$libinit$$00000013)
    .ARM.Collect$$libinit$$00000015          0x08000162   Section        0  libinit2.o(.ARM.Collect$$libinit$$00000015)
    .ARM.Collect$$libinit$$00000017          0x08000162   Section        0  libinit2.o(.ARM.Collect$$libinit$$00000017)
    .ARM.Collect$$libinit$$00000019          0x08000162   Section        0  libinit2.o(.ARM.Collect$$libinit$$00000019)
    .ARM.Collect$$libinit$$0000001B          0x08000162   Section        0  libinit2.o(.ARM.Collect$$libinit$$0000001B)
    .ARM.Collect$$libinit$$0000001D          0x08000162   Section        0  libinit2.o(.ARM.Collect$$libinit$$0000001D)
    .ARM.Collect$$libinit$$0000001F          0x08000162   Section        0  libinit2.o(.ARM.Collect$$libinit$$0000001F)
    .ARM.Collect$$libinit$$00000021          0x08000162   Section        0  libinit2.o(.ARM.Collect$$libinit$$00000021)
    .ARM.Collect$$libinit$$00000023          0x08000162   Section        0  libinit2.o(.ARM.Collect$$libinit$$00000023)
    .ARM.Collect$$libinit$$00000025          0x08000162   Section        0  libinit2.o(.ARM.Collect$$libinit$$00000025)
    .ARM.Collect$$libinit$$0000002C          0x08000162   Section        0  libinit2.o(.ARM.Collect$$libinit$$0000002C)
    .ARM.Collect$$libinit$$0000002E          0x08000162   Section        0  libinit2.o(.ARM.Collect$$libinit$$0000002E)
    .ARM.Collect$$libinit$$00000030          0x08000162   Section        0  libinit2.o(.ARM.Collect$$libinit$$00000030)
    .ARM.Collect$$libinit$$00000032          0x08000162   Section        0  libinit2.o(.ARM.Collect$$libinit$$00000032)
    .ARM.Collect$$libinit$$00000033          0x08000162   Section        2  libinit2.o(.ARM.Collect$$libinit$$00000033)
    .ARM.Collect$$libshutdown$$00000000      0x08000164   Section        2  libshutdown.o(.ARM.Collect$$libshutdown$$00000000)
    .ARM.Collect$$libshutdown$$00000002      0x08000166   Section        0  libshutdown2.o(.ARM.Collect$$libshutdown$$00000002)
    .ARM.Collect$$libshutdown$$00000004      0x08000166   Section        0  libshutdown2.o(.ARM.Collect$$libshutdown$$00000004)
    .ARM.Collect$$libshutdown$$00000006      0x08000166   Section        0  libshutdown2.o(.ARM.Collect$$libshutdown$$00000006)
    .ARM.Collect$$libshutdown$$00000009      0x08000166   Section        0  libshutdown2.o(.ARM.Collect$$libshutdown$$00000009)
    .ARM.Collect$$libshutdown$$0000000C      0x08000166   Section        0  libshutdown2.o(.ARM.Collect$$libshutdown$$0000000C)
    .ARM.Collect$$libshutdown$$0000000E      0x08000166   Section        0  libshutdown2.o(.ARM.Collect$$libshutdown$$0000000E)
    .ARM.Collect$$libshutdown$$00000011      0x08000166   Section        0  libshutdown2.o(.ARM.Collect$$libshutdown$$00000011)
    .ARM.Collect$$libshutdown$$00000012      0x08000166   Section        2  libshutdown2.o(.ARM.Collect$$libshutdown$$00000012)
    .ARM.Collect$$rtentry$$00000000          0x08000168   Section        0  __rtentry.o(.ARM.Collect$$rtentry$$00000000)
    .ARM.Collect$$rtentry$$00000002          0x08000168   Section        0  __rtentry2.o(.ARM.Collect$$rtentry$$00000002)
    .ARM.Collect$$rtentry$$00000004          0x08000168   Section        6  __rtentry4.o(.ARM.Collect$$rtentry$$00000004)
    .ARM.Collect$$rtentry$$00000009          0x0800016e   Section        0  __rtentry2.o(.ARM.Collect$$rtentry$$00000009)
    .ARM.Collect$$rtentry$$0000000A          0x0800016e   Section        4  __rtentry2.o(.ARM.Collect$$rtentry$$0000000A)
    .ARM.Collect$$rtentry$$0000000C          0x08000172   Section        0  __rtentry2.o(.ARM.Collect$$rtentry$$0000000C)
    .ARM.Collect$$rtentry$$0000000D          0x08000172   Section        8  __rtentry2.o(.ARM.Collect$$rtentry$$0000000D)
    .ARM.Collect$$rtexit$$00000000           0x0800017a   Section        2  rtexit.o(.ARM.Collect$$rtexit$$00000000)
    .ARM.Collect$$rtexit$$00000002           0x0800017c   Section        0  rtexit2.o(.ARM.Collect$$rtexit$$00000002)
    .ARM.Collect$$rtexit$$00000003           0x0800017c   Section        4  rtexit2.o(.ARM.Collect$$rtexit$$00000003)
    .ARM.Collect$$rtexit$$00000004           0x08000180   Section        6  rtexit2.o(.ARM.Collect$$rtexit$$00000004)
    .emb_text                                0x08000188   Section      150  port.o(.emb_text)
    .text                                    0x08000220   Section       64  startup_stm32f103xb.o(.text)
    .text                                    0x08000260   Section      138  rt_memcpy_v6.o(.text)
    .text                                    0x080002ea   Section      100  rt_memcpy_w.o(.text)
    .text                                    0x0800034e   Section       68  rt_memclr.o(.text)
    .text                                    0x08000392   Section       78  rt_memclr_w.o(.text)
    .text                                    0x080003e0   Section        0  heapauxi.o(.text)
    .text                                    0x080003e6   Section       74  sys_stackheap_outer.o(.text)
    .text                                    0x08000430   Section        0  exit.o(.text)
    .text                                    0x08000444   Section        8  libspace.o(.text)
    .text                                    0x0800044c   Section        0  sys_exit.o(.text)
    .text                                    0x08000458   Section        2  use_no_semi.o(.text)
    .text                                    0x0800045a   Section        0  indicate_semi.o(.text)
    i.BusFault_Handler                       0x0800045a   Section        0  stm32f1xx_it.o(i.BusFault_Handler)
    i.CmdProcess                             0x0800045c   Section        0  ins_task.o(i.CmdProcess)
    i.CopeWitData                            0x08000508   Section        0  wit_c_sdk.o(i.CopeWitData)
    CopeWitData                              0x08000509   Thumb Code   172  wit_c_sdk.o(i.CopeWitData)
    i.DebugMon_Handler                       0x080005bc   Section        0  stm32f1xx_it.o(i.DebugMon_Handler)
    i.Delayms                                0x080005be   Section        0  ins_task.o(i.Delayms)
    Delayms                                  0x080005bf   Thumb Code     4  ins_task.o(i.Delayms)
    i.Error_Handler                          0x080005c2   Section        0  main.o(i.Error_Handler)
    i.HAL_DMA_Abort                          0x080005c6   Section        0  stm32f1xx_hal_dma.o(i.HAL_DMA_Abort)
    i.HAL_DMA_Abort_IT                       0x0800060c   Section        0  stm32f1xx_hal_dma.o(i.HAL_DMA_Abort_IT)
    i.HAL_GPIO_Init                          0x080006a4   Section        0  stm32f1xx_hal_gpio.o(i.HAL_GPIO_Init)
    i.HAL_GPIO_TogglePin                     0x08000884   Section        0  stm32f1xx_hal_gpio.o(i.HAL_GPIO_TogglePin)
    i.HAL_GPIO_WritePin                      0x08000894   Section        0  stm32f1xx_hal_gpio.o(i.HAL_GPIO_WritePin)
    i.HAL_GetTick                            0x080008a0   Section        0  stm32f1xx_hal.o(i.HAL_GetTick)
    i.HAL_IncTick                            0x080008ac   Section        0  stm32f1xx_hal.o(i.HAL_IncTick)
    i.HAL_Init                               0x080008bc   Section        0  stm32f1xx_hal.o(i.HAL_Init)
    i.HAL_InitTick                           0x080008e0   Section        0  stm32f1xx_hal.o(i.HAL_InitTick)
    i.HAL_MspInit                            0x08000920   Section        0  stm32f1xx_hal_msp.o(i.HAL_MspInit)
    i.HAL_NVIC_EnableIRQ                     0x08000968   Section        0  stm32f1xx_hal_cortex.o(i.HAL_NVIC_EnableIRQ)
    i.HAL_NVIC_SetPriority                   0x08000984   Section        0  stm32f1xx_hal_cortex.o(i.HAL_NVIC_SetPriority)
    i.HAL_NVIC_SetPriorityGrouping           0x080009c4   Section        0  stm32f1xx_hal_cortex.o(i.HAL_NVIC_SetPriorityGrouping)
    i.HAL_RCC_ClockConfig                    0x080009e8   Section        0  stm32f1xx_hal_rcc.o(i.HAL_RCC_ClockConfig)
    i.HAL_RCC_GetPCLK1Freq                   0x08000b14   Section        0  stm32f1xx_hal_rcc.o(i.HAL_RCC_GetPCLK1Freq)
    i.HAL_RCC_GetPCLK2Freq                   0x08000b34   Section        0  stm32f1xx_hal_rcc.o(i.HAL_RCC_GetPCLK2Freq)
    i.HAL_RCC_GetSysClockFreq                0x08000b54   Section        0  stm32f1xx_hal_rcc.o(i.HAL_RCC_GetSysClockFreq)
    i.HAL_RCC_OscConfig                      0x08000ba0   Section        0  stm32f1xx_hal_rcc.o(i.HAL_RCC_OscConfig)
    i.HAL_SYSTICK_Config                     0x08000ec0   Section        0  stm32f1xx_hal_cortex.o(i.HAL_SYSTICK_Config)
    i.HAL_UARTEx_RxEventCallback             0x08000ee8   Section        0  stm32f1xx_hal_uart.o(i.HAL_UARTEx_RxEventCallback)
    i.HAL_UART_ErrorCallback                 0x08000eea   Section        0  stm32f1xx_hal_uart.o(i.HAL_UART_ErrorCallback)
    i.HAL_UART_IRQHandler                    0x08000eec   Section        0  stm32f1xx_hal_uart.o(i.HAL_UART_IRQHandler)
    i.HAL_UART_Init                          0x08001158   Section        0  stm32f1xx_hal_uart.o(i.HAL_UART_Init)
    i.HAL_UART_MspInit                       0x080011bc   Section        0  usart.o(i.HAL_UART_MspInit)
    i.HAL_UART_Receive_IT                    0x080012f0   Section        0  stm32f1xx_hal_uart.o(i.HAL_UART_Receive_IT)
    i.HAL_UART_RxCpltCallback                0x0800130c   Section        0  dw_task.o(i.HAL_UART_RxCpltCallback)
    i.HAL_UART_Transmit                      0x080013d8   Section        0  stm32f1xx_hal_uart.o(i.HAL_UART_Transmit)
    i.HAL_UART_TxCpltCallback                0x08001478   Section        0  stm32f1xx_hal_uart.o(i.HAL_UART_TxCpltCallback)
    i.HardFault_Handler                      0x0800147a   Section        0  stm32f1xx_it.o(i.HardFault_Handler)
    i.INS_Communication_Callback             0x0800147c   Section        0  ins_task.o(i.INS_Communication_Callback)
    i.INS_init                               0x080014a0   Section        0  ins_task.o(i.INS_init)
    i.INS_task                               0x0800150c   Section        0  ins_task.o(i.INS_task)
    i.MX_FREERTOS_Init                       0x08001604   Section        0  freertos.o(i.MX_FREERTOS_Init)
    i.MX_GPIO_Init                           0x08001658   Section        0  gpio.o(i.MX_GPIO_Init)
    i.MX_USART1_UART_Init                    0x080016d8   Section        0  usart.o(i.MX_USART1_UART_Init)
    i.MX_USART2_UART_Init                    0x08001710   Section        0  usart.o(i.MX_USART2_UART_Init)
    i.MX_USART3_UART_Init                    0x08001748   Section        0  usart.o(i.MX_USART3_UART_Init)
    i.MemManage_Handler                      0x08001780   Section        0  stm32f1xx_it.o(i.MemManage_Handler)
    i.NMI_Handler                            0x08001782   Section        0  stm32f1xx_it.o(i.NMI_Handler)
    i.SensorDataUpdata                       0x08001784   Section        0  ins_task.o(i.SensorDataUpdata)
    SensorDataUpdata                         0x08001785   Thumb Code    72  ins_task.o(i.SensorDataUpdata)
    i.SensorUartSend                         0x080017d0   Section        0  ins_task.o(i.SensorUartSend)
    SensorUartSend                           0x080017d1   Thumb Code    12  ins_task.o(i.SensorUartSend)
    i.StartDefaultTask                       0x080017e0   Section        0  freertos.o(i.StartDefaultTask)
    i.SysTick_Handler                        0x08001800   Section        0  stm32f1xx_it.o(i.SysTick_Handler)
    i.SystemClock_Config                     0x08001818   Section        0  main.o(i.SystemClock_Config)
    i.SystemInit                             0x08001876   Section        0  system_stm32f1xx.o(i.SystemInit)
    i.UART_DMAAbortOnError                   0x08001878   Section        0  stm32f1xx_hal_uart.o(i.UART_DMAAbortOnError)
    UART_DMAAbortOnError                     0x08001879   Thumb Code    16  stm32f1xx_hal_uart.o(i.UART_DMAAbortOnError)
    i.UART_EndRxTransfer                     0x08001888   Section        0  stm32f1xx_hal_uart.o(i.UART_EndRxTransfer)
    UART_EndRxTransfer                       0x08001889   Thumb Code    78  stm32f1xx_hal_uart.o(i.UART_EndRxTransfer)
    i.UART_Receive_IT                        0x080018d6   Section        0  stm32f1xx_hal_uart.o(i.UART_Receive_IT)
    UART_Receive_IT                          0x080018d7   Thumb Code   194  stm32f1xx_hal_uart.o(i.UART_Receive_IT)
    i.UART_SetConfig                         0x08001998   Section        0  stm32f1xx_hal_uart.o(i.UART_SetConfig)
    UART_SetConfig                           0x08001999   Thumb Code   178  stm32f1xx_hal_uart.o(i.UART_SetConfig)
    i.UART_Start_Receive_IT                  0x08001a50   Section        0  stm32f1xx_hal_uart.o(i.UART_Start_Receive_IT)
    i.UART_WaitOnFlagUntilTimeout            0x08001a86   Section        0  stm32f1xx_hal_uart.o(i.UART_WaitOnFlagUntilTimeout)
    UART_WaitOnFlagUntilTimeout              0x08001a87   Thumb Code   114  stm32f1xx_hal_uart.o(i.UART_WaitOnFlagUntilTimeout)
    i.USART1_IRQHandler                      0x08001af8   Section        0  stm32f1xx_it.o(i.USART1_IRQHandler)
    i.USART2_IRQHandler                      0x08001b04   Section        0  stm32f1xx_it.o(i.USART2_IRQHandler)
    i.USART3_IRQHandler                      0x08001b10   Section        0  stm32f1xx_it.o(i.USART3_IRQHandler)
    i.UsageFault_Handler                     0x08001b1c   Section        0  stm32f1xx_it.o(i.UsageFault_Handler)
    i.WitDelayMsRegister                     0x08001b20   Section        0  wit_c_sdk.o(i.WitDelayMsRegister)
    i.WitInit                                0x08001b34   Section        0  wit_c_sdk.o(i.WitInit)
    i.WitReadReg                             0x08001b50   Section        0  wit_c_sdk.o(i.WitReadReg)
    i.WitRegisterCallBack                    0x08001c88   Section        0  wit_c_sdk.o(i.WitRegisterCallBack)
    i.WitSerialDataIn                        0x08001c9c   Section        0  wit_c_sdk.o(i.WitSerialDataIn)
    i.WitSerialWriteRegister                 0x08001d9c   Section        0  wit_c_sdk.o(i.WitSerialWriteRegister)
    i.__CRC16                                0x08001db0   Section        0  wit_c_sdk.o(i.__CRC16)
    __CRC16                                  0x08001db1   Thumb Code    38  wit_c_sdk.o(i.__CRC16)
    i.__NVIC_SetPriority                     0x08001ddc   Section        0  stm32f1xx_hal_cortex.o(i.__NVIC_SetPriority)
    __NVIC_SetPriority                       0x08001ddd   Thumb Code    32  stm32f1xx_hal_cortex.o(i.__NVIC_SetPriority)
    i.car_set_line                           0x08001dfc   Section        0  dw_task.o(i.car_set_line)
    i.car_set_no_move                        0x08001e1c   Section        0  dw_task.o(i.car_set_no_move)
    i.car_set_pos                            0x08001e34   Section        0  dw_task.o(i.car_set_pos)
    i.car_start_calibrate                    0x08001e54   Section        0  dw_task.o(i.car_start_calibrate)
    i.dw1000_send_data                       0x08001e6c   Section        0  dw_task.o(i.dw1000_send_data)
    dw1000_send_data                         0x08001e6d   Thumb Code   144  dw_task.o(i.dw1000_send_data)
    i.dw_task                                0x08001f04   Section        0  dw_task.o(i.dw_task)
    i.get_INS_point                          0x08001f34   Section        0  ins_task.o(i.get_INS_point)
    i.main                                   0x08001f3c   Section        0  main.o(i.main)
    i.makeFreeRtosPriority                   0x08001f5e   Section        0  cmsis_os.o(i.makeFreeRtosPriority)
    makeFreeRtosPriority                     0x08001f5f   Thumb Code    12  cmsis_os.o(i.makeFreeRtosPriority)
    i.osDelay                                0x08001f6a   Section        0  cmsis_os.o(i.osDelay)
    i.osKernelStart                          0x08001f78   Section        0  cmsis_os.o(i.osKernelStart)
    i.osThreadCreate                         0x08001f82   Section        0  cmsis_os.o(i.osThreadCreate)
    i.prvAddCurrentTaskToDelayedList         0x08001fd8   Section        0  tasks.o(i.prvAddCurrentTaskToDelayedList)
    prvAddCurrentTaskToDelayedList           0x08001fd9   Thumb Code   102  tasks.o(i.prvAddCurrentTaskToDelayedList)
    i.prvAddNewTaskToReadyList               0x08002048   Section        0  tasks.o(i.prvAddNewTaskToReadyList)
    prvAddNewTaskToReadyList                 0x08002049   Thumb Code   194  tasks.o(i.prvAddNewTaskToReadyList)
    i.prvDeleteTCB                           0x08002118   Section        0  tasks.o(i.prvDeleteTCB)
    prvDeleteTCB                             0x08002119   Thumb Code    52  tasks.o(i.prvDeleteTCB)
    i.prvHeapInit                            0x0800214c   Section        0  heap_4.o(i.prvHeapInit)
    prvHeapInit                              0x0800214d   Thumb Code    66  heap_4.o(i.prvHeapInit)
    i.prvIdleTask                            0x08002198   Section        0  tasks.o(i.prvIdleTask)
    prvIdleTask                              0x08002199   Thumb Code    82  tasks.o(i.prvIdleTask)
    i.prvInitialiseNewTask                   0x080021f8   Section        0  tasks.o(i.prvInitialiseNewTask)
    prvInitialiseNewTask                     0x080021f9   Thumb Code   152  tasks.o(i.prvInitialiseNewTask)
    i.prvInsertBlockIntoFreeList             0x08002290   Section        0  heap_4.o(i.prvInsertBlockIntoFreeList)
    prvInsertBlockIntoFreeList               0x08002291   Thumb Code    72  heap_4.o(i.prvInsertBlockIntoFreeList)
    i.prvResetNextTaskUnblockTime            0x080022dc   Section        0  tasks.o(i.prvResetNextTaskUnblockTime)
    prvResetNextTaskUnblockTime              0x080022dd   Thumb Code    26  tasks.o(i.prvResetNextTaskUnblockTime)
    i.prvTaskExitError                       0x080022fc   Section        0  port.o(i.prvTaskExitError)
    prvTaskExitError                         0x080022fd   Thumb Code    36  port.o(i.prvTaskExitError)
    i.pvPortMalloc                           0x08002324   Section        0  heap_4.o(i.pvPortMalloc)
    i.pxPortInitialiseStack                  0x08002400   Section        0  port.o(i.pxPortInitialiseStack)
    i.serial_screen_call_back                0x08002424   Section        0  serial_screen.o(i.serial_screen_call_back)
    i.serial_screen_init                     0x08002500   Section        0  serial_screen.o(i.serial_screen_init)
    i.uxListRemove                           0x08002520   Section        0  list.o(i.uxListRemove)
    i.vApplicationGetIdleTaskMemory          0x08002548   Section        0  freertos.o(i.vApplicationGetIdleTaskMemory)
    i.vListInitialise                        0x0800255c   Section        0  list.o(i.vListInitialise)
    i.vListInitialiseItem                    0x08002572   Section        0  list.o(i.vListInitialiseItem)
    i.vListInsert                            0x08002578   Section        0  list.o(i.vListInsert)
    i.vListInsertEnd                         0x080025a8   Section        0  list.o(i.vListInsertEnd)
    i.vPortEnterCritical                     0x080025c0   Section        0  port.o(i.vPortEnterCritical)
    i.vPortExitCritical                      0x08002600   Section        0  port.o(i.vPortExitCritical)
    i.vPortFree                              0x08002628   Section        0  heap_4.o(i.vPortFree)
    i.vPortSetupTimerInterrupt               0x0800268c   Section        0  port.o(i.vPortSetupTimerInterrupt)
    i.vTaskDelay                             0x080026b0   Section        0  tasks.o(i.vTaskDelay)
    i.vTaskStartScheduler                    0x080026fc   Section        0  tasks.o(i.vTaskStartScheduler)
    i.vTaskSuspendAll                        0x08002768   Section        0  tasks.o(i.vTaskSuspendAll)
    i.vTaskSwitchContext                     0x08002778   Section        0  tasks.o(i.vTaskSwitchContext)
    i.xPortStartScheduler                    0x080027d4   Section        0  port.o(i.xPortStartScheduler)
    i.xPortSysTickHandler                    0x0800287c   Section        0  port.o(i.xPortSysTickHandler)
    i.xTaskCreate                            0x080028a8   Section        0  tasks.o(i.xTaskCreate)
    i.xTaskCreateStatic                      0x08002902   Section        0  tasks.o(i.xTaskCreateStatic)
    i.xTaskGetSchedulerState                 0x08002958   Section        0  tasks.o(i.xTaskGetSchedulerState)
    i.xTaskIncrementTick                     0x08002974   Section        0  tasks.o(i.xTaskIncrementTick)
    i.xTaskResumeAll                         0x08002a40   Section        0  tasks.o(i.xTaskResumeAll)
    x$fpl$fadd                               0x08002b04   Section      196  faddsub_clz.o(x$fpl$fadd)
    _fadd1                                   0x08002b13   Thumb Code     0  faddsub_clz.o(x$fpl$fadd)
    x$fpl$fcheck1                            0x08002bc8   Section       12  fcheck1.o(x$fpl$fcheck1)
    x$fpl$fflt                               0x08002bd4   Section       48  fflt_clz.o(x$fpl$fflt)
    x$fpl$fmul                               0x08002c04   Section      258  fmul.o(x$fpl$fmul)
    x$fpl$fnaninf                            0x08002d06   Section      140  fnaninf.o(x$fpl$fnaninf)
    x$fpl$fretinf                            0x08002d92   Section       10  fretinf.o(x$fpl$fretinf)
    x$fpl$fsub                               0x08002d9c   Section      234  faddsub_clz.o(x$fpl$fsub)
    _fsub1                                   0x08002dab   Thumb Code     0  faddsub_clz.o(x$fpl$fsub)
    x$fpl$retnan                             0x08002e86   Section      100  retnan.o(x$fpl$retnan)
    x$fpl$scalbnf                            0x08002eea   Section       76  scalbnf.o(x$fpl$scalbnf)
    x$fpl$trapveneer                         0x08002f36   Section       48  trapv.o(x$fpl$trapveneer)
    x$fpl$usenofp                            0x08002f66   Section        0  usenofp.o(x$fpl$usenofp)
    .constdata                               0x08002f68   Section       84  freertos.o(.constdata)
    .constdata                               0x08002fbc   Section       18  stm32f1xx_hal_rcc.o(.constdata)
    aPredivFactorTable                       0x08002fbc   Data           2  stm32f1xx_hal_rcc.o(.constdata)
    aPLLMULFactorTable                       0x08002fbe   Data          16  stm32f1xx_hal_rcc.o(.constdata)
    .constdata                               0x08002fce   Section       16  system_stm32f1xx.o(.constdata)
    .constdata                               0x08002fde   Section        8  system_stm32f1xx.o(.constdata)
    .constdata                               0x08002fe6   Section      512  wit_c_sdk.o(.constdata)
    __auchCRCHi                              0x08002fe6   Data         256  wit_c_sdk.o(.constdata)
    __auchCRCLo                              0x080030e6   Data         256  wit_c_sdk.o(.constdata)
    .conststring                             0x080031e8   Section       27  freertos.o(.conststring)
    .data                                    0x20000000   Section       12  freertos.o(.data)
    .data                                    0x2000000c   Section       12  stm32f1xx_hal.o(.data)
    .data                                    0x20000018   Section        4  system_stm32f1xx.o(.data)
    .data                                    0x2000001c   Section       60  tasks.o(.data)
    uxDeletedTasksWaitingCleanUp             0x20000020   Data           4  tasks.o(.data)
    uxCurrentNumberOfTasks                   0x20000024   Data           4  tasks.o(.data)
    xTickCount                               0x20000028   Data           4  tasks.o(.data)
    uxTopReadyPriority                       0x2000002c   Data           4  tasks.o(.data)
    xSchedulerRunning                        0x20000030   Data           4  tasks.o(.data)
    xPendedTicks                             0x20000034   Data           4  tasks.o(.data)
    xYieldPending                            0x20000038   Data           4  tasks.o(.data)
    xNumOfOverflows                          0x2000003c   Data           4  tasks.o(.data)
    uxTaskNumber                             0x20000040   Data           4  tasks.o(.data)
    xNextTaskUnblockTime                     0x20000044   Data           4  tasks.o(.data)
    xIdleTaskHandle                          0x20000048   Data           4  tasks.o(.data)
    uxSchedulerSuspended                     0x2000004c   Data           4  tasks.o(.data)
    pxDelayedTaskList                        0x20000050   Data           4  tasks.o(.data)
    pxOverflowDelayedTaskList                0x20000054   Data           4  tasks.o(.data)
    .data                                    0x20000058   Section       32  heap_4.o(.data)
    pxEnd                                    0x20000058   Data           4  heap_4.o(.data)
    xFreeBytesRemaining                      0x2000005c   Data           4  heap_4.o(.data)
    xMinimumEverFreeBytesRemaining           0x20000060   Data           4  heap_4.o(.data)
    xNumberOfSuccessfulAllocations           0x20000064   Data           4  heap_4.o(.data)
    xNumberOfSuccessfulFrees                 0x20000068   Data           4  heap_4.o(.data)
    xBlockAllocatedBit                       0x2000006c   Data           4  heap_4.o(.data)
    xStart                                   0x20000070   Data           8  heap_4.o(.data)
    .data                                    0x20000078   Section       12  port.o(.data)
    ucMaxSysCallPriority                     0x20000078   Data           1  port.o(.data)
    uxCriticalNesting                        0x2000007c   Data           4  port.o(.data)
    ulMaxPRIGROUPValue                       0x20000080   Data           4  port.o(.data)
    .data                                    0x20000084   Section        3  dw_task.o(.data)
    rx_state                                 0x20000084   Data           1  dw_task.o(.data)
    rx_index                                 0x20000085   Data           1  dw_task.o(.data)
    rx_buffer                                0x20000086   Data           1  dw_task.o(.data)
    .data                                    0x20000087   Section        2  ins_task.o(.data)
    s_cDataUpdate                            0x20000087   Data           1  ins_task.o(.data)
    .data                                    0x2000008c   Section       40  wit_c_sdk.o(.data)
    s_ucAddr                                 0x2000008c   Data           1  wit_c_sdk.o(.data)
    p_WitSerialWriteFunc                     0x20000090   Data           4  wit_c_sdk.o(.data)
    p_WitI2cWriteFunc                        0x20000094   Data           4  wit_c_sdk.o(.data)
    p_WitI2cReadFunc                         0x20000098   Data           4  wit_c_sdk.o(.data)
    p_WitCanWriteFunc                        0x2000009c   Data           4  wit_c_sdk.o(.data)
    p_WitRegUpdateCbFunc                     0x200000a0   Data           4  wit_c_sdk.o(.data)
    p_WitDelaymsFunc                         0x200000a4   Data           4  wit_c_sdk.o(.data)
    s_uiWitDataCnt                           0x200000a8   Data           4  wit_c_sdk.o(.data)
    s_uiProtoclo                             0x200000ac   Data           4  wit_c_sdk.o(.data)
    s_uiReadRegIndex                         0x200000b0   Data           4  wit_c_sdk.o(.data)
    .data                                    0x200000b4   Section        3  serial_screen.o(.data)
    car_state                                0x200000b4   Data           1  serial_screen.o(.data)
    frame_buffer                             0x200000b5   Data           1  serial_screen.o(.data)
    receive_state                            0x200000b6   Data           1  serial_screen.o(.data)
    .bss                                     0x200000b8   Section      596  freertos.o(.bss)
    xIdleTaskTCBBuffer                       0x200000b8   Data          84  freertos.o(.bss)
    xIdleStack                               0x2000010c   Data         512  freertos.o(.bss)
    .bss                                     0x2000030c   Section      216  usart.o(.bss)
    .bss                                     0x200003e4   Section      240  tasks.o(.bss)
    pxReadyTasksLists                        0x200003e4   Data         140  tasks.o(.bss)
    xDelayedTaskList1                        0x20000470   Data          20  tasks.o(.bss)
    xDelayedTaskList2                        0x20000484   Data          20  tasks.o(.bss)
    xPendingReadyList                        0x20000498   Data          20  tasks.o(.bss)
    xTasksWaitingTermination                 0x200004ac   Data          20  tasks.o(.bss)
    xSuspendedTaskList                       0x200004c0   Data          20  tasks.o(.bss)
    .bss                                     0x200004d4   Section     3072  heap_4.o(.bss)
    ucHeap                                   0x200004d4   Data        3072  heap_4.o(.bss)
    .bss                                     0x200010d4   Section      233  dw_task.o(.bss)
    rx_data                                  0x2000119a   Data          18  dw_task.o(.bss)
    tx_data                                  0x200011ac   Data          17  dw_task.o(.bss)
    .bss                                     0x200011c0   Section       72  ins_task.o(.bss)
    .bss                                     0x20001208   Section      544  wit_c_sdk.o(.bss)
    s_ucWitDataBuff                          0x20001208   Data         256  wit_c_sdk.o(.bss)
    .bss                                     0x20001428   Section       24  serial_screen.o(.bss)
    line_set                                 0x20001428   Data          12  serial_screen.o(.bss)
    pos_set                                  0x20001434   Data          12  serial_screen.o(.bss)
    .bss                                     0x20001440   Section       96  libspace.o(.bss)
    HEAP                                     0x200014a0   Section      512  startup_stm32f103xb.o(HEAP)
    Heap_Mem                                 0x200014a0   Data         512  startup_stm32f103xb.o(HEAP)
    STACK                                    0x200016a0   Section     1024  startup_stm32f103xb.o(STACK)
    Stack_Mem                                0x200016a0   Data        1024  startup_stm32f103xb.o(STACK)
    __initial_sp                             0x20001aa0   Data           0  startup_stm32f103xb.o(STACK)

    Global Symbols

    Symbol Name                              Value     Ov Type        Size  Object(Section)

    BuildAttributes$$THM_ISAv4$P$D$K$B$S$PE$A:L22UL41UL21$X:L11$S22US41US21$IEEE1$IW$USESV6$~STKCKD$USESV7$~SHL$OSPACE$ROPI$EBA8$UX$STANDARDLIB$REQ8$PRES8$EABIv2 0x00000000   Number         0  anon$$obj.o ABSOLUTE
    __ARM_use_no_argv                        0x00000000   Number         0  main.o ABSOLUTE
    __ARM_exceptions_init                     - Undefined Weak Reference
    __alloca_initialize                       - Undefined Weak Reference
    __arm_fini_                               - Undefined Weak Reference
    __arm_preinit_                            - Undefined Weak Reference
    __cpp_initialize__aeabi_                  - Undefined Weak Reference
    __cxa_finalize                            - Undefined Weak Reference
    __rt_locale                               - Undefined Weak Reference
    __sigvec_lookup                           - Undefined Weak Reference
    _atexit_init                              - Undefined Weak Reference
    _call_atexit_fns                          - Undefined Weak Reference
    _clock_init                               - Undefined Weak Reference
    _fp_trap_init                             - Undefined Weak Reference
    _fp_trap_shutdown                         - Undefined Weak Reference
    _get_lc_collate                           - Undefined Weak Reference
    _get_lc_ctype                             - Undefined Weak Reference
    _get_lc_monetary                          - Undefined Weak Reference
    _get_lc_numeric                           - Undefined Weak Reference
    _get_lc_time                              - Undefined Weak Reference
    _getenv_init                              - Undefined Weak Reference
    _handle_redirection                       - Undefined Weak Reference
    _init_alloc                               - Undefined Weak Reference
    _init_user_alloc                          - Undefined Weak Reference
    _initio                                   - Undefined Weak Reference
    _rand_init                                - Undefined Weak Reference
    _signal_finish                            - Undefined Weak Reference
    _signal_init                              - Undefined Weak Reference
    _terminate_alloc                          - Undefined Weak Reference
    _terminate_user_alloc                     - Undefined Weak Reference
    _terminateio                              - Undefined Weak Reference
    __Vectors_Size                           0x000000ec   Number         0  startup_stm32f103xb.o ABSOLUTE
    __Vectors                                0x08000000   Data           4  startup_stm32f103xb.o(RESET)
    __Vectors_End                            0x080000ec   Data           0  startup_stm32f103xb.o(RESET)
    __main                                   0x080000ed   Thumb Code     8  __main.o(!!!main)
    __scatterload                            0x080000f5   Thumb Code     0  __scatter.o(!!!scatter)
    __scatterload_rt2                        0x080000f5   Thumb Code    44  __scatter.o(!!!scatter)
    __scatterload_rt2_thumb_only             0x080000f5   Thumb Code     0  __scatter.o(!!!scatter)
    __scatterload_null                       0x08000103   Thumb Code     0  __scatter.o(!!!scatter)
    __scatterload_copy                       0x08000129   Thumb Code    26  __scatter_copy.o(!!handler_copy)
    __scatterload_zeroinit                   0x08000145   Thumb Code    28  __scatter_zi.o(!!handler_zi)
    __rt_lib_init                            0x08000161   Thumb Code     0  libinit.o(.ARM.Collect$$libinit$$00000000)
    __rt_lib_init_alloca_1                   0x08000163   Thumb Code     0  libinit2.o(.ARM.Collect$$libinit$$0000002E)
    __rt_lib_init_argv_1                     0x08000163   Thumb Code     0  libinit2.o(.ARM.Collect$$libinit$$0000002C)
    __rt_lib_init_atexit_1                   0x08000163   Thumb Code     0  libinit2.o(.ARM.Collect$$libinit$$0000001B)
    __rt_lib_init_clock_1                    0x08000163   Thumb Code     0  libinit2.o(.ARM.Collect$$libinit$$00000021)
    __rt_lib_init_cpp_1                      0x08000163   Thumb Code     0  libinit2.o(.ARM.Collect$$libinit$$00000032)
    __rt_lib_init_exceptions_1               0x08000163   Thumb Code     0  libinit2.o(.ARM.Collect$$libinit$$00000030)
    __rt_lib_init_fp_1                       0x08000163   Thumb Code     0  libinit2.o(.ARM.Collect$$libinit$$00000002)
    __rt_lib_init_fp_trap_1                  0x08000163   Thumb Code     0  libinit2.o(.ARM.Collect$$libinit$$0000001F)
    __rt_lib_init_getenv_1                   0x08000163   Thumb Code     0  libinit2.o(.ARM.Collect$$libinit$$00000023)
    __rt_lib_init_heap_1                     0x08000163   Thumb Code     0  libinit2.o(.ARM.Collect$$libinit$$0000000A)
    __rt_lib_init_lc_collate_1               0x08000163   Thumb Code     0  libinit2.o(.ARM.Collect$$libinit$$00000011)
    __rt_lib_init_lc_ctype_1                 0x08000163   Thumb Code     0  libinit2.o(.ARM.Collect$$libinit$$00000013)
    __rt_lib_init_lc_monetary_1              0x08000163   Thumb Code     0  libinit2.o(.ARM.Collect$$libinit$$00000015)
    __rt_lib_init_lc_numeric_1               0x08000163   Thumb Code     0  libinit2.o(.ARM.Collect$$libinit$$00000017)
    __rt_lib_init_lc_time_1                  0x08000163   Thumb Code     0  libinit2.o(.ARM.Collect$$libinit$$00000019)
    __rt_lib_init_preinit_1                  0x08000163   Thumb Code     0  libinit2.o(.ARM.Collect$$libinit$$00000004)
    __rt_lib_init_rand_1                     0x08000163   Thumb Code     0  libinit2.o(.ARM.Collect$$libinit$$0000000E)
    __rt_lib_init_return                     0x08000163   Thumb Code     0  libinit2.o(.ARM.Collect$$libinit$$00000033)
    __rt_lib_init_signal_1                   0x08000163   Thumb Code     0  libinit2.o(.ARM.Collect$$libinit$$0000001D)
    __rt_lib_init_stdio_1                    0x08000163   Thumb Code     0  libinit2.o(.ARM.Collect$$libinit$$00000025)
    __rt_lib_init_user_alloc_1               0x08000163   Thumb Code     0  libinit2.o(.ARM.Collect$$libinit$$0000000C)
    __rt_lib_shutdown                        0x08000165   Thumb Code     0  libshutdown.o(.ARM.Collect$$libshutdown$$00000000)
    __rt_lib_shutdown_cpp_1                  0x08000167   Thumb Code     0  libshutdown2.o(.ARM.Collect$$libshutdown$$00000004)
    __rt_lib_shutdown_fini_1                 0x08000167   Thumb Code     0  libshutdown2.o(.ARM.Collect$$libshutdown$$00000002)
    __rt_lib_shutdown_fp_trap_1              0x08000167   Thumb Code     0  libshutdown2.o(.ARM.Collect$$libshutdown$$00000009)
    __rt_lib_shutdown_heap_1                 0x08000167   Thumb Code     0  libshutdown2.o(.ARM.Collect$$libshutdown$$00000011)
    __rt_lib_shutdown_return                 0x08000167   Thumb Code     0  libshutdown2.o(.ARM.Collect$$libshutdown$$00000012)
    __rt_lib_shutdown_signal_1               0x08000167   Thumb Code     0  libshutdown2.o(.ARM.Collect$$libshutdown$$0000000C)
    __rt_lib_shutdown_stdio_1                0x08000167   Thumb Code     0  libshutdown2.o(.ARM.Collect$$libshutdown$$00000006)
    __rt_lib_shutdown_user_alloc_1           0x08000167   Thumb Code     0  libshutdown2.o(.ARM.Collect$$libshutdown$$0000000E)
    __rt_entry                               0x08000169   Thumb Code     0  __rtentry.o(.ARM.Collect$$rtentry$$00000000)
    __rt_entry_presh_1                       0x08000169   Thumb Code     0  __rtentry2.o(.ARM.Collect$$rtentry$$00000002)
    __rt_entry_sh                            0x08000169   Thumb Code     0  __rtentry4.o(.ARM.Collect$$rtentry$$00000004)
    __rt_entry_li                            0x0800016f   Thumb Code     0  __rtentry2.o(.ARM.Collect$$rtentry$$0000000A)
    __rt_entry_postsh_1                      0x0800016f   Thumb Code     0  __rtentry2.o(.ARM.Collect$$rtentry$$00000009)
    __rt_entry_main                          0x08000173   Thumb Code     0  __rtentry2.o(.ARM.Collect$$rtentry$$0000000D)
    __rt_entry_postli_1                      0x08000173   Thumb Code     0  __rtentry2.o(.ARM.Collect$$rtentry$$0000000C)
    __rt_exit                                0x0800017b   Thumb Code     0  rtexit.o(.ARM.Collect$$rtexit$$00000000)
    __rt_exit_ls                             0x0800017d   Thumb Code     0  rtexit2.o(.ARM.Collect$$rtexit$$00000003)
    __rt_exit_prels_1                        0x0800017d   Thumb Code     0  rtexit2.o(.ARM.Collect$$rtexit$$00000002)
    __rt_exit_exit                           0x08000181   Thumb Code     0  rtexit2.o(.ARM.Collect$$rtexit$$00000004)
    SVC_Handler                              0x08000189   Thumb Code    32  port.o(.emb_text)
    __asm___6_port_c_39a90d8d__prvStartFirstTask 0x080001ad   Thumb Code    28  port.o(.emb_text)
    PendSV_Handler                           0x080001cd   Thumb Code    72  port.o(.emb_text)
    vPortGetIPSR                             0x08000219   Thumb Code     6  port.o(.emb_text)
    Reset_Handler                            0x08000221   Thumb Code     8  startup_stm32f103xb.o(.text)
    ADC1_2_IRQHandler                        0x0800023b   Thumb Code     0  startup_stm32f103xb.o(.text)
    CAN1_RX1_IRQHandler                      0x0800023b   Thumb Code     0  startup_stm32f103xb.o(.text)
    CAN1_SCE_IRQHandler                      0x0800023b   Thumb Code     0  startup_stm32f103xb.o(.text)
    DMA1_Channel1_IRQHandler                 0x0800023b   Thumb Code     0  startup_stm32f103xb.o(.text)
    DMA1_Channel2_IRQHandler                 0x0800023b   Thumb Code     0  startup_stm32f103xb.o(.text)
    DMA1_Channel3_IRQHandler                 0x0800023b   Thumb Code     0  startup_stm32f103xb.o(.text)
    DMA1_Channel4_IRQHandler                 0x0800023b   Thumb Code     0  startup_stm32f103xb.o(.text)
    DMA1_Channel5_IRQHandler                 0x0800023b   Thumb Code     0  startup_stm32f103xb.o(.text)
    DMA1_Channel6_IRQHandler                 0x0800023b   Thumb Code     0  startup_stm32f103xb.o(.text)
    DMA1_Channel7_IRQHandler                 0x0800023b   Thumb Code     0  startup_stm32f103xb.o(.text)
    EXTI0_IRQHandler                         0x0800023b   Thumb Code     0  startup_stm32f103xb.o(.text)
    EXTI15_10_IRQHandler                     0x0800023b   Thumb Code     0  startup_stm32f103xb.o(.text)
    EXTI1_IRQHandler                         0x0800023b   Thumb Code     0  startup_stm32f103xb.o(.text)
    EXTI2_IRQHandler                         0x0800023b   Thumb Code     0  startup_stm32f103xb.o(.text)
    EXTI3_IRQHandler                         0x0800023b   Thumb Code     0  startup_stm32f103xb.o(.text)
    EXTI4_IRQHandler                         0x0800023b   Thumb Code     0  startup_stm32f103xb.o(.text)
    EXTI9_5_IRQHandler                       0x0800023b   Thumb Code     0  startup_stm32f103xb.o(.text)
    FLASH_IRQHandler                         0x0800023b   Thumb Code     0  startup_stm32f103xb.o(.text)
    I2C1_ER_IRQHandler                       0x0800023b   Thumb Code     0  startup_stm32f103xb.o(.text)
    I2C1_EV_IRQHandler                       0x0800023b   Thumb Code     0  startup_stm32f103xb.o(.text)
    I2C2_ER_IRQHandler                       0x0800023b   Thumb Code     0  startup_stm32f103xb.o(.text)
    I2C2_EV_IRQHandler                       0x0800023b   Thumb Code     0  startup_stm32f103xb.o(.text)
    PVD_IRQHandler                           0x0800023b   Thumb Code     0  startup_stm32f103xb.o(.text)
    RCC_IRQHandler                           0x0800023b   Thumb Code     0  startup_stm32f103xb.o(.text)
    RTC_Alarm_IRQHandler                     0x0800023b   Thumb Code     0  startup_stm32f103xb.o(.text)
    RTC_IRQHandler                           0x0800023b   Thumb Code     0  startup_stm32f103xb.o(.text)
    SPI1_IRQHandler                          0x0800023b   Thumb Code     0  startup_stm32f103xb.o(.text)
    SPI2_IRQHandler                          0x0800023b   Thumb Code     0  startup_stm32f103xb.o(.text)
    TAMPER_IRQHandler                        0x0800023b   Thumb Code     0  startup_stm32f103xb.o(.text)
    TIM1_BRK_IRQHandler                      0x0800023b   Thumb Code     0  startup_stm32f103xb.o(.text)
    TIM1_CC_IRQHandler                       0x0800023b   Thumb Code     0  startup_stm32f103xb.o(.text)
    TIM1_TRG_COM_IRQHandler                  0x0800023b   Thumb Code     0  startup_stm32f103xb.o(.text)
    TIM1_UP_IRQHandler                       0x0800023b   Thumb Code     0  startup_stm32f103xb.o(.text)
    TIM2_IRQHandler                          0x0800023b   Thumb Code     0  startup_stm32f103xb.o(.text)
    TIM3_IRQHandler                          0x0800023b   Thumb Code     0  startup_stm32f103xb.o(.text)
    TIM4_IRQHandler                          0x0800023b   Thumb Code     0  startup_stm32f103xb.o(.text)
    USBWakeUp_IRQHandler                     0x0800023b   Thumb Code     0  startup_stm32f103xb.o(.text)
    USB_HP_CAN1_TX_IRQHandler                0x0800023b   Thumb Code     0  startup_stm32f103xb.o(.text)
    USB_LP_CAN1_RX0_IRQHandler               0x0800023b   Thumb Code     0  startup_stm32f103xb.o(.text)
    WWDG_IRQHandler                          0x0800023b   Thumb Code     0  startup_stm32f103xb.o(.text)
    __user_initial_stackheap                 0x0800023d   Thumb Code     0  startup_stm32f103xb.o(.text)
    __aeabi_memcpy                           0x08000261   Thumb Code     0  rt_memcpy_v6.o(.text)
    __rt_memcpy                              0x08000261   Thumb Code   138  rt_memcpy_v6.o(.text)
    _memcpy_lastbytes                        0x080002c7   Thumb Code     0  rt_memcpy_v6.o(.text)
    __aeabi_memcpy4                          0x080002eb   Thumb Code     0  rt_memcpy_w.o(.text)
    __aeabi_memcpy8                          0x080002eb   Thumb Code     0  rt_memcpy_w.o(.text)
    __rt_memcpy_w                            0x080002eb   Thumb Code   100  rt_memcpy_w.o(.text)
    _memcpy_lastbytes_aligned                0x08000333   Thumb Code     0  rt_memcpy_w.o(.text)
    __aeabi_memclr                           0x0800034f   Thumb Code     0  rt_memclr.o(.text)
    __rt_memclr                              0x0800034f   Thumb Code    68  rt_memclr.o(.text)
    _memset                                  0x08000353   Thumb Code     0  rt_memclr.o(.text)
    __aeabi_memclr4                          0x08000393   Thumb Code     0  rt_memclr_w.o(.text)
    __aeabi_memclr8                          0x08000393   Thumb Code     0  rt_memclr_w.o(.text)
    __rt_memclr_w                            0x08000393   Thumb Code    78  rt_memclr_w.o(.text)
    _memset_w                                0x08000397   Thumb Code     0  rt_memclr_w.o(.text)
    __use_two_region_memory                  0x080003e1   Thumb Code     2  heapauxi.o(.text)
    __rt_heap_escrow$2region                 0x080003e3   Thumb Code     2  heapauxi.o(.text)
    __rt_heap_expand$2region                 0x080003e5   Thumb Code     2  heapauxi.o(.text)
    __user_setup_stackheap                   0x080003e7   Thumb Code    74  sys_stackheap_outer.o(.text)
    exit                                     0x08000431   Thumb Code    18  exit.o(.text)
    __user_libspace                          0x08000445   Thumb Code     8  libspace.o(.text)
    __user_perproc_libspace                  0x08000445   Thumb Code     0  libspace.o(.text)
    __user_perthread_libspace                0x08000445   Thumb Code     0  libspace.o(.text)
    _sys_exit                                0x0800044d   Thumb Code     8  sys_exit.o(.text)
    __I$use$semihosting                      0x08000459   Thumb Code     0  use_no_semi.o(.text)
    __use_no_semihosting_swi                 0x08000459   Thumb Code     2  use_no_semi.o(.text)
    BusFault_Handler                         0x0800045b   Thumb Code     2  stm32f1xx_it.o(i.BusFault_Handler)
    __semihosting_library_function           0x0800045b   Thumb Code     0  indicate_semi.o(.text)
    CmdProcess                               0x0800045d   Thumb Code   152  ins_task.o(i.CmdProcess)
    DebugMon_Handler                         0x080005bd   Thumb Code     2  stm32f1xx_it.o(i.DebugMon_Handler)
    Error_Handler                            0x080005c3   Thumb Code     4  main.o(i.Error_Handler)
    HAL_DMA_Abort                            0x080005c7   Thumb Code    70  stm32f1xx_hal_dma.o(i.HAL_DMA_Abort)
    HAL_DMA_Abort_IT                         0x0800060d   Thumb Code   148  stm32f1xx_hal_dma.o(i.HAL_DMA_Abort_IT)
    HAL_GPIO_Init                            0x080006a5   Thumb Code   446  stm32f1xx_hal_gpio.o(i.HAL_GPIO_Init)
    HAL_GPIO_TogglePin                       0x08000885   Thumb Code    16  stm32f1xx_hal_gpio.o(i.HAL_GPIO_TogglePin)
    HAL_GPIO_WritePin                        0x08000895   Thumb Code    10  stm32f1xx_hal_gpio.o(i.HAL_GPIO_WritePin)
    HAL_GetTick                              0x080008a1   Thumb Code     6  stm32f1xx_hal.o(i.HAL_GetTick)
    HAL_IncTick                              0x080008ad   Thumb Code    12  stm32f1xx_hal.o(i.HAL_IncTick)
    HAL_Init                                 0x080008bd   Thumb Code    32  stm32f1xx_hal.o(i.HAL_Init)
    HAL_InitTick                             0x080008e1   Thumb Code    54  stm32f1xx_hal.o(i.HAL_InitTick)
    HAL_MspInit                              0x08000921   Thumb Code    62  stm32f1xx_hal_msp.o(i.HAL_MspInit)
    HAL_NVIC_EnableIRQ                       0x08000969   Thumb Code    26  stm32f1xx_hal_cortex.o(i.HAL_NVIC_EnableIRQ)
    HAL_NVIC_SetPriority                     0x08000985   Thumb Code    60  stm32f1xx_hal_cortex.o(i.HAL_NVIC_SetPriority)
    HAL_NVIC_SetPriorityGrouping             0x080009c5   Thumb Code    26  stm32f1xx_hal_cortex.o(i.HAL_NVIC_SetPriorityGrouping)
    HAL_RCC_ClockConfig                      0x080009e9   Thumb Code   280  stm32f1xx_hal_rcc.o(i.HAL_RCC_ClockConfig)
    HAL_RCC_GetPCLK1Freq                     0x08000b15   Thumb Code    20  stm32f1xx_hal_rcc.o(i.HAL_RCC_GetPCLK1Freq)
    HAL_RCC_GetPCLK2Freq                     0x08000b35   Thumb Code    20  stm32f1xx_hal_rcc.o(i.HAL_RCC_GetPCLK2Freq)
    HAL_RCC_GetSysClockFreq                  0x08000b55   Thumb Code    58  stm32f1xx_hal_rcc.o(i.HAL_RCC_GetSysClockFreq)
    HAL_RCC_OscConfig                        0x08000ba1   Thumb Code   778  stm32f1xx_hal_rcc.o(i.HAL_RCC_OscConfig)
    HAL_SYSTICK_Config                       0x08000ec1   Thumb Code    40  stm32f1xx_hal_cortex.o(i.HAL_SYSTICK_Config)
    HAL_UARTEx_RxEventCallback               0x08000ee9   Thumb Code     2  stm32f1xx_hal_uart.o(i.HAL_UARTEx_RxEventCallback)
    HAL_UART_ErrorCallback                   0x08000eeb   Thumb Code     2  stm32f1xx_hal_uart.o(i.HAL_UART_ErrorCallback)
    HAL_UART_IRQHandler                      0x08000eed   Thumb Code   616  stm32f1xx_hal_uart.o(i.HAL_UART_IRQHandler)
    HAL_UART_Init                            0x08001159   Thumb Code   100  stm32f1xx_hal_uart.o(i.HAL_UART_Init)
    HAL_UART_MspInit                         0x080011bd   Thumb Code   282  usart.o(i.HAL_UART_MspInit)
    HAL_UART_Receive_IT                      0x080012f1   Thumb Code    28  stm32f1xx_hal_uart.o(i.HAL_UART_Receive_IT)
    HAL_UART_RxCpltCallback                  0x0800130d   Thumb Code   180  dw_task.o(i.HAL_UART_RxCpltCallback)
    HAL_UART_Transmit                        0x080013d9   Thumb Code   160  stm32f1xx_hal_uart.o(i.HAL_UART_Transmit)
    HAL_UART_TxCpltCallback                  0x08001479   Thumb Code     2  stm32f1xx_hal_uart.o(i.HAL_UART_TxCpltCallback)
    HardFault_Handler                        0x0800147b   Thumb Code     2  stm32f1xx_it.o(i.HardFault_Handler)
    INS_Communication_Callback               0x0800147d   Thumb Code    26  ins_task.o(i.INS_Communication_Callback)
    INS_init                                 0x080014a1   Thumb Code    88  ins_task.o(i.INS_init)
    INS_task                                 0x0800150d   Thumb Code   220  ins_task.o(i.INS_task)
    MX_FREERTOS_Init                         0x08001605   Thumb Code    74  freertos.o(i.MX_FREERTOS_Init)
    MX_GPIO_Init                             0x08001659   Thumb Code   120  gpio.o(i.MX_GPIO_Init)
    MX_USART1_UART_Init                      0x080016d9   Thumb Code    48  usart.o(i.MX_USART1_UART_Init)
    MX_USART2_UART_Init                      0x08001711   Thumb Code    48  usart.o(i.MX_USART2_UART_Init)
    MX_USART3_UART_Init                      0x08001749   Thumb Code    48  usart.o(i.MX_USART3_UART_Init)
    MemManage_Handler                        0x08001781   Thumb Code     2  stm32f1xx_it.o(i.MemManage_Handler)
    NMI_Handler                              0x08001783   Thumb Code     2  stm32f1xx_it.o(i.NMI_Handler)
    StartDefaultTask                         0x080017e1   Thumb Code    26  freertos.o(i.StartDefaultTask)
    SysTick_Handler                          0x08001801   Thumb Code    24  stm32f1xx_it.o(i.SysTick_Handler)
    SystemClock_Config                       0x08001819   Thumb Code    94  main.o(i.SystemClock_Config)
    SystemInit                               0x08001877   Thumb Code     2  system_stm32f1xx.o(i.SystemInit)
    UART_Start_Receive_IT                    0x08001a51   Thumb Code    54  stm32f1xx_hal_uart.o(i.UART_Start_Receive_IT)
    USART1_IRQHandler                        0x08001af9   Thumb Code     6  stm32f1xx_it.o(i.USART1_IRQHandler)
    USART2_IRQHandler                        0x08001b05   Thumb Code     6  stm32f1xx_it.o(i.USART2_IRQHandler)
    USART3_IRQHandler                        0x08001b11   Thumb Code     6  stm32f1xx_it.o(i.USART3_IRQHandler)
    UsageFault_Handler                       0x08001b1d   Thumb Code     2  stm32f1xx_it.o(i.UsageFault_Handler)
    WitDelayMsRegister                       0x08001b21   Thumb Code    16  wit_c_sdk.o(i.WitDelayMsRegister)
    WitInit                                  0x08001b35   Thumb Code    22  wit_c_sdk.o(i.WitInit)
    WitReadReg                               0x08001b51   Thumb Code   304  wit_c_sdk.o(i.WitReadReg)
    WitRegisterCallBack                      0x08001c89   Thumb Code    16  wit_c_sdk.o(i.WitRegisterCallBack)
    WitSerialDataIn                          0x08001c9d   Thumb Code   244  wit_c_sdk.o(i.WitSerialDataIn)
    WitSerialWriteRegister                   0x08001d9d   Thumb Code    16  wit_c_sdk.o(i.WitSerialWriteRegister)
    car_set_line                             0x08001dfd   Thumb Code    28  dw_task.o(i.car_set_line)
    car_set_no_move                          0x08001e1d   Thumb Code    20  dw_task.o(i.car_set_no_move)
    car_set_pos                              0x08001e35   Thumb Code    28  dw_task.o(i.car_set_pos)
    car_start_calibrate                      0x08001e55   Thumb Code    20  dw_task.o(i.car_start_calibrate)
    dw_task                                  0x08001f05   Thumb Code    36  dw_task.o(i.dw_task)
    get_INS_point                            0x08001f35   Thumb Code     4  ins_task.o(i.get_INS_point)
    main                                     0x08001f3d   Thumb Code    34  main.o(i.main)
    osDelay                                  0x08001f6b   Thumb Code    14  cmsis_os.o(i.osDelay)
    osKernelStart                            0x08001f79   Thumb Code    10  cmsis_os.o(i.osKernelStart)
    osThreadCreate                           0x08001f83   Thumb Code    84  cmsis_os.o(i.osThreadCreate)
    pvPortMalloc                             0x08002325   Thumb Code   216  heap_4.o(i.pvPortMalloc)
    pxPortInitialiseStack                    0x08002401   Thumb Code    32  port.o(i.pxPortInitialiseStack)
    serial_screen_call_back                  0x08002425   Thumb Code   202  serial_screen.o(i.serial_screen_call_back)
    serial_screen_init                       0x08002501   Thumb Code    22  serial_screen.o(i.serial_screen_init)
    uxListRemove                             0x08002521   Thumb Code    38  list.o(i.uxListRemove)
    vApplicationGetIdleTaskMemory            0x08002549   Thumb Code    16  freertos.o(i.vApplicationGetIdleTaskMemory)
    vListInitialise                          0x0800255d   Thumb Code    22  list.o(i.vListInitialise)
    vListInitialiseItem                      0x08002573   Thumb Code     6  list.o(i.vListInitialiseItem)
    vListInsert                              0x08002579   Thumb Code    48  list.o(i.vListInsert)
    vListInsertEnd                           0x080025a9   Thumb Code    24  list.o(i.vListInsertEnd)
    vPortEnterCritical                       0x080025c1   Thumb Code    54  port.o(i.vPortEnterCritical)
    vPortExitCritical                        0x08002601   Thumb Code    34  port.o(i.vPortExitCritical)
    vPortFree                                0x08002629   Thumb Code    94  heap_4.o(i.vPortFree)
    vPortSetupTimerInterrupt                 0x0800268d   Thumb Code    32  port.o(i.vPortSetupTimerInterrupt)
    vTaskDelay                               0x080026b1   Thumb Code    66  tasks.o(i.vTaskDelay)
    vTaskStartScheduler                      0x080026fd   Thumb Code    90  tasks.o(i.vTaskStartScheduler)
    vTaskSuspendAll                          0x08002769   Thumb Code    10  tasks.o(i.vTaskSuspendAll)
    vTaskSwitchContext                       0x08002779   Thumb Code    82  tasks.o(i.vTaskSwitchContext)
    xPortStartScheduler                      0x080027d5   Thumb Code   154  port.o(i.xPortStartScheduler)
    xPortSysTickHandler                      0x0800287d   Thumb Code    38  port.o(i.xPortSysTickHandler)
    xTaskCreate                              0x080028a9   Thumb Code    90  tasks.o(i.xTaskCreate)
    xTaskCreateStatic                        0x08002903   Thumb Code    86  tasks.o(i.xTaskCreateStatic)
    xTaskGetSchedulerState                   0x08002959   Thumb Code    22  tasks.o(i.xTaskGetSchedulerState)
    xTaskIncrementTick                       0x08002975   Thumb Code   194  tasks.o(i.xTaskIncrementTick)
    xTaskResumeAll                           0x08002a41   Thumb Code   182  tasks.o(i.xTaskResumeAll)
    __aeabi_fadd                             0x08002b05   Thumb Code     0  faddsub_clz.o(x$fpl$fadd)
    _fadd                                    0x08002b05   Thumb Code   196  faddsub_clz.o(x$fpl$fadd)
    __fpl_fcheck_NaN1                        0x08002bc9   Thumb Code     6  fcheck1.o(x$fpl$fcheck1)
    __aeabi_i2f                              0x08002bd5   Thumb Code     0  fflt_clz.o(x$fpl$fflt)
    _fflt                                    0x08002bd5   Thumb Code    48  fflt_clz.o(x$fpl$fflt)
    __aeabi_fmul                             0x08002c05   Thumb Code     0  fmul.o(x$fpl$fmul)
    _fmul                                    0x08002c05   Thumb Code   258  fmul.o(x$fpl$fmul)
    __fpl_fnaninf                            0x08002d07   Thumb Code   140  fnaninf.o(x$fpl$fnaninf)
    __fpl_fretinf                            0x08002d93   Thumb Code    10  fretinf.o(x$fpl$fretinf)
    __aeabi_fsub                             0x08002d9d   Thumb Code     0  faddsub_clz.o(x$fpl$fsub)
    _fsub                                    0x08002d9d   Thumb Code   234  faddsub_clz.o(x$fpl$fsub)
    __fpl_return_NaN                         0x08002e87   Thumb Code   100  retnan.o(x$fpl$retnan)
    __ARM_scalbnf                            0x08002eeb   Thumb Code    76  scalbnf.o(x$fpl$scalbnf)
    __fpl_cmpreturn                          0x08002f37   Thumb Code    48  trapv.o(x$fpl$trapveneer)
    __I$use$fp                               0x08002f66   Number         0  usenofp.o(x$fpl$usenofp)
    AHBPrescTable                            0x08002fce   Data          16  system_stm32f1xx.o(.constdata)
    APBPrescTable                            0x08002fde   Data           8  system_stm32f1xx.o(.constdata)
    Region$$Table$$Base                      0x08003204   Number         0  anon$$obj.o(Region$$Table)
    Region$$Table$$Limit                     0x08003224   Number         0  anon$$obj.o(Region$$Table)
    defaultTaskHandle                        0x20000000   Data           4  freertos.o(.data)
    dwTaskHandle                             0x20000004   Data           4  freertos.o(.data)
    INSTaskHandle                            0x20000008   Data           4  freertos.o(.data)
    uwTickFreq                               0x2000000c   Data           1  stm32f1xx_hal.o(.data)
    uwTickPrio                               0x20000010   Data           4  stm32f1xx_hal.o(.data)
    uwTick                                   0x20000014   Data           4  stm32f1xx_hal.o(.data)
    SystemCoreClock                          0x20000018   Data           4  system_stm32f1xx.o(.data)
    pxCurrentTCB                             0x2000001c   Data           4  tasks.o(.data)
    ins_receive_buffer                       0x20000088   Data           1  ins_task.o(.data)
    huart1                                   0x2000030c   Data          72  usart.o(.bss)
    huart2                                   0x20000354   Data          72  usart.o(.bss)
    huart3                                   0x2000039c   Data          72  usart.o(.bss)
    dw1000_para                              0x200010d4   Data         180  dw_task.o(.bss)
    dw1000_rx_data                           0x20001188   Data          18  dw_task.o(.bss)
    INS_para                                 0x200011c0   Data          36  ins_task.o(.bss)
    fAcc                                     0x200011e4   Data          12  ins_task.o(.bss)
    fGyro                                    0x200011f0   Data          12  ins_task.o(.bss)
    fAngle                                   0x200011fc   Data          12  ins_task.o(.bss)
    sReg                                     0x20001308   Data         288  wit_c_sdk.o(.bss)
    __libspace_start                         0x20001440   Data          96  libspace.o(.bss)
    __temporary_stack_top$libspace           0x200014a0   Data           0  libspace.o(.bss)



==============================================================================

Memory Map of the image

  Image Entry point : 0x080000ed

  Load Region LR_IROM1 (Base: 0x08000000, Size: 0x000032dc, Max: 0x00010000, ABSOLUTE)

    Execution Region ER_IROM1 (Exec base: 0x08000000, Load base: 0x08000000, Size: 0x00003224, Max: 0x00010000, ABSOLUTE)

    Exec Addr    Load Addr    Size         Type   Attr      Idx    E Section Name        Object

    0x08000000   0x08000000   0x000000ec   Data   RO            3    RESET               startup_stm32f103xb.o
    0x080000ec   0x080000ec   0x00000008   Code   RO         3583  * !!!main             c_w.l(__main.o)
    0x080000f4   0x080000f4   0x00000034   Code   RO         3773    !!!scatter          c_w.l(__scatter.o)
    0x08000128   0x08000128   0x0000001a   Code   RO         3775    !!handler_copy      c_w.l(__scatter_copy.o)
    0x08000142   0x08000142   0x00000002   PAD
    0x08000144   0x08000144   0x0000001c   Code   RO         3777    !!handler_zi        c_w.l(__scatter_zi.o)
    0x08000160   0x08000160   0x00000002   Code   RO         3639    .ARM.Collect$$libinit$$00000000  c_w.l(libinit.o)
    0x08000162   0x08000162   0x00000000   Code   RO         3648    .ARM.Collect$$libinit$$00000002  c_w.l(libinit2.o)
    0x08000162   0x08000162   0x00000000   Code   RO         3650    .ARM.Collect$$libinit$$00000004  c_w.l(libinit2.o)
    0x08000162   0x08000162   0x00000000   Code   RO         3653    .ARM.Collect$$libinit$$0000000A  c_w.l(libinit2.o)
    0x08000162   0x08000162   0x00000000   Code   RO         3655    .ARM.Collect$$libinit$$0000000C  c_w.l(libinit2.o)
    0x08000162   0x08000162   0x00000000   Code   RO         3657    .ARM.Collect$$libinit$$0000000E  c_w.l(libinit2.o)
    0x08000162   0x08000162   0x00000000   Code   RO         3660    .ARM.Collect$$libinit$$00000011  c_w.l(libinit2.o)
    0x08000162   0x08000162   0x00000000   Code   RO         3662    .ARM.Collect$$libinit$$00000013  c_w.l(libinit2.o)
    0x08000162   0x08000162   0x00000000   Code   RO         3664    .ARM.Collect$$libinit$$00000015  c_w.l(libinit2.o)
    0x08000162   0x08000162   0x00000000   Code   RO         3666    .ARM.Collect$$libinit$$00000017  c_w.l(libinit2.o)
    0x08000162   0x08000162   0x00000000   Code   RO         3668    .ARM.Collect$$libinit$$00000019  c_w.l(libinit2.o)
    0x08000162   0x08000162   0x00000000   Code   RO         3670    .ARM.Collect$$libinit$$0000001B  c_w.l(libinit2.o)
    0x08000162   0x08000162   0x00000000   Code   RO         3672    .ARM.Collect$$libinit$$0000001D  c_w.l(libinit2.o)
    0x08000162   0x08000162   0x00000000   Code   RO         3674    .ARM.Collect$$libinit$$0000001F  c_w.l(libinit2.o)
    0x08000162   0x08000162   0x00000000   Code   RO         3676    .ARM.Collect$$libinit$$00000021  c_w.l(libinit2.o)
    0x08000162   0x08000162   0x00000000   Code   RO         3678    .ARM.Collect$$libinit$$00000023  c_w.l(libinit2.o)
    0x08000162   0x08000162   0x00000000   Code   RO         3680    .ARM.Collect$$libinit$$00000025  c_w.l(libinit2.o)
    0x08000162   0x08000162   0x00000000   Code   RO         3684    .ARM.Collect$$libinit$$0000002C  c_w.l(libinit2.o)
    0x08000162   0x08000162   0x00000000   Code   RO         3686    .ARM.Collect$$libinit$$0000002E  c_w.l(libinit2.o)
    0x08000162   0x08000162   0x00000000   Code   RO         3688    .ARM.Collect$$libinit$$00000030  c_w.l(libinit2.o)
    0x08000162   0x08000162   0x00000000   Code   RO         3690    .ARM.Collect$$libinit$$00000032  c_w.l(libinit2.o)
    0x08000162   0x08000162   0x00000002   Code   RO         3691    .ARM.Collect$$libinit$$00000033  c_w.l(libinit2.o)
    0x08000164   0x08000164   0x00000002   Code   RO         3711    .ARM.Collect$$libshutdown$$00000000  c_w.l(libshutdown.o)
    0x08000166   0x08000166   0x00000000   Code   RO         3724    .ARM.Collect$$libshutdown$$00000002  c_w.l(libshutdown2.o)
    0x08000166   0x08000166   0x00000000   Code   RO         3726    .ARM.Collect$$libshutdown$$00000004  c_w.l(libshutdown2.o)
    0x08000166   0x08000166   0x00000000   Code   RO         3728    .ARM.Collect$$libshutdown$$00000006  c_w.l(libshutdown2.o)
    0x08000166   0x08000166   0x00000000   Code   RO         3731    .ARM.Collect$$libshutdown$$00000009  c_w.l(libshutdown2.o)
    0x08000166   0x08000166   0x00000000   Code   RO         3734    .ARM.Collect$$libshutdown$$0000000C  c_w.l(libshutdown2.o)
    0x08000166   0x08000166   0x00000000   Code   RO         3736    .ARM.Collect$$libshutdown$$0000000E  c_w.l(libshutdown2.o)
    0x08000166   0x08000166   0x00000000   Code   RO         3739    .ARM.Collect$$libshutdown$$00000011  c_w.l(libshutdown2.o)
    0x08000166   0x08000166   0x00000002   Code   RO         3740    .ARM.Collect$$libshutdown$$00000012  c_w.l(libshutdown2.o)
    0x08000168   0x08000168   0x00000000   Code   RO         3605    .ARM.Collect$$rtentry$$00000000  c_w.l(__rtentry.o)
    0x08000168   0x08000168   0x00000000   Code   RO         3614    .ARM.Collect$$rtentry$$00000002  c_w.l(__rtentry2.o)
    0x08000168   0x08000168   0x00000006   Code   RO         3626    .ARM.Collect$$rtentry$$00000004  c_w.l(__rtentry4.o)
    0x0800016e   0x0800016e   0x00000000   Code   RO         3616    .ARM.Collect$$rtentry$$00000009  c_w.l(__rtentry2.o)
    0x0800016e   0x0800016e   0x00000004   Code   RO         3617    .ARM.Collect$$rtentry$$0000000A  c_w.l(__rtentry2.o)
    0x08000172   0x08000172   0x00000000   Code   RO         3619    .ARM.Collect$$rtentry$$0000000C  c_w.l(__rtentry2.o)
    0x08000172   0x08000172   0x00000008   Code   RO         3620    .ARM.Collect$$rtentry$$0000000D  c_w.l(__rtentry2.o)
    0x0800017a   0x0800017a   0x00000002   Code   RO         3645    .ARM.Collect$$rtexit$$00000000  c_w.l(rtexit.o)
    0x0800017c   0x0800017c   0x00000000   Code   RO         3693    .ARM.Collect$$rtexit$$00000002  c_w.l(rtexit2.o)
    0x0800017c   0x0800017c   0x00000004   Code   RO         3694    .ARM.Collect$$rtexit$$00000003  c_w.l(rtexit2.o)
    0x08000180   0x08000180   0x00000006   Code   RO         3695    .ARM.Collect$$rtexit$$00000004  c_w.l(rtexit2.o)
    0x08000186   0x08000186   0x00000002   PAD
    0x08000188   0x08000188   0x00000096   Code   RO         3070    .emb_text           port.o
    0x0800021e   0x0800021e   0x00000002   PAD
    0x08000220   0x08000220   0x00000040   Code   RO            4    .text               startup_stm32f103xb.o
    0x08000260   0x08000260   0x0000008a   Code   RO         3571    .text               c_w.l(rt_memcpy_v6.o)
    0x080002ea   0x080002ea   0x00000064   Code   RO         3573    .text               c_w.l(rt_memcpy_w.o)
    0x0800034e   0x0800034e   0x00000044   Code   RO         3577    .text               c_w.l(rt_memclr.o)
    0x08000392   0x08000392   0x0000004e   Code   RO         3579    .text               c_w.l(rt_memclr_w.o)
    0x080003e0   0x080003e0   0x00000006   Code   RO         3581    .text               c_w.l(heapauxi.o)
    0x080003e6   0x080003e6   0x0000004a   Code   RO         3630    .text               c_w.l(sys_stackheap_outer.o)
    0x08000430   0x08000430   0x00000012   Code   RO         3632    .text               c_w.l(exit.o)
    0x08000442   0x08000442   0x00000002   PAD
    0x08000444   0x08000444   0x00000008   Code   RO         3642    .text               c_w.l(libspace.o)
    0x0800044c   0x0800044c   0x0000000c   Code   RO         3703    .text               c_w.l(sys_exit.o)
    0x08000458   0x08000458   0x00000002   Code   RO         3714    .text               c_w.l(use_no_semi.o)
    0x0800045a   0x0800045a   0x00000000   Code   RO         3716    .text               c_w.l(indicate_semi.o)
    0x0800045a   0x0800045a   0x00000002   Code   RO          333    i.BusFault_Handler  stm32f1xx_it.o
    0x0800045c   0x0800045c   0x000000ac   Code   RO         3241    i.CmdProcess        ins_task.o
    0x08000508   0x08000508   0x000000b4   Code   RO         3327    i.CopeWitData       wit_c_sdk.o
    0x080005bc   0x080005bc   0x00000002   Code   RO          334    i.DebugMon_Handler  stm32f1xx_it.o
    0x080005be   0x080005be   0x00000004   Code   RO         3242    i.Delayms           ins_task.o
    0x080005c2   0x080005c2   0x00000004   Code   RO           13    i.Error_Handler     main.o
    0x080005c6   0x080005c6   0x00000046   Code   RO          856    i.HAL_DMA_Abort     stm32f1xx_hal_dma.o
    0x0800060c   0x0800060c   0x00000098   Code   RO          857    i.HAL_DMA_Abort_IT  stm32f1xx_hal_dma.o
    0x080006a4   0x080006a4   0x000001e0   Code   RO          792    i.HAL_GPIO_Init     stm32f1xx_hal_gpio.o
    0x08000884   0x08000884   0x00000010   Code   RO          795    i.HAL_GPIO_TogglePin  stm32f1xx_hal_gpio.o
    0x08000894   0x08000894   0x0000000a   Code   RO          796    i.HAL_GPIO_WritePin  stm32f1xx_hal_gpio.o
    0x0800089e   0x0800089e   0x00000002   PAD
    0x080008a0   0x080008a0   0x0000000c   Code   RO          486    i.HAL_GetTick       stm32f1xx_hal.o
    0x080008ac   0x080008ac   0x00000010   Code   RO          492    i.HAL_IncTick       stm32f1xx_hal.o
    0x080008bc   0x080008bc   0x00000024   Code   RO          493    i.HAL_Init          stm32f1xx_hal.o
    0x080008e0   0x080008e0   0x00000040   Code   RO          494    i.HAL_InitTick      stm32f1xx_hal.o
    0x08000920   0x08000920   0x00000048   Code   RO          415    i.HAL_MspInit       stm32f1xx_hal_msp.o
    0x08000968   0x08000968   0x0000001a   Code   RO          952    i.HAL_NVIC_EnableIRQ  stm32f1xx_hal_cortex.o
    0x08000982   0x08000982   0x00000002   PAD
    0x08000984   0x08000984   0x00000040   Code   RO          958    i.HAL_NVIC_SetPriority  stm32f1xx_hal_cortex.o
    0x080009c4   0x080009c4   0x00000024   Code   RO          959    i.HAL_NVIC_SetPriorityGrouping  stm32f1xx_hal_cortex.o
    0x080009e8   0x080009e8   0x0000012c   Code   RO          650    i.HAL_RCC_ClockConfig  stm32f1xx_hal_rcc.o
    0x08000b14   0x08000b14   0x00000020   Code   RO          657    i.HAL_RCC_GetPCLK1Freq  stm32f1xx_hal_rcc.o
    0x08000b34   0x08000b34   0x00000020   Code   RO          658    i.HAL_RCC_GetPCLK2Freq  stm32f1xx_hal_rcc.o
    0x08000b54   0x08000b54   0x0000004c   Code   RO          659    i.HAL_RCC_GetSysClockFreq  stm32f1xx_hal_rcc.o
    0x08000ba0   0x08000ba0   0x00000320   Code   RO          662    i.HAL_RCC_OscConfig  stm32f1xx_hal_rcc.o
    0x08000ec0   0x08000ec0   0x00000028   Code   RO          963    i.HAL_SYSTICK_Config  stm32f1xx_hal_cortex.o
    0x08000ee8   0x08000ee8   0x00000002   Code   RO         1464    i.HAL_UARTEx_RxEventCallback  stm32f1xx_hal_uart.o
    0x08000eea   0x08000eea   0x00000002   Code   RO         1478    i.HAL_UART_ErrorCallback  stm32f1xx_hal_uart.o
    0x08000eec   0x08000eec   0x0000026c   Code   RO         1481    i.HAL_UART_IRQHandler  stm32f1xx_hal_uart.o
    0x08001158   0x08001158   0x00000064   Code   RO         1482    i.HAL_UART_Init     stm32f1xx_hal_uart.o
    0x080011bc   0x080011bc   0x00000134   Code   RO          280    i.HAL_UART_MspInit  usart.o
    0x080012f0   0x080012f0   0x0000001c   Code   RO         1487    i.HAL_UART_Receive_IT  stm32f1xx_hal_uart.o
    0x0800130c   0x0800130c   0x000000cc   Code   RO         3150    i.HAL_UART_RxCpltCallback  dw_task.o
    0x080013d8   0x080013d8   0x000000a0   Code   RO         1490    i.HAL_UART_Transmit  stm32f1xx_hal_uart.o
    0x08001478   0x08001478   0x00000002   Code   RO         1493    i.HAL_UART_TxCpltCallback  stm32f1xx_hal_uart.o
    0x0800147a   0x0800147a   0x00000002   Code   RO          335    i.HardFault_Handler  stm32f1xx_it.o
    0x0800147c   0x0800147c   0x00000024   Code   RO         3243    i.INS_Communication_Callback  ins_task.o
    0x080014a0   0x080014a0   0x0000006c   Code   RO         3244    i.INS_init          ins_task.o
    0x0800150c   0x0800150c   0x000000f8   Code   RO         3245    i.INS_task          ins_task.o
    0x08001604   0x08001604   0x00000054   Code   RO          227    i.MX_FREERTOS_Init  freertos.o
    0x08001658   0x08001658   0x00000080   Code   RO          203    i.MX_GPIO_Init      gpio.o
    0x080016d8   0x080016d8   0x00000038   Code   RO          281    i.MX_USART1_UART_Init  usart.o
    0x08001710   0x08001710   0x00000038   Code   RO          282    i.MX_USART2_UART_Init  usart.o
    0x08001748   0x08001748   0x00000038   Code   RO          283    i.MX_USART3_UART_Init  usart.o
    0x08001780   0x08001780   0x00000002   Code   RO          336    i.MemManage_Handler  stm32f1xx_it.o
    0x08001782   0x08001782   0x00000002   Code   RO          337    i.NMI_Handler       stm32f1xx_it.o
    0x08001784   0x08001784   0x0000004c   Code   RO         3246    i.SensorDataUpdata  ins_task.o
    0x080017d0   0x080017d0   0x00000010   Code   RO         3247    i.SensorUartSend    ins_task.o
    0x080017e0   0x080017e0   0x00000020   Code   RO          228    i.StartDefaultTask  freertos.o
    0x08001800   0x08001800   0x00000018   Code   RO          338    i.SysTick_Handler   stm32f1xx_it.o
    0x08001818   0x08001818   0x0000005e   Code   RO           14    i.SystemClock_Config  main.o
    0x08001876   0x08001876   0x00000002   Code   RO         1816    i.SystemInit        system_stm32f1xx.o
    0x08001878   0x08001878   0x00000010   Code   RO         1495    i.UART_DMAAbortOnError  stm32f1xx_hal_uart.o
    0x08001888   0x08001888   0x0000004e   Code   RO         1505    i.UART_EndRxTransfer  stm32f1xx_hal_uart.o
    0x080018d6   0x080018d6   0x000000c2   Code   RO         1507    i.UART_Receive_IT   stm32f1xx_hal_uart.o
    0x08001998   0x08001998   0x000000b8   Code   RO         1508    i.UART_SetConfig    stm32f1xx_hal_uart.o
    0x08001a50   0x08001a50   0x00000036   Code   RO         1510    i.UART_Start_Receive_IT  stm32f1xx_hal_uart.o
    0x08001a86   0x08001a86   0x00000072   Code   RO         1511    i.UART_WaitOnFlagUntilTimeout  stm32f1xx_hal_uart.o
    0x08001af8   0x08001af8   0x0000000c   Code   RO          339    i.USART1_IRQHandler  stm32f1xx_it.o
    0x08001b04   0x08001b04   0x0000000c   Code   RO          340    i.USART2_IRQHandler  stm32f1xx_it.o
    0x08001b10   0x08001b10   0x0000000c   Code   RO          341    i.USART3_IRQHandler  stm32f1xx_it.o
    0x08001b1c   0x08001b1c   0x00000002   Code   RO          342    i.UsageFault_Handler  stm32f1xx_it.o
    0x08001b1e   0x08001b1e   0x00000002   PAD
    0x08001b20   0x08001b20   0x00000014   Code   RO         3332    i.WitDelayMsRegister  wit_c_sdk.o
    0x08001b34   0x08001b34   0x0000001c   Code   RO         3334    i.WitInit           wit_c_sdk.o
    0x08001b50   0x08001b50   0x00000138   Code   RO         3335    i.WitReadReg        wit_c_sdk.o
    0x08001c88   0x08001c88   0x00000014   Code   RO         3336    i.WitRegisterCallBack  wit_c_sdk.o
    0x08001c9c   0x08001c9c   0x00000100   Code   RO         3338    i.WitSerialDataIn   wit_c_sdk.o
    0x08001d9c   0x08001d9c   0x00000014   Code   RO         3339    i.WitSerialWriteRegister  wit_c_sdk.o
    0x08001db0   0x08001db0   0x0000002c   Code   RO         3351    i.__CRC16           wit_c_sdk.o
    0x08001ddc   0x08001ddc   0x00000020   Code   RO          965    i.__NVIC_SetPriority  stm32f1xx_hal_cortex.o
    0x08001dfc   0x08001dfc   0x00000020   Code   RO         3151    i.car_set_line      dw_task.o
    0x08001e1c   0x08001e1c   0x00000018   Code   RO         3152    i.car_set_no_move   dw_task.o
    0x08001e34   0x08001e34   0x00000020   Code   RO         3153    i.car_set_pos       dw_task.o
    0x08001e54   0x08001e54   0x00000018   Code   RO         3154    i.car_start_calibrate  dw_task.o
    0x08001e6c   0x08001e6c   0x00000098   Code   RO         3156    i.dw1000_send_data  dw_task.o
    0x08001f04   0x08001f04   0x00000030   Code   RO         3157    i.dw_task           dw_task.o
    0x08001f34   0x08001f34   0x00000008   Code   RO         3248    i.get_INS_point     ins_task.o
    0x08001f3c   0x08001f3c   0x00000022   Code   RO           15    i.main              main.o
    0x08001f5e   0x08001f5e   0x0000000c   Code   RO         2636    i.makeFreeRtosPriority  cmsis_os.o
    0x08001f6a   0x08001f6a   0x0000000e   Code   RO         2638    i.osDelay           cmsis_os.o
    0x08001f78   0x08001f78   0x0000000a   Code   RO         2641    i.osKernelStart     cmsis_os.o
    0x08001f82   0x08001f82   0x00000054   Code   RO         2675    i.osThreadCreate    cmsis_os.o
    0x08001fd6   0x08001fd6   0x00000002   PAD
    0x08001fd8   0x08001fd8   0x00000070   Code   RO         2318    i.prvAddCurrentTaskToDelayedList  tasks.o
    0x08002048   0x08002048   0x000000d0   Code   RO         2319    i.prvAddNewTaskToReadyList  tasks.o
    0x08002118   0x08002118   0x00000034   Code   RO         2320    i.prvDeleteTCB      tasks.o
    0x0800214c   0x0800214c   0x0000004c   Code   RO         3003    i.prvHeapInit       heap_4.o
    0x08002198   0x08002198   0x00000060   Code   RO         2321    i.prvIdleTask       tasks.o
    0x080021f8   0x080021f8   0x00000098   Code   RO         2322    i.prvInitialiseNewTask  tasks.o
    0x08002290   0x08002290   0x0000004c   Code   RO         3004    i.prvInsertBlockIntoFreeList  heap_4.o
    0x080022dc   0x080022dc   0x00000020   Code   RO         2323    i.prvResetNextTaskUnblockTime  tasks.o
    0x080022fc   0x080022fc   0x00000028   Code   RO         3071    i.prvTaskExitError  port.o
    0x08002324   0x08002324   0x000000dc   Code   RO         3005    i.pvPortMalloc      heap_4.o
    0x08002400   0x08002400   0x00000024   Code   RO         3072    i.pxPortInitialiseStack  port.o
    0x08002424   0x08002424   0x000000dc   Code   RO         3537    i.serial_screen_call_back  serial_screen.o
    0x08002500   0x08002500   0x00000020   Code   RO         3538    i.serial_screen_init  serial_screen.o
    0x08002520   0x08002520   0x00000026   Code   RO         1954    i.uxListRemove      list.o
    0x08002546   0x08002546   0x00000002   PAD
    0x08002548   0x08002548   0x00000014   Code   RO          229    i.vApplicationGetIdleTaskMemory  freertos.o
    0x0800255c   0x0800255c   0x00000016   Code   RO         1955    i.vListInitialise   list.o
    0x08002572   0x08002572   0x00000006   Code   RO         1956    i.vListInitialiseItem  list.o
    0x08002578   0x08002578   0x00000030   Code   RO         1957    i.vListInsert       list.o
    0x080025a8   0x080025a8   0x00000018   Code   RO         1958    i.vListInsertEnd    list.o
    0x080025c0   0x080025c0   0x00000040   Code   RO         3074    i.vPortEnterCritical  port.o
    0x08002600   0x08002600   0x00000028   Code   RO         3075    i.vPortExitCritical  port.o
    0x08002628   0x08002628   0x00000064   Code   RO         3006    i.vPortFree         heap_4.o
    0x0800268c   0x0800268c   0x00000024   Code   RO         3076    i.vPortSetupTimerInterrupt  port.o
    0x080026b0   0x080026b0   0x0000004c   Code   RO         2332    i.vTaskDelay        tasks.o
    0x080026fc   0x080026fc   0x0000006c   Code   RO         2345    i.vTaskStartScheduler  tasks.o
    0x08002768   0x08002768   0x00000010   Code   RO         2347    i.vTaskSuspendAll   tasks.o
    0x08002778   0x08002778   0x0000005c   Code   RO         2348    i.vTaskSwitchContext  tasks.o
    0x080027d4   0x080027d4   0x000000a8   Code   RO         3078    i.xPortStartScheduler  port.o
    0x0800287c   0x0800287c   0x0000002c   Code   RO         3079    i.xPortSysTickHandler  port.o
    0x080028a8   0x080028a8   0x0000005a   Code   RO         2351    i.xTaskCreate       tasks.o
    0x08002902   0x08002902   0x00000056   Code   RO         2352    i.xTaskCreateStatic  tasks.o
    0x08002958   0x08002958   0x0000001c   Code   RO         2356    i.xTaskGetSchedulerState  tasks.o
    0x08002974   0x08002974   0x000000cc   Code   RO         2359    i.xTaskIncrementTick  tasks.o
    0x08002a40   0x08002a40   0x000000c4   Code   RO         2365    i.xTaskResumeAll    tasks.o
    0x08002b04   0x08002b04   0x000000c4   Code   RO         3585    x$fpl$fadd          fz_ws.l(faddsub_clz.o)
    0x08002bc8   0x08002bc8   0x0000000c   Code   RO         3606    x$fpl$fcheck1       fz_ws.l(fcheck1.o)
    0x08002bd4   0x08002bd4   0x00000030   Code   RO         3596    x$fpl$fflt          fz_ws.l(fflt_clz.o)
    0x08002c04   0x08002c04   0x00000102   Code   RO         3601    x$fpl$fmul          fz_ws.l(fmul.o)
    0x08002d06   0x08002d06   0x0000008c   Code   RO         3608    x$fpl$fnaninf       fz_ws.l(fnaninf.o)
    0x08002d92   0x08002d92   0x0000000a   Code   RO         3610    x$fpl$fretinf       fz_ws.l(fretinf.o)
    0x08002d9c   0x08002d9c   0x000000ea   Code   RO         3587    x$fpl$fsub          fz_ws.l(faddsub_clz.o)
    0x08002e86   0x08002e86   0x00000064   Code   RO         3628    x$fpl$retnan        fz_ws.l(retnan.o)
    0x08002eea   0x08002eea   0x0000004c   Code   RO         3603    x$fpl$scalbnf       fz_ws.l(scalbnf.o)
    0x08002f36   0x08002f36   0x00000030   Code   RO         3640    x$fpl$trapveneer    fz_ws.l(trapv.o)
    0x08002f66   0x08002f66   0x00000000   Code   RO         3612    x$fpl$usenofp       fz_ws.l(usenofp.o)
    0x08002f66   0x08002f66   0x00000002   PAD
    0x08002f68   0x08002f68   0x00000054   Data   RO          231    .constdata          freertos.o
    0x08002fbc   0x08002fbc   0x00000012   Data   RO          663    .constdata          stm32f1xx_hal_rcc.o
    0x08002fce   0x08002fce   0x00000010   Data   RO         1817    .constdata          system_stm32f1xx.o
    0x08002fde   0x08002fde   0x00000008   Data   RO         1818    .constdata          system_stm32f1xx.o
    0x08002fe6   0x08002fe6   0x00000200   Data   RO         3353    .constdata          wit_c_sdk.o
    0x080031e6   0x080031e6   0x00000002   PAD
    0x080031e8   0x080031e8   0x0000001b   Data   RO          232    .conststring        freertos.o
    0x08003203   0x08003203   0x00000001   PAD
    0x08003204   0x08003204   0x00000020   Data   RO         3771    Region$$Table       anon$$obj.o


    Execution Region RW_IRAM1 (Exec base: 0x20000000, Load base: 0x08003224, Size: 0x00001aa0, Max: 0x00005000, ABSOLUTE)

    Exec Addr    Load Addr    Size         Type   Attr      Idx    E Section Name        Object

    0x20000000   0x08003224   0x0000000c   Data   RW          233    .data               freertos.o
    0x2000000c   0x08003230   0x0000000c   Data   RW          500    .data               stm32f1xx_hal.o
    0x20000018   0x0800323c   0x00000004   Data   RW         1819    .data               system_stm32f1xx.o
    0x2000001c   0x08003240   0x0000003c   Data   RW         2368    .data               tasks.o
    0x20000058   0x0800327c   0x00000020   Data   RW         3012    .data               heap_4.o
    0x20000078   0x0800329c   0x0000000c   Data   RW         3080    .data               port.o
    0x20000084   0x080032a8   0x00000003   Data   RW         3160    .data               dw_task.o
    0x20000087   0x080032ab   0x00000002   Data   RW         3252    .data               ins_task.o
    0x20000089   0x080032ad   0x00000003   PAD
    0x2000008c   0x080032b0   0x00000028   Data   RW         3354    .data               wit_c_sdk.o
    0x200000b4   0x080032d8   0x00000003   Data   RW         3540    .data               serial_screen.o
    0x200000b7   0x080032db   0x00000001   PAD
    0x200000b8        -       0x00000254   Zero   RW          230    .bss                freertos.o
    0x2000030c        -       0x000000d8   Zero   RW          284    .bss                usart.o
    0x200003e4        -       0x000000f0   Zero   RW         2367    .bss                tasks.o
    0x200004d4        -       0x00000c00   Zero   RW         3011    .bss                heap_4.o
    0x200010d4        -       0x000000e9   Zero   RW         3159    .bss                dw_task.o
    0x200011bd   0x080032db   0x00000003   PAD
    0x200011c0        -       0x00000048   Zero   RW         3250    .bss                ins_task.o
    0x20001208        -       0x00000220   Zero   RW         3352    .bss                wit_c_sdk.o
    0x20001428        -       0x00000018   Zero   RW         3539    .bss                serial_screen.o
    0x20001440        -       0x00000060   Zero   RW         3643    .bss                c_w.l(libspace.o)
    0x200014a0        -       0x00000200   Zero   RW            2    HEAP                startup_stm32f103xb.o
    0x200016a0        -       0x00000400   Zero   RW            1    STACK               startup_stm32f103xb.o


==============================================================================

Image component sizes


      Code (inc. data)   RO Data    RW Data    ZI Data      Debug   Object Name

       120          0          0          0          0      23113   cmsis_os.o
       516         66          0          3        233       6702   dw_task.o
         0          0          0          0          0      16908   event_groups.o
       136         20        111         12        596       2647   freertos.o
       128          8          0          0          0        923   gpio.o
       472         24          0         32       3072       7227   heap_4.o
       668         90          0          2         72       5141   ins_task.o
       138          0          0          0          0       3314   list.o
       132          0          0          0          0     427376   main.o
       578         60          0         12          0      10088   port.o
       252         28          0          3         24       1755   serial_screen.o
        64         26        236          0       1536        796   startup_stm32f103xb.o
       128         24          0         12          0       5193   stm32f1xx_hal.o
       198         14          0          0          0      28859   stm32f1xx_hal_cortex.o
       222          4          0          0          0       1723   stm32f1xx_hal_dma.o
       506         34          0          0          0       3441   stm32f1xx_hal_gpio.o
        72         10          0          0          0        842   stm32f1xx_hal_msp.o
      1240         84         18          0          0       5020   stm32f1xx_hal_rcc.o
      1554         10          0          0          0      10752   stm32f1xx_hal_uart.o
        72         18          0          0          0       4247   stm32f1xx_it.o
         0          0          0          0          0        404   stream_buffer.o
         2          0         24          4          0       1071   system_stm32f1xx.o
      1548        118          0         60        240      19415   tasks.o
       476         50          0          0        216       2948   usart.o
       880         84        512         40        544      11981   wit_c_sdk.o

    ----------------------------------------------------------------------
     10114        772        936        184       6536     601886   Object Totals
         0          0         32          0          0          0   (incl. Generated)
        12          0          3          4          3          0   (incl. Padding)

    ----------------------------------------------------------------------

      Code (inc. data)   RO Data    RW Data    ZI Data      Debug   Library Member Name

         8          0          0          0          0         68   __main.o
         0          0          0          0          0          0   __rtentry.o
        12          0          0          0          0          0   __rtentry2.o
         6          0          0          0          0          0   __rtentry4.o
        52          8          0          0          0          0   __scatter.o
        26          0          0          0          0          0   __scatter_copy.o
        28          0          0          0          0          0   __scatter_zi.o
        18          0          0          0          0         80   exit.o
         6          0          0          0          0        152   heapauxi.o
         0          0          0          0          0          0   indicate_semi.o
         2          0          0          0          0          0   libinit.o
         2          0          0          0          0          0   libinit2.o
         2          0          0          0          0          0   libshutdown.o
         2          0          0          0          0          0   libshutdown2.o
         8          4          0          0         96         68   libspace.o
        68          0          0          0          0         68   rt_memclr.o
        78          0          0          0          0         80   rt_memclr_w.o
       138          0          0          0          0         68   rt_memcpy_v6.o
       100          0          0          0          0         80   rt_memcpy_w.o
         2          0          0          0          0          0   rtexit.o
        10          0          0          0          0          0   rtexit2.o
        12          4          0          0          0         68   sys_exit.o
        74          0          0          0          0         80   sys_stackheap_outer.o
         2          0          0          0          0         68   use_no_semi.o
       430          8          0          0          0        168   faddsub_clz.o
        12          4          0          0          0         68   fcheck1.o
        48          0          0          0          0         68   fflt_clz.o
       258          4          0          0          0         84   fmul.o
       140          4          0          0          0         84   fnaninf.o
        10          0          0          0          0         68   fretinf.o
       100          0          0          0          0         68   retnan.o
        76          0          0          0          0         68   scalbnf.o
        48          0          0          0          0         68   trapv.o
         0          0          0          0          0          0   usenofp.o

    ----------------------------------------------------------------------
      1786         36          0          0         96       1624   Library Totals
         8          0          0          0          0          0   (incl. Padding)

    ----------------------------------------------------------------------

      Code (inc. data)   RO Data    RW Data    ZI Data      Debug   Library Name

       656         16          0          0         96        880   c_w.l
      1122         20          0          0          0        744   fz_ws.l

    ----------------------------------------------------------------------
      1786         36          0          0         96       1624   Library Totals

    ----------------------------------------------------------------------

==============================================================================


      Code (inc. data)   RO Data    RW Data    ZI Data      Debug   

     11900        808        936        184       6632     596850   Grand Totals
     11900        808        936        184       6632     596850   ELF Image Totals
     11900        808        936        184          0          0   ROM Totals

==============================================================================

    Total RO  Size (Code + RO Data)                12836 (  12.54kB)
    Total RW  Size (RW Data + ZI Data)              6816 (   6.66kB)
    Total ROM Size (Code + RO Data + RW Data)      13020 (  12.71kB)

==============================================================================

